Archive member included to satisfy reference by file (symbol)

/home/pandu/Desktop/DigitalLogicDesign/Lab/03-finishingup/makestuff/libs/libdump/lin.x64/rel/libdump.a(libdump.o)
                              lin.x64/rel/.build/main.o (dump)
/usr/lib/x86_64-linux-gnu/libc_nonshared.a(elf-init.oS)
                              /usr/lib/gcc/x86_64-linux-gnu/4.8/../../../x86_64-linux-gnu/crt1.o (__libc_csu_init)

As-needed library included to satisfy reference by file (symbol)

libbuffer.so                  lin.x64/rel/.build/main.o (bufInitialise)
libfpgalink.so                lin.x64/rel/.build/main.o (flSaveFirmware)
liberror.so                   lin.x64/rel/.build/main.o (errPrefix)
libargtable2.so               lin.x64/rel/.build/main.o (arg_print_glossary)
libreadline.so.6              lin.x64/rel/.build/main.o (readline)

Allocating common symbols
Common symbol       size              file

dataFromCSV         0x186a50          lin.x64/rel/.build/main.o

Discarded input sections

 .rodata.cst4   0x0000000000000000        0x4 /usr/lib/gcc/x86_64-linux-gnu/4.8/../../../x86_64-linux-gnu/crt1.o
 .data          0x0000000000000000        0x4 /usr/lib/gcc/x86_64-linux-gnu/4.8/../../../x86_64-linux-gnu/crt1.o
 .bss           0x0000000000000000        0x0 /usr/lib/gcc/x86_64-linux-gnu/4.8/../../../x86_64-linux-gnu/crt1.o
 .note.GNU-stack
                0x0000000000000000        0x0 /usr/lib/gcc/x86_64-linux-gnu/4.8/../../../x86_64-linux-gnu/crt1.o
 .gnu_debuglink
                0x0000000000000000        0xc /usr/lib/gcc/x86_64-linux-gnu/4.8/../../../x86_64-linux-gnu/crt1.o
 .text          0x0000000000000000        0x0 /usr/lib/gcc/x86_64-linux-gnu/4.8/../../../x86_64-linux-gnu/crti.o
 .data          0x0000000000000000        0x0 /usr/lib/gcc/x86_64-linux-gnu/4.8/../../../x86_64-linux-gnu/crti.o
 .bss           0x0000000000000000        0x0 /usr/lib/gcc/x86_64-linux-gnu/4.8/../../../x86_64-linux-gnu/crti.o
 .note.GNU-stack
                0x0000000000000000        0x0 /usr/lib/gcc/x86_64-linux-gnu/4.8/../../../x86_64-linux-gnu/crti.o
 .gnu_debuglink
                0x0000000000000000        0xc /usr/lib/gcc/x86_64-linux-gnu/4.8/../../../x86_64-linux-gnu/crti.o
 .data          0x0000000000000000        0x8 /usr/lib/gcc/x86_64-linux-gnu/4.8/crtbegin.o
 .note.GNU-stack
                0x0000000000000000        0x0 /usr/lib/gcc/x86_64-linux-gnu/4.8/crtbegin.o
 .data          0x0000000000000000        0x0 lin.x64/rel/.build/main.o
 .note.GNU-stack
                0x0000000000000000        0x0 lin.x64/rel/.build/main.o
 .data          0x0000000000000000        0x0 lin.x64/rel/.build/sig.o
 .note.GNU-stack
                0x0000000000000000        0x0 lin.x64/rel/.build/sig.o
 .data          0x0000000000000000        0x0 /home/pandu/Desktop/DigitalLogicDesign/Lab/03-finishingup/makestuff/libs/libdump/lin.x64/rel/libdump.a(libdump.o)
 .bss           0x0000000000000000        0x0 /home/pandu/Desktop/DigitalLogicDesign/Lab/03-finishingup/makestuff/libs/libdump/lin.x64/rel/libdump.a(libdump.o)
 .note.GNU-stack
                0x0000000000000000        0x0 /home/pandu/Desktop/DigitalLogicDesign/Lab/03-finishingup/makestuff/libs/libdump/lin.x64/rel/libdump.a(libdump.o)
 .data          0x0000000000000000        0x0 /usr/lib/x86_64-linux-gnu/libc_nonshared.a(elf-init.oS)
 .bss           0x0000000000000000        0x0 /usr/lib/x86_64-linux-gnu/libc_nonshared.a(elf-init.oS)
 .note.GNU-stack
                0x0000000000000000        0x0 /usr/lib/x86_64-linux-gnu/libc_nonshared.a(elf-init.oS)
 .text          0x0000000000000000        0x0 /usr/lib/gcc/x86_64-linux-gnu/4.8/crtend.o
 .data          0x0000000000000000        0x0 /usr/lib/gcc/x86_64-linux-gnu/4.8/crtend.o
 .bss           0x0000000000000000        0x0 /usr/lib/gcc/x86_64-linux-gnu/4.8/crtend.o
 .note.GNU-stack
                0x0000000000000000        0x0 /usr/lib/gcc/x86_64-linux-gnu/4.8/crtend.o
 .text          0x0000000000000000        0x0 /usr/lib/gcc/x86_64-linux-gnu/4.8/../../../x86_64-linux-gnu/crtn.o
 .data          0x0000000000000000        0x0 /usr/lib/gcc/x86_64-linux-gnu/4.8/../../../x86_64-linux-gnu/crtn.o
 .bss           0x0000000000000000        0x0 /usr/lib/gcc/x86_64-linux-gnu/4.8/../../../x86_64-linux-gnu/crtn.o
 .note.GNU-stack
                0x0000000000000000        0x0 /usr/lib/gcc/x86_64-linux-gnu/4.8/../../../x86_64-linux-gnu/crtn.o
 .gnu_debuglink
                0x0000000000000000        0xc /usr/lib/gcc/x86_64-linux-gnu/4.8/../../../x86_64-linux-gnu/crtn.o

Memory Configuration

Name             Origin             Length             Attributes
*default*        0x0000000000000000 0xffffffffffffffff

Linker script and memory map

LOAD /usr/lib/gcc/x86_64-linux-gnu/4.8/../../../x86_64-linux-gnu/crt1.o
LOAD /usr/lib/gcc/x86_64-linux-gnu/4.8/../../../x86_64-linux-gnu/crti.o
LOAD /usr/lib/gcc/x86_64-linux-gnu/4.8/crtbegin.o
LOAD lin.x64/rel/.build/main.o
LOAD lin.x64/rel/.build/sig.o
LOAD /home/pandu/Desktop/DigitalLogicDesign/Lab/03-finishingup/makestuff/libs/libbuffer/lin.x64/rel/libbuffer.so
LOAD /home/pandu/Desktop/DigitalLogicDesign/Lab/03-finishingup/makestuff/libs/libfpgalink/lin.x64/rel/libfpgalink.so
LOAD /home/pandu/Desktop/DigitalLogicDesign/Lab/03-finishingup/makestuff/libs/libbuffer/lin.x64/rel/liberror.so
LOAD /home/pandu/Desktop/DigitalLogicDesign/Lab/03-finishingup/makestuff/libs/libdump/lin.x64/rel/libdump.a
LOAD /home/pandu/Desktop/DigitalLogicDesign/Lab/03-finishingup/makestuff/libs/libargtable2/lin.x64/rel/libargtable2.so
LOAD /usr/lib/gcc/x86_64-linux-gnu/4.8/../../../x86_64-linux-gnu/libreadline.so
LOAD /usr/lib/gcc/x86_64-linux-gnu/4.8/libgcc.a
LOAD /usr/lib/gcc/x86_64-linux-gnu/4.8/libgcc_s.so
LOAD /usr/lib/gcc/x86_64-linux-gnu/4.8/../../../x86_64-linux-gnu/libc.so
START GROUP
LOAD /lib/x86_64-linux-gnu/libc.so.6
LOAD /usr/lib/x86_64-linux-gnu/libc_nonshared.a
LOAD /lib/x86_64-linux-gnu/ld-linux-x86-64.so.2
END GROUP
LOAD /usr/lib/gcc/x86_64-linux-gnu/4.8/libgcc.a
LOAD /usr/lib/gcc/x86_64-linux-gnu/4.8/libgcc_s.so
LOAD /usr/lib/gcc/x86_64-linux-gnu/4.8/crtend.o
LOAD /usr/lib/gcc/x86_64-linux-gnu/4.8/../../../x86_64-linux-gnu/crtn.o
                0x0000000000400000                PROVIDE (__executable_start, 0x400000)
                0x0000000000400238                . = (0x400000 + SIZEOF_HEADERS)

.interp         0x0000000000400238       0x1c
 *(.interp)
 .interp        0x0000000000400238       0x1c /usr/lib/gcc/x86_64-linux-gnu/4.8/../../../x86_64-linux-gnu/crt1.o

.note.ABI-tag   0x0000000000400254       0x20
 .note.ABI-tag  0x0000000000400254       0x20 /usr/lib/gcc/x86_64-linux-gnu/4.8/../../../x86_64-linux-gnu/crt1.o

.note.gnu.build-id
                0x0000000000400274       0x24
 *(.note.gnu.build-id)
 .note.gnu.build-id
                0x0000000000400274       0x24 /usr/lib/gcc/x86_64-linux-gnu/4.8/../../../x86_64-linux-gnu/crt1.o

.hash
 *(.hash)

.gnu.hash       0x0000000000400298       0x34
 *(.gnu.hash)
 .gnu.hash      0x0000000000400298       0x34 /usr/lib/gcc/x86_64-linux-gnu/4.8/../../../x86_64-linux-gnu/crt1.o

.dynsym         0x00000000004002d0      0x720
 *(.dynsym)
 .dynsym        0x00000000004002d0      0x720 /usr/lib/gcc/x86_64-linux-gnu/4.8/../../../x86_64-linux-gnu/crt1.o

.dynstr         0x00000000004009f0      0x45d
 *(.dynstr)
 .dynstr        0x00000000004009f0      0x45d /usr/lib/gcc/x86_64-linux-gnu/4.8/../../../x86_64-linux-gnu/crt1.o

.gnu.version    0x0000000000400e4e       0x98
 *(.gnu.version)
 .gnu.version   0x0000000000400e4e       0x98 /usr/lib/gcc/x86_64-linux-gnu/4.8/../../../x86_64-linux-gnu/crt1.o

.gnu.version_d  0x0000000000400ee8        0x0
 *(.gnu.version_d)
 .gnu.version_d
                0x0000000000000000        0x0 /usr/lib/gcc/x86_64-linux-gnu/4.8/../../../x86_64-linux-gnu/crt1.o

.gnu.version_r  0x0000000000400ee8       0x40
 *(.gnu.version_r)
 .gnu.version_r
                0x0000000000400ee8       0x40 /usr/lib/gcc/x86_64-linux-gnu/4.8/../../../x86_64-linux-gnu/crt1.o

.rela.dyn       0x0000000000400f28       0x48
 *(.rela.init)
 *(.rela.text .rela.text.* .rela.gnu.linkonce.t.*)
 .rela.text     0x0000000000000000        0x0 /usr/lib/gcc/x86_64-linux-gnu/4.8/../../../x86_64-linux-gnu/crt1.o
 .rela.text.unlikely
                0x0000000000000000        0x0 /usr/lib/gcc/x86_64-linux-gnu/4.8/../../../x86_64-linux-gnu/crt1.o
 .rela.text.startup
                0x0000000000000000        0x0 /usr/lib/gcc/x86_64-linux-gnu/4.8/../../../x86_64-linux-gnu/crt1.o
 *(.rela.fini)
 *(.rela.rodata .rela.rodata.* .rela.gnu.linkonce.r.*)
 *(.rela.data .rela.data.* .rela.gnu.linkonce.d.*)
 *(.rela.tdata .rela.tdata.* .rela.gnu.linkonce.td.*)
 *(.rela.tbss .rela.tbss.* .rela.gnu.linkonce.tb.*)
 *(.rela.ctors)
 *(.rela.dtors)
 *(.rela.got)
 .rela.got      0x0000000000400f28       0x18 /usr/lib/gcc/x86_64-linux-gnu/4.8/../../../x86_64-linux-gnu/crt1.o
 *(.rela.bss .rela.bss.* .rela.gnu.linkonce.b.*)
 .rela.bss      0x0000000000400f40       0x30 /usr/lib/gcc/x86_64-linux-gnu/4.8/../../../x86_64-linux-gnu/crt1.o
 *(.rela.ldata .rela.ldata.* .rela.gnu.linkonce.l.*)
 *(.rela.lbss .rela.lbss.* .rela.gnu.linkonce.lb.*)
 *(.rela.lrodata .rela.lrodata.* .rela.gnu.linkonce.lr.*)
 *(.rela.ifunc)

.rela.plt       0x0000000000400f70      0x618
 *(.rela.plt)
 .rela.plt      0x0000000000400f70      0x618 /usr/lib/gcc/x86_64-linux-gnu/4.8/../../../x86_64-linux-gnu/crt1.o
                0x0000000000401588                PROVIDE (__rela_iplt_start, .)
 *(.rela.iplt)
 .rela.iplt     0x0000000000000000        0x0 /usr/lib/gcc/x86_64-linux-gnu/4.8/../../../x86_64-linux-gnu/crt1.o
                0x0000000000401588                PROVIDE (__rela_iplt_end, .)

.init           0x0000000000401588       0x1a
 *(SORT(.init))
 .init          0x0000000000401588       0x15 /usr/lib/gcc/x86_64-linux-gnu/4.8/../../../x86_64-linux-gnu/crti.o
                0x0000000000401588                _init
 .init          0x000000000040159d        0x5 /usr/lib/gcc/x86_64-linux-gnu/4.8/../../../x86_64-linux-gnu/crtn.o

.plt            0x00000000004015b0      0x420
 *(.plt)
 .plt           0x00000000004015b0      0x420 /usr/lib/gcc/x86_64-linux-gnu/4.8/../../../x86_64-linux-gnu/crt1.o
                0x00000000004015c0                flGetFirmwareVersion
                0x00000000004015d0                flFlashCustomFirmware
                0x00000000004015e0                free@@GLIBC_2.2.5
                0x00000000004015f0                flGetFirmwareID
                0x0000000000401600                arg_lit0
                0x0000000000401610                arg_parse
                0x0000000000401620                flLoadStandardFirmware
                0x0000000000401630                __errno_location@@GLIBC_2.2.5
                0x0000000000401640                arg_print_syntax
                0x0000000000401650                strncpy@@GLIBC_2.2.5
                0x0000000000401660                arg_uint0
                0x0000000000401670                arg_str0
                0x0000000000401680                sigaction@@GLIBC_2.2.5
                0x0000000000401690                fread@@GLIBC_2.2.5
                0x00000000004016a0                flSelectConduit
                0x00000000004016b0                add_history
                0x00000000004016c0                fclose@@GLIBC_2.2.5
                0x00000000004016d0                flSaveFirmware
                0x00000000004016e0                arg_end
                0x00000000004016f0                __stack_chk_fail@@GLIBC_2.4
                0x0000000000401700                gettimeofday@@GLIBC_2.2.5
                0x0000000000401710                readline
                0x0000000000401720                flMultiBitPortAccess
                0x0000000000401730                jtagScanChain
                0x0000000000401740                flOpen
                0x0000000000401750                arg_print_glossary
                0x0000000000401760                flIsFPGARunning
                0x0000000000401770                __libc_start_main@@GLIBC_2.2.5
                0x0000000000401780                __getdelim@@GLIBC_2.2.5
                0x0000000000401790                flIsNeroCapable
                0x00000000004017a0                sigemptyset@@GLIBC_2.2.5
                0x00000000004017c0                flAwaitAsyncWrites
                0x00000000004017d0                flInitialise
                0x00000000004017e0                flResetToggle
                0x00000000004017f0                malloc@@GLIBC_2.2.5
                0x0000000000401800                fflush@@GLIBC_2.2.5
                0x0000000000401810                flReadChannel
                0x0000000000401820                arg_str1
                0x0000000000401830                sscanf@@GLIBC_2.2.5
                0x0000000000401840                bufInitialise
                0x0000000000401850                __printf_chk@@GLIBC_2.3.4
                0x0000000000401860                flReadChannelAsyncSubmit
                0x0000000000401870                fopen@@GLIBC_2.2.5
                0x0000000000401880                strtok@@GLIBC_2.2.5
                0x0000000000401890                bufDestroy
                0x00000000004018a0                strtoul@@GLIBC_2.2.5
                0x00000000004018b0                bufAppendConst
                0x00000000004018c0                flWriteChannel
                0x00000000004018d0                flLoadCustomFirmware
                0x00000000004018e0                fwrite@@GLIBC_2.2.5
                0x00000000004018f0                flIsDeviceAvailable
                0x0000000000401900                __fprintf_chk@@GLIBC_2.3.4
                0x0000000000401910                flFlashStandardFirmware
                0x0000000000401920                flFreeError
                0x0000000000401930                flReadChannelAsyncAwait
                0x0000000000401940                flIsCommCapable
                0x0000000000401950                flWriteChannelAsync
                0x0000000000401960                errPrefix
                0x0000000000401970                flSleep
                0x0000000000401980                arg_print_errors
                0x0000000000401990                flClose
                0x00000000004019a0                __sprintf_chk@@GLIBC_2.3.4
                0x00000000004019b0                flProgram
                0x00000000004019c0                arg_nullcheck
 *(.iplt)
 .iplt          0x0000000000000000        0x0 /usr/lib/gcc/x86_64-linux-gnu/4.8/../../../x86_64-linux-gnu/crt1.o

.text           0x00000000004019d0     0x2f22
 *(.text.unlikely .text.*_unlikely .text.unlikely.*)
 .text.unlikely
                0x00000000004019d0      0xc0d lin.x64/rel/.build/main.o
 *(.text.exit .text.exit.*)
 *(.text.startup .text.startup.*)
 *fill*         0x00000000004025dd        0x3 
 .text.startup  0x00000000004025e0     0x1b82 lin.x64/rel/.build/main.o
                0x00000000004025e0                main
 *(.text.hot .text.hot.*)
 *(.text .stub .text.* .gnu.linkonce.t.*)
 .text          0x0000000000404162       0x2a /usr/lib/gcc/x86_64-linux-gnu/4.8/../../../x86_64-linux-gnu/crt1.o
                0x0000000000404162                _start
 *fill*         0x000000000040418c        0x4 
 .text          0x0000000000404190       0xbd /usr/lib/gcc/x86_64-linux-gnu/4.8/crtbegin.o
 *fill*         0x000000000040424d        0x3 
 .text          0x0000000000404250      0x37c lin.x64/rel/.build/main.o
                0x0000000000404250                decrypt
                0x00000000004042c0                encrypt
                0x0000000000404330                decrypt64
                0x00000000004043a0                encrypt64
                0x0000000000404410                myHash
                0x00000000004044c0                format
                0x0000000000404520                find
                0x0000000000404590                suffBal
 *fill*         0x00000000004045cc        0x4 
 .text          0x00000000004045d0       0x7a lin.x64/rel/.build/sig.o
                0x00000000004045e0                sigIsRaised
                0x00000000004045f0                sigRegisterHandler
 *fill*         0x000000000040464a        0x6 
 .text          0x0000000000404650      0x222 /home/pandu/Desktop/DigitalLogicDesign/Lab/03-finishingup/makestuff/libs/libdump/lin.x64/rel/libdump.a(libdump.o)
                0x00000000004046b0                dump
                0x0000000000404820                dumpSimple
 *fill*         0x0000000000404872        0xe 
 .text          0x0000000000404880       0x72 /usr/lib/x86_64-linux-gnu/libc_nonshared.a(elf-init.oS)
                0x0000000000404880                __libc_csu_init
                0x00000000004048f0                __libc_csu_fini
 *(.gnu.warning)

.fini           0x00000000004048f4        0x9
 *(SORT(.fini))
 .fini          0x00000000004048f4        0x4 /usr/lib/gcc/x86_64-linux-gnu/4.8/../../../x86_64-linux-gnu/crti.o
                0x00000000004048f4                _fini
 .fini          0x00000000004048f8        0x5 /usr/lib/gcc/x86_64-linux-gnu/4.8/../../../x86_64-linux-gnu/crtn.o
                0x00000000004048fd                PROVIDE (__etext, .)
                0x00000000004048fd                PROVIDE (_etext, .)
                0x00000000004048fd                PROVIDE (etext, .)

.rodata         0x0000000000404900     0x10c0
 *(.rodata .rodata.* .gnu.linkonce.r.*)
 .rodata.str1.1
                0x0000000000404900      0x4a7 lin.x64/rel/.build/main.o
                                        0x4de (size before relaxing)
 *fill*         0x0000000000404da7        0x1 
 .rodata.str1.8
                0x0000000000404da8      0xa41 lin.x64/rel/.build/main.o
 *fill*         0x00000000004057e9       0x17 
 .rodata        0x0000000000405800      0x128 lin.x64/rel/.build/main.o
 .rodata.cst8   0x0000000000405928       0x10 lin.x64/rel/.build/main.o
 *fill*         0x0000000000405938        0x8 
 .rodata.cst16  0x0000000000405940       0x10 lin.x64/rel/.build/main.o
 .rodata.str1.1
                0x0000000000405950       0x34 /home/pandu/Desktop/DigitalLogicDesign/Lab/03-finishingup/makestuff/libs/libdump/lin.x64/rel/libdump.a(libdump.o)
                                         0x48 (size before relaxing)
 *fill*         0x0000000000405984        0x4 
 .rodata.str1.8
                0x0000000000405988       0x38 /home/pandu/Desktop/DigitalLogicDesign/Lab/03-finishingup/makestuff/libs/libdump/lin.x64/rel/libdump.a(libdump.o)
                                         0x34 (size before relaxing)

.rodata1
 *(.rodata1)

.eh_frame_hdr   0x00000000004059c0       0xbc
 *(.eh_frame_hdr)
 .eh_frame_hdr  0x00000000004059c0       0xbc /usr/lib/gcc/x86_64-linux-gnu/4.8/../../../x86_64-linux-gnu/crt1.o

.eh_frame       0x0000000000405a80      0x3dc
 *(.eh_frame)
 .eh_frame      0x0000000000405a80       0x30 /usr/lib/gcc/x86_64-linux-gnu/4.8/../../../x86_64-linux-gnu/crt1.o
 .eh_frame      0x0000000000405ab0       0x40 /usr/lib/gcc/x86_64-linux-gnu/4.8/../../../x86_64-linux-gnu/crt1.o
 .eh_frame      0x0000000000405af0      0x1e8 lin.x64/rel/.build/main.o
                                        0x1c8 (size before relaxing)
 .eh_frame      0x0000000000405cd8       0x50 lin.x64/rel/.build/sig.o
                                         0x60 (size before relaxing)
 .eh_frame      0x0000000000405d28       0xd0 /home/pandu/Desktop/DigitalLogicDesign/Lab/03-finishingup/makestuff/libs/libdump/lin.x64/rel/libdump.a(libdump.o)
                                         0xd8 (size before relaxing)
 .eh_frame      0x0000000000405df8       0x60 /usr/lib/x86_64-linux-gnu/libc_nonshared.a(elf-init.oS)
                                         0x78 (size before relaxing)
 .eh_frame      0x0000000000405e58        0x4 /usr/lib/gcc/x86_64-linux-gnu/4.8/crtend.o

.gcc_except_table
 *(.gcc_except_table .gcc_except_table.*)

.exception_ranges
 *(.exception_ranges .exception_ranges*)
                0x0000000000405e5c                . = (ALIGN (0x200000) - ((0x200000 - .) & 0x1fffff))
                0x0000000000606dac                . = DATA_SEGMENT_ALIGN (0x200000, 0x1000)

.eh_frame
 *(.eh_frame)

.gcc_except_table
 *(.gcc_except_table .gcc_except_table.*)

.exception_ranges
 *(.exception_ranges .exception_ranges*)

.tdata
 *(.tdata .tdata.* .gnu.linkonce.td.*)

.tbss
 *(.tbss .tbss.* .gnu.linkonce.tb.*)
 *(.tcommon)

.preinit_array  0x0000000000606dac        0x0
                0x0000000000606dac                PROVIDE (__preinit_array_start, .)
 *(.preinit_array)
                0x0000000000606dac                PROVIDE (__preinit_array_end, .)

.init_array     0x0000000000606db0        0x8
                0x0000000000606db0                PROVIDE (__init_array_start, .)
 *(SORT(.init_array.*) SORT(.ctors.*))
 *(.init_array EXCLUDE_FILE(*crtend?.o *crtend.o *crtbegin?.o *crtbegin.o) .ctors)
 .init_array    0x0000000000606db0        0x8 /usr/lib/gcc/x86_64-linux-gnu/4.8/crtbegin.o
                0x0000000000606db8                PROVIDE (__init_array_end, .)

.fini_array     0x0000000000606db8        0x8
                0x0000000000606db8                PROVIDE (__fini_array_start, .)
 *(SORT(.fini_array.*) SORT(.dtors.*))
 *(.fini_array EXCLUDE_FILE(*crtend?.o *crtend.o *crtbegin?.o *crtbegin.o) .dtors)
 .fini_array    0x0000000000606db8        0x8 /usr/lib/gcc/x86_64-linux-gnu/4.8/crtbegin.o
                0x0000000000606dc0                PROVIDE (__fini_array_end, .)

.ctors
 *crtbegin.o(.ctors)
 *crtbegin?.o(.ctors)
 *(EXCLUDE_FILE(*crtend?.o *crtend.o) .ctors)
 *(SORT(.ctors.*))
 *(.ctors)

.dtors
 *crtbegin.o(.dtors)
 *crtbegin?.o(.dtors)
 *(EXCLUDE_FILE(*crtend?.o *crtend.o) .dtors)
 *(SORT(.dtors.*))
 *(.dtors)

.jcr            0x0000000000606dc0        0x8
 *(.jcr)
 .jcr           0x0000000000606dc0        0x0 /usr/lib/gcc/x86_64-linux-gnu/4.8/crtbegin.o
 .jcr           0x0000000000606dc0        0x8 /usr/lib/gcc/x86_64-linux-gnu/4.8/crtend.o

.data.rel.ro
 *(.data.rel.ro.local* .gnu.linkonce.d.rel.ro.local.*)
 *(.data.rel.ro .data.rel.ro.* .gnu.linkonce.d.rel.ro.*)

.dynamic        0x0000000000606dc8      0x230
 *(.dynamic)
 .dynamic       0x0000000000606dc8      0x230 /usr/lib/gcc/x86_64-linux-gnu/4.8/../../../x86_64-linux-gnu/crt1.o
                0x0000000000606dc8                _DYNAMIC

.got            0x0000000000606ff8        0x8
 *(.got)
 .got           0x0000000000606ff8        0x8 /usr/lib/gcc/x86_64-linux-gnu/4.8/../../../x86_64-linux-gnu/crt1.o
 *(.igot)
                0x0000000000607fe8                . = DATA_SEGMENT_RELRO_END (., (SIZEOF (.got.plt) >= 0x18)?0x18:0x0)

.got.plt        0x0000000000607000      0x220
 *(.got.plt)
 .got.plt       0x0000000000607000      0x220 /usr/lib/gcc/x86_64-linux-gnu/4.8/../../../x86_64-linux-gnu/crt1.o
                0x0000000000607000                _GLOBAL_OFFSET_TABLE_
 *(.igot.plt)
 .igot.plt      0x0000000000000000        0x0 /usr/lib/gcc/x86_64-linux-gnu/4.8/../../../x86_64-linux-gnu/crt1.o

.data
 *(.data .data.* .gnu.linkonce.d.*)

.tm_clone_table
                0x0000000000607220        0x0
 .tm_clone_table
                0x0000000000607220        0x0 /usr/lib/gcc/x86_64-linux-gnu/4.8/crtbegin.o
 .tm_clone_table
                0x0000000000607220        0x0 /usr/lib/gcc/x86_64-linux-gnu/4.8/crtend.o

.data1
 *(.data1)
                0x0000000000607220                _edata = .
                0x0000000000607220                PROVIDE (edata, .)
                0x0000000000607220                . = .
                0x0000000000607220                __bss_start = .

.bss            0x0000000000607220   0x186ab0
 *(.dynbss)
 .dynbss        0x0000000000607220       0x10 /usr/lib/gcc/x86_64-linux-gnu/4.8/../../../x86_64-linux-gnu/crt1.o
                0x0000000000607220                stdout@@GLIBC_2.2.5
                0x0000000000607228                stderr@@GLIBC_2.2.5
 *(.bss .bss.* .gnu.linkonce.b.*)
 .bss           0x0000000000607230        0x1 /usr/lib/gcc/x86_64-linux-gnu/4.8/crtbegin.o
 *fill*         0x0000000000607231        0xf 
 .bss           0x0000000000607240       0x28 lin.x64/rel/.build/main.o
                0x0000000000607240                numLines
 *fill*         0x0000000000607268        0x8 
 .bss           0x0000000000607270        0x1 lin.x64/rel/.build/sig.o
 *(COMMON)
 *fill*         0x0000000000607271        0xf 
 COMMON         0x0000000000607280   0x186a50 lin.x64/rel/.build/main.o
                0x0000000000607280                dataFromCSV
                0x000000000078dcd0                . = ALIGN ((. != 0x0)?0x8:0x1)

.lbss
 *(.dynlbss)
 *(.lbss .lbss.* .gnu.linkonce.lb.*)
 *(LARGE_COMMON)
                0x000000000078dcd0                . = ALIGN (0x8)
                0x000000000078dcd0                . = SEGMENT_START ("ldata-segment", .)

.lrodata
 *(.lrodata .lrodata.* .gnu.linkonce.lr.*)

.ldata          0x0000000000b8dcd0        0x0
 *(.ldata .ldata.* .gnu.linkonce.l.*)
                0x0000000000b8dcd0                . = ALIGN ((. != 0x0)?0x8:0x1)
                0x0000000000b8dcd0                . = ALIGN (0x8)
                0x0000000000b8dcd0                _end = .
                0x0000000000b8dcd0                PROVIDE (end, .)
                0x0000000000b8dcd0                . = DATA_SEGMENT_END (.)

.stab
 *(.stab)

.stabstr
 *(.stabstr)

.stab.excl
 *(.stab.excl)

.stab.exclstr
 *(.stab.exclstr)

.stab.index
 *(.stab.index)

.stab.indexstr
 *(.stab.indexstr)

.comment        0x0000000000000000       0x2b
 *(.comment)
 .comment       0x0000000000000000       0x2b /usr/lib/gcc/x86_64-linux-gnu/4.8/crtbegin.o
                                         0x2c (size before relaxing)
 .comment       0x0000000000000000       0x2c lin.x64/rel/.build/main.o
 .comment       0x0000000000000000       0x2c lin.x64/rel/.build/sig.o
 .comment       0x0000000000000000       0x2c /home/pandu/Desktop/DigitalLogicDesign/Lab/03-finishingup/makestuff/libs/libdump/lin.x64/rel/libdump.a(libdump.o)
 .comment       0x0000000000000000       0x2c /usr/lib/x86_64-linux-gnu/libc_nonshared.a(elf-init.oS)
 .comment       0x0000000000000000       0x2c /usr/lib/gcc/x86_64-linux-gnu/4.8/crtend.o

.debug
 *(.debug)

.line
 *(.line)

.debug_srcinfo
 *(.debug_srcinfo)

.debug_sfnames
 *(.debug_sfnames)

.debug_aranges
 *(.debug_aranges)

.debug_pubnames
 *(.debug_pubnames)

.debug_info
 *(.debug_info .gnu.linkonce.wi.*)

.debug_abbrev
 *(.debug_abbrev)

.debug_line
 *(.debug_line .debug_line.* .debug_line_end)

.debug_frame
 *(.debug_frame)

.debug_str
 *(.debug_str)

.debug_loc
 *(.debug_loc)

.debug_macinfo
 *(.debug_macinfo)

.debug_weaknames
 *(.debug_weaknames)

.debug_funcnames
 *(.debug_funcnames)

.debug_typenames
 *(.debug_typenames)

.debug_varnames
 *(.debug_varnames)

.debug_pubtypes
 *(.debug_pubtypes)

.debug_ranges
 *(.debug_ranges)

.debug_macro
 *(.debug_macro)

.gnu.attributes
 *(.gnu.attributes)

/DISCARD/
 *(.note.GNU-stack)
 *(.gnu_debuglink)
 *(.gnu.lto_*)
OUTPUT(lin.x64/rel/flcli elf64-x86-64)

Cross Reference Table

Symbol                                            File
GLIBC_2.10                                        /lib/x86_64-linux-gnu/libc.so.6
GLIBC_2.11                                        /lib/x86_64-linux-gnu/libc.so.6
                                                  //lib/x86_64-linux-gnu/libpthread.so.0
GLIBC_2.12                                        /lib/x86_64-linux-gnu/libc.so.6
                                                  //lib/x86_64-linux-gnu/libpthread.so.0
GLIBC_2.13                                        /lib/x86_64-linux-gnu/libc.so.6
GLIBC_2.14                                        /lib/x86_64-linux-gnu/libc.so.6
GLIBC_2.15                                        /lib/x86_64-linux-gnu/libc.so.6
GLIBC_2.16                                        /lib/x86_64-linux-gnu/libc.so.6
GLIBC_2.17                                        /lib/x86_64-linux-gnu/libc.so.6
GLIBC_2.18                                        /lib/x86_64-linux-gnu/libc.so.6
                                                  //lib/x86_64-linux-gnu/libpthread.so.0
GLIBC_2.2.5                                       /lib/x86_64-linux-gnu/libc.so.6
                                                  //lib/x86_64-linux-gnu/librt.so.1
                                                  //lib/x86_64-linux-gnu/libpthread.so.0
                                                  /lib/x86_64-linux-gnu/ld-linux-x86-64.so.2
GLIBC_2.2.6                                       /lib/x86_64-linux-gnu/libc.so.6
                                                  //lib/x86_64-linux-gnu/libpthread.so.0
GLIBC_2.3                                         /lib/x86_64-linux-gnu/libc.so.6
                                                  /lib/x86_64-linux-gnu/ld-linux-x86-64.so.2
GLIBC_2.3.2                                       /lib/x86_64-linux-gnu/libc.so.6
                                                  //lib/x86_64-linux-gnu/libpthread.so.0
GLIBC_2.3.3                                       /lib/x86_64-linux-gnu/libc.so.6
                                                  //lib/x86_64-linux-gnu/librt.so.1
                                                  //lib/x86_64-linux-gnu/libpthread.so.0
GLIBC_2.3.4                                       /lib/x86_64-linux-gnu/libc.so.6
                                                  //lib/x86_64-linux-gnu/librt.so.1
                                                  //lib/x86_64-linux-gnu/libpthread.so.0
GLIBC_2.4                                         /lib/x86_64-linux-gnu/libc.so.6
                                                  //lib/x86_64-linux-gnu/librt.so.1
                                                  //lib/x86_64-linux-gnu/libpthread.so.0
                                                  /lib/x86_64-linux-gnu/ld-linux-x86-64.so.2
GLIBC_2.5                                         /lib/x86_64-linux-gnu/libc.so.6
GLIBC_2.6                                         /lib/x86_64-linux-gnu/libc.so.6
GLIBC_2.7                                         /lib/x86_64-linux-gnu/libc.so.6
                                                  //lib/x86_64-linux-gnu/librt.so.1
GLIBC_2.8                                         /lib/x86_64-linux-gnu/libc.so.6
GLIBC_2.9                                         /lib/x86_64-linux-gnu/libc.so.6
GLIBC_PRIVATE                                     /lib/x86_64-linux-gnu/libc.so.6
                                                  //lib/x86_64-linux-gnu/libpthread.so.0
                                                  /lib/x86_64-linux-gnu/ld-linux-x86-64.so.2
LIBNIH_1.0.1                                      //lib/x86_64-linux-gnu/libnih.so.1
LIBNIH_1_0                                        //lib/x86_64-linux-gnu/libnih.so.1
LIBNIH_DBUS_1_0                                   //lib/x86_64-linux-gnu/libnih-dbus.so.1
LIBUDEV_183                                       //lib/x86_64-linux-gnu/libudev.so.1
LIBUDEV_189                                       //lib/x86_64-linux-gnu/libudev.so.1
LIBUDEV_196                                       //lib/x86_64-linux-gnu/libudev.so.1
LIBUDEV_199                                       //lib/x86_64-linux-gnu/libudev.so.1
_DYNAMIC                                          /usr/lib/gcc/x86_64-linux-gnu/4.8/../../../x86_64-linux-gnu/crt1.o
_Exit                                             /lib/x86_64-linux-gnu/libc.so.6
_Exit@@GLIBC_2.2.5                                /lib/x86_64-linux-gnu/libc.so.6
_Exit@GLIBC_2.2.5                                 /lib/x86_64-linux-gnu/libc.so.6
_GLOBAL_OFFSET_TABLE_                             /usr/lib/gcc/x86_64-linux-gnu/4.8/../../../x86_64-linux-gnu/crt1.o
                                                  /usr/lib/x86_64-linux-gnu/libc_nonshared.a(elf-init.oS)
                                                  /home/pandu/Desktop/DigitalLogicDesign/Lab/03-finishingup/makestuff/libs/libdump/lin.x64/rel/libdump.a(libdump.o)
                                                  /usr/lib/gcc/x86_64-linux-gnu/4.8/../../../x86_64-linux-gnu/crti.o
_IO_fprintf                                       /lib/x86_64-linux-gnu/libc.so.6
_IO_fprintf@@GLIBC_2.2.5                          /lib/x86_64-linux-gnu/libc.so.6
_IO_fprintf@GLIBC_2.2.5                           /lib/x86_64-linux-gnu/libc.so.6
_IO_stdin_used                                    /usr/lib/gcc/x86_64-linux-gnu/4.8/../../../x86_64-linux-gnu/crt1.o
_ITM_deregisterTMCloneTable                       //lib/x86_64-linux-gnu/librt.so.1
                                                  //lib/x86_64-linux-gnu/libdbus-1.so.3
                                                  //lib/x86_64-linux-gnu/libnih-dbus.so.1
                                                  //lib/x86_64-linux-gnu/libnih.so.1
                                                  //lib/x86_64-linux-gnu/libcgmanager.so.0
                                                  //lib/x86_64-linux-gnu/libpthread.so.0
                                                  //lib/x86_64-linux-gnu/libudev.so.1
                                                  //lib/x86_64-linux-gnu/libusb-1.0.so.0
                                                  //lib/x86_64-linux-gnu/libtinfo.so.5
                                                  lin.x64/rel/libfx2loader.so
                                                  lin.x64/rel/libusbwrap.so
                                                  /usr/lib/gcc/x86_64-linux-gnu/4.8/../../../x86_64-linux-gnu/libreadline.so
                                                  /home/pandu/Desktop/DigitalLogicDesign/Lab/03-finishingup/makestuff/libs/libargtable2/lin.x64/rel/libargtable2.so
                                                  /home/pandu/Desktop/DigitalLogicDesign/Lab/03-finishingup/makestuff/libs/libbuffer/lin.x64/rel/liberror.so
                                                  /home/pandu/Desktop/DigitalLogicDesign/Lab/03-finishingup/makestuff/libs/libfpgalink/lin.x64/rel/libfpgalink.so
                                                  /home/pandu/Desktop/DigitalLogicDesign/Lab/03-finishingup/makestuff/libs/libbuffer/lin.x64/rel/libbuffer.so
                                                  /usr/lib/gcc/x86_64-linux-gnu/4.8/crtbegin.o
_ITM_registerTMCloneTable                         //lib/x86_64-linux-gnu/librt.so.1
                                                  //lib/x86_64-linux-gnu/libdbus-1.so.3
                                                  //lib/x86_64-linux-gnu/libnih-dbus.so.1
                                                  //lib/x86_64-linux-gnu/libnih.so.1
                                                  //lib/x86_64-linux-gnu/libcgmanager.so.0
                                                  //lib/x86_64-linux-gnu/libpthread.so.0
                                                  //lib/x86_64-linux-gnu/libudev.so.1
                                                  //lib/x86_64-linux-gnu/libusb-1.0.so.0
                                                  //lib/x86_64-linux-gnu/libtinfo.so.5
                                                  lin.x64/rel/libfx2loader.so
                                                  lin.x64/rel/libusbwrap.so
                                                  /usr/lib/gcc/x86_64-linux-gnu/4.8/../../../x86_64-linux-gnu/libreadline.so
                                                  /home/pandu/Desktop/DigitalLogicDesign/Lab/03-finishingup/makestuff/libs/libargtable2/lin.x64/rel/libargtable2.so
                                                  /home/pandu/Desktop/DigitalLogicDesign/Lab/03-finishingup/makestuff/libs/libbuffer/lin.x64/rel/liberror.so
                                                  /home/pandu/Desktop/DigitalLogicDesign/Lab/03-finishingup/makestuff/libs/libfpgalink/lin.x64/rel/libfpgalink.so
                                                  /home/pandu/Desktop/DigitalLogicDesign/Lab/03-finishingup/makestuff/libs/libbuffer/lin.x64/rel/libbuffer.so
                                                  /usr/lib/gcc/x86_64-linux-gnu/4.8/crtbegin.o
_Jv_RegisterClasses                               //lib/x86_64-linux-gnu/librt.so.1
                                                  //lib/x86_64-linux-gnu/libdbus-1.so.3
                                                  //lib/x86_64-linux-gnu/libnih-dbus.so.1
                                                  //lib/x86_64-linux-gnu/libnih.so.1
                                                  //lib/x86_64-linux-gnu/libcgmanager.so.0
                                                  //lib/x86_64-linux-gnu/libpthread.so.0
                                                  //lib/x86_64-linux-gnu/libudev.so.1
                                                  //lib/x86_64-linux-gnu/libusb-1.0.so.0
                                                  //lib/x86_64-linux-gnu/libtinfo.so.5
                                                  lin.x64/rel/libfx2loader.so
                                                  lin.x64/rel/libusbwrap.so
                                                  /usr/lib/gcc/x86_64-linux-gnu/4.8/../../../x86_64-linux-gnu/libreadline.so
                                                  /home/pandu/Desktop/DigitalLogicDesign/Lab/03-finishingup/makestuff/libs/libargtable2/lin.x64/rel/libargtable2.so
                                                  /home/pandu/Desktop/DigitalLogicDesign/Lab/03-finishingup/makestuff/libs/libbuffer/lin.x64/rel/liberror.so
                                                  /home/pandu/Desktop/DigitalLogicDesign/Lab/03-finishingup/makestuff/libs/libfpgalink/lin.x64/rel/libfpgalink.so
                                                  /home/pandu/Desktop/DigitalLogicDesign/Lab/03-finishingup/makestuff/libs/libbuffer/lin.x64/rel/libbuffer.so
                                                  /usr/lib/gcc/x86_64-linux-gnu/4.8/crtbegin.o
__TMC_END__                                       /usr/lib/gcc/x86_64-linux-gnu/4.8/crtend.o
                                                  /usr/lib/gcc/x86_64-linux-gnu/4.8/crtbegin.o
__after_morecore_hook                             /lib/x86_64-linux-gnu/libc.so.6
__after_morecore_hook@@GLIBC_2.2.5                /lib/x86_64-linux-gnu/libc.so.6
__after_morecore_hook@GLIBC_2.2.5                 /lib/x86_64-linux-gnu/libc.so.6
__bss_start                                       /home/pandu/Desktop/DigitalLogicDesign/Lab/03-finishingup/makestuff/libs/libbuffer/lin.x64/rel/libbuffer.so
                                                  //lib/x86_64-linux-gnu/libcgmanager.so.0
                                                  //lib/x86_64-linux-gnu/libusb-1.0.so.0
                                                  //lib/x86_64-linux-gnu/libtinfo.so.5
                                                  lin.x64/rel/libfx2loader.so
                                                  lin.x64/rel/libusbwrap.so
                                                  /usr/lib/gcc/x86_64-linux-gnu/4.8/../../../x86_64-linux-gnu/libreadline.so
                                                  /home/pandu/Desktop/DigitalLogicDesign/Lab/03-finishingup/makestuff/libs/libargtable2/lin.x64/rel/libargtable2.so
                                                  /home/pandu/Desktop/DigitalLogicDesign/Lab/03-finishingup/makestuff/libs/libbuffer/lin.x64/rel/liberror.so
                                                  /home/pandu/Desktop/DigitalLogicDesign/Lab/03-finishingup/makestuff/libs/libfpgalink/lin.x64/rel/libfpgalink.so
__close                                           /lib/x86_64-linux-gnu/libc.so.6
__close@@GLIBC_2.2.5                              /lib/x86_64-linux-gnu/libc.so.6
                                                  //lib/x86_64-linux-gnu/libpthread.so.0
__close@GLIBC_2.2.5                               /lib/x86_64-linux-gnu/libc.so.6
__connect                                         /lib/x86_64-linux-gnu/libc.so.6
__connect@@GLIBC_2.2.5                            /lib/x86_64-linux-gnu/libc.so.6
                                                  //lib/x86_64-linux-gnu/libpthread.so.0
__connect@GLIBC_2.2.5                             /lib/x86_64-linux-gnu/libc.so.6
__ctype_get_mb_cur_max                            /lib/x86_64-linux-gnu/libc.so.6
__ctype_get_mb_cur_max@@GLIBC_2.2.5               /lib/x86_64-linux-gnu/libc.so.6
__ctype_get_mb_cur_max@GLIBC_2.2.5                /lib/x86_64-linux-gnu/libc.so.6
                                                  /usr/lib/gcc/x86_64-linux-gnu/4.8/../../../x86_64-linux-gnu/libreadline.so
__data_start                                      /usr/lib/gcc/x86_64-linux-gnu/4.8/../../../x86_64-linux-gnu/crt1.o
__dso_handle                                      /usr/lib/gcc/x86_64-linux-gnu/4.8/crtbegin.o
__errno_location                                  /lib/x86_64-linux-gnu/libc.so.6
                                                  lin.x64/rel/.build/main.o
__errno_location@@GLIBC_2.2.5                     /lib/x86_64-linux-gnu/libc.so.6
                                                  //lib/x86_64-linux-gnu/libpthread.so.0
__errno_location@GLIBC_2.2.5                      /lib/x86_64-linux-gnu/libc.so.6
                                                  //lib/x86_64-linux-gnu/libdbus-1.so.3
                                                  //lib/x86_64-linux-gnu/libnih.so.1
                                                  //lib/x86_64-linux-gnu/libudev.so.1
                                                  //lib/x86_64-linux-gnu/libusb-1.0.so.0
                                                  //lib/x86_64-linux-gnu/libtinfo.so.5
                                                  /usr/lib/gcc/x86_64-linux-gnu/4.8/../../../x86_64-linux-gnu/libreadline.so
                                                  /home/pandu/Desktop/DigitalLogicDesign/Lab/03-finishingup/makestuff/libs/libbuffer/lin.x64/rel/liberror.so
__fcntl                                           /lib/x86_64-linux-gnu/libc.so.6
__fcntl@@GLIBC_2.2.5                              /lib/x86_64-linux-gnu/libc.so.6
                                                  //lib/x86_64-linux-gnu/libpthread.so.0
__fcntl@GLIBC_2.2.5                               /lib/x86_64-linux-gnu/libc.so.6
__fprintf_chk                                     /lib/x86_64-linux-gnu/libc.so.6
                                                  lin.x64/rel/.build/main.o
__fprintf_chk@@GLIBC_2.3.4                        /lib/x86_64-linux-gnu/libc.so.6
__fprintf_chk@GLIBC_2.3.4                         /lib/x86_64-linux-gnu/libc.so.6
                                                  //lib/x86_64-linux-gnu/libdbus-1.so.3
                                                  //lib/x86_64-linux-gnu/libnih.so.1
                                                  //lib/x86_64-linux-gnu/libudev.so.1
                                                  //lib/x86_64-linux-gnu/libtinfo.so.5
                                                  lin.x64/rel/libusbwrap.so
                                                  /usr/lib/gcc/x86_64-linux-gnu/4.8/../../../x86_64-linux-gnu/libreadline.so
                                                  /home/pandu/Desktop/DigitalLogicDesign/Lab/03-finishingup/makestuff/libs/libargtable2/lin.x64/rel/libargtable2.so
__free_hook                                       /lib/x86_64-linux-gnu/libc.so.6
__free_hook@@GLIBC_2.2.5                          /lib/x86_64-linux-gnu/libc.so.6
__free_hook@GLIBC_2.2.5                           /lib/x86_64-linux-gnu/libc.so.6
__getdelim                                        /lib/x86_64-linux-gnu/libc.so.6
                                                  lin.x64/rel/.build/main.o
__getdelim@@GLIBC_2.2.5                           /lib/x86_64-linux-gnu/libc.so.6
__getdelim@GLIBC_2.2.5                            /lib/x86_64-linux-gnu/libc.so.6
                                                  //lib/x86_64-linux-gnu/libpthread.so.0
__gmon_start__                                    //lib/x86_64-linux-gnu/librt.so.1
                                                  //lib/x86_64-linux-gnu/libdbus-1.so.3
                                                  //lib/x86_64-linux-gnu/libnih-dbus.so.1
                                                  //lib/x86_64-linux-gnu/libnih.so.1
                                                  //lib/x86_64-linux-gnu/libcgmanager.so.0
                                                  //lib/x86_64-linux-gnu/libudev.so.1
                                                  //lib/x86_64-linux-gnu/libusb-1.0.so.0
                                                  //lib/x86_64-linux-gnu/libtinfo.so.5
                                                  lin.x64/rel/libfx2loader.so
                                                  lin.x64/rel/libusbwrap.so
                                                  /usr/lib/gcc/x86_64-linux-gnu/4.8/../../../x86_64-linux-gnu/libreadline.so
                                                  /home/pandu/Desktop/DigitalLogicDesign/Lab/03-finishingup/makestuff/libs/libargtable2/lin.x64/rel/libargtable2.so
                                                  /home/pandu/Desktop/DigitalLogicDesign/Lab/03-finishingup/makestuff/libs/libbuffer/lin.x64/rel/liberror.so
                                                  /home/pandu/Desktop/DigitalLogicDesign/Lab/03-finishingup/makestuff/libs/libfpgalink/lin.x64/rel/libfpgalink.so
                                                  /home/pandu/Desktop/DigitalLogicDesign/Lab/03-finishingup/makestuff/libs/libbuffer/lin.x64/rel/libbuffer.so
                                                  /usr/lib/gcc/x86_64-linux-gnu/4.8/../../../x86_64-linux-gnu/crti.o
__init_array_end                                  /usr/lib/x86_64-linux-gnu/libc_nonshared.a(elf-init.oS)
__init_array_start                                /usr/lib/x86_64-linux-gnu/libc_nonshared.a(elf-init.oS)
__isascii_l                                       /lib/x86_64-linux-gnu/libc.so.6
__isascii_l@@GLIBC_2.2.5                          /lib/x86_64-linux-gnu/libc.so.6
__isascii_l@GLIBC_2.2.5                           /lib/x86_64-linux-gnu/libc.so.6
__libc_csu_fini                                   /usr/lib/x86_64-linux-gnu/libc_nonshared.a(elf-init.oS)
                                                  /usr/lib/gcc/x86_64-linux-gnu/4.8/../../../x86_64-linux-gnu/crt1.o
__libc_csu_init                                   /usr/lib/x86_64-linux-gnu/libc_nonshared.a(elf-init.oS)
                                                  /usr/lib/gcc/x86_64-linux-gnu/4.8/../../../x86_64-linux-gnu/crt1.o
__libc_secure_getenv                              /lib/x86_64-linux-gnu/libc.so.6
__libc_secure_getenv@@GLIBC_PRIVATE               /lib/x86_64-linux-gnu/libc.so.6
__libc_secure_getenv@GLIBC_PRIVATE                /lib/x86_64-linux-gnu/libc.so.6
__libc_start_main                                 /lib/x86_64-linux-gnu/libc.so.6
                                                  /usr/lib/gcc/x86_64-linux-gnu/4.8/../../../x86_64-linux-gnu/crt1.o
__libc_start_main@@GLIBC_2.2.5                    /lib/x86_64-linux-gnu/libc.so.6
__libc_start_main@GLIBC_2.2.5                     /lib/x86_64-linux-gnu/libc.so.6
__lseek                                           /lib/x86_64-linux-gnu/libc.so.6
__lseek@@GLIBC_2.2.5                              /lib/x86_64-linux-gnu/libc.so.6
                                                  //lib/x86_64-linux-gnu/libpthread.so.0
__lseek@GLIBC_2.2.5                               /lib/x86_64-linux-gnu/libc.so.6
__malloc_hook                                     /lib/x86_64-linux-gnu/libc.so.6
__malloc_hook@@GLIBC_2.2.5                        /lib/x86_64-linux-gnu/libc.so.6
__malloc_hook@GLIBC_2.2.5                         /lib/x86_64-linux-gnu/libc.so.6
__malloc_initialize_hook                          /lib/x86_64-linux-gnu/libc.so.6
__malloc_initialize_hook@@GLIBC_2.2.5             /lib/x86_64-linux-gnu/libc.so.6
__malloc_initialize_hook@GLIBC_2.2.5              /lib/x86_64-linux-gnu/libc.so.6
__memalign_hook                                   /lib/x86_64-linux-gnu/libc.so.6
__memalign_hook@@GLIBC_2.2.5                      /lib/x86_64-linux-gnu/libc.so.6
__memalign_hook@GLIBC_2.2.5                       /lib/x86_64-linux-gnu/libc.so.6
__nanosleep                                       /lib/x86_64-linux-gnu/libc.so.6
__nanosleep@@GLIBC_2.2.6                          /lib/x86_64-linux-gnu/libc.so.6
                                                  //lib/x86_64-linux-gnu/libpthread.so.0
__nanosleep@GLIBC_2.2.6                           /lib/x86_64-linux-gnu/libc.so.6
__open                                            /lib/x86_64-linux-gnu/libc.so.6
__open64                                          /lib/x86_64-linux-gnu/libc.so.6
__open64@@GLIBC_2.2.5                             /lib/x86_64-linux-gnu/libc.so.6
                                                  //lib/x86_64-linux-gnu/libpthread.so.0
__open64@GLIBC_2.2.5                              /lib/x86_64-linux-gnu/libc.so.6
__open@@GLIBC_2.2.5                               /lib/x86_64-linux-gnu/libc.so.6
                                                  //lib/x86_64-linux-gnu/libpthread.so.0
__open@GLIBC_2.2.5                                /lib/x86_64-linux-gnu/libc.so.6
__poll                                            /lib/x86_64-linux-gnu/libc.so.6
__poll@@GLIBC_2.2.5                               /lib/x86_64-linux-gnu/libc.so.6
__poll@GLIBC_2.2.5                                /lib/x86_64-linux-gnu/libc.so.6
__pread64                                         /lib/x86_64-linux-gnu/libc.so.6
__pread64@@GLIBC_2.2.5                            /lib/x86_64-linux-gnu/libc.so.6
                                                  //lib/x86_64-linux-gnu/libpthread.so.0
__pread64@GLIBC_2.2.5                             /lib/x86_64-linux-gnu/libc.so.6
__printf_chk                                      /lib/x86_64-linux-gnu/libc.so.6
                                                  /home/pandu/Desktop/DigitalLogicDesign/Lab/03-finishingup/makestuff/libs/libdump/lin.x64/rel/libdump.a(libdump.o)
                                                  lin.x64/rel/.build/main.o
__printf_chk@@GLIBC_2.3.4                         /lib/x86_64-linux-gnu/libc.so.6
__printf_chk@GLIBC_2.3.4                          /lib/x86_64-linux-gnu/libc.so.6
                                                  //lib/x86_64-linux-gnu/libnih.so.1
                                                  /usr/lib/gcc/x86_64-linux-gnu/4.8/../../../x86_64-linux-gnu/libreadline.so
                                                  /home/pandu/Desktop/DigitalLogicDesign/Lab/03-finishingup/makestuff/libs/libargtable2/lin.x64/rel/libargtable2.so
__pwrite64                                        /lib/x86_64-linux-gnu/libc.so.6
__pwrite64@@GLIBC_2.2.5                           /lib/x86_64-linux-gnu/libc.so.6
                                                  //lib/x86_64-linux-gnu/libpthread.so.0
__pwrite64@GLIBC_2.2.5                            /lib/x86_64-linux-gnu/libc.so.6
__read                                            /lib/x86_64-linux-gnu/libc.so.6
__read@@GLIBC_2.2.5                               /lib/x86_64-linux-gnu/libc.so.6
                                                  //lib/x86_64-linux-gnu/libpthread.so.0
__read@GLIBC_2.2.5                                /lib/x86_64-linux-gnu/libc.so.6
__realloc_hook                                    /lib/x86_64-linux-gnu/libc.so.6
__realloc_hook@@GLIBC_2.2.5                       /lib/x86_64-linux-gnu/libc.so.6
__realloc_hook@GLIBC_2.2.5                        /lib/x86_64-linux-gnu/libc.so.6
__secure_getenv@GLIBC_2.2.5                       /lib/x86_64-linux-gnu/libc.so.6
__send                                            /lib/x86_64-linux-gnu/libc.so.6
__send@@GLIBC_2.2.5                               /lib/x86_64-linux-gnu/libc.so.6
                                                  //lib/x86_64-linux-gnu/libpthread.so.0
__send@GLIBC_2.2.5                                /lib/x86_64-linux-gnu/libc.so.6
__sigaction                                       /lib/x86_64-linux-gnu/libc.so.6
__sigaction@@GLIBC_2.2.5                          /lib/x86_64-linux-gnu/libc.so.6
                                                  //lib/x86_64-linux-gnu/libpthread.so.0
__sigaction@GLIBC_2.2.5                           /lib/x86_64-linux-gnu/libc.so.6
__sprintf_chk                                     /lib/x86_64-linux-gnu/libc.so.6
                                                  lin.x64/rel/.build/main.o
__sprintf_chk@@GLIBC_2.3.4                        /lib/x86_64-linux-gnu/libc.so.6
__sprintf_chk@GLIBC_2.3.4                         /lib/x86_64-linux-gnu/libc.so.6
                                                  //lib/x86_64-linux-gnu/libnih-dbus.so.1
                                                  //lib/x86_64-linux-gnu/libudev.so.1
                                                  //lib/x86_64-linux-gnu/libtinfo.so.5
                                                  /usr/lib/gcc/x86_64-linux-gnu/4.8/../../../x86_64-linux-gnu/libreadline.so
                                                  /home/pandu/Desktop/DigitalLogicDesign/Lab/03-finishingup/makestuff/libs/libbuffer/lin.x64/rel/libbuffer.so
__stack_chk_fail                                  /lib/x86_64-linux-gnu/libc.so.6
                                                  lin.x64/rel/.build/main.o
__stack_chk_fail@@GLIBC_2.4                       /lib/x86_64-linux-gnu/libc.so.6
__stack_chk_fail@GLIBC_2.4                        /lib/x86_64-linux-gnu/libc.so.6
                                                  //lib/x86_64-linux-gnu/libdbus-1.so.3
                                                  //lib/x86_64-linux-gnu/libnih.so.1
                                                  //lib/x86_64-linux-gnu/libudev.so.1
                                                  //lib/x86_64-linux-gnu/libusb-1.0.so.0
                                                  //lib/x86_64-linux-gnu/libtinfo.so.5
                                                  lin.x64/rel/libfx2loader.so
                                                  lin.x64/rel/libusbwrap.so
                                                  /usr/lib/gcc/x86_64-linux-gnu/4.8/../../../x86_64-linux-gnu/libreadline.so
                                                  /home/pandu/Desktop/DigitalLogicDesign/Lab/03-finishingup/makestuff/libs/libargtable2/lin.x64/rel/libargtable2.so
                                                  /home/pandu/Desktop/DigitalLogicDesign/Lab/03-finishingup/makestuff/libs/libfpgalink/lin.x64/rel/libfpgalink.so
                                                  /home/pandu/Desktop/DigitalLogicDesign/Lab/03-finishingup/makestuff/libs/libbuffer/lin.x64/rel/libbuffer.so
__strtoll_l                                       /lib/x86_64-linux-gnu/libc.so.6
__strtoll_l@@GLIBC_2.2.5                          /lib/x86_64-linux-gnu/libc.so.6
__strtoll_l@GLIBC_2.2.5                           /lib/x86_64-linux-gnu/libc.so.6
__strtoull_l                                      /lib/x86_64-linux-gnu/libc.so.6
__strtoull_l@@GLIBC_2.2.5                         /lib/x86_64-linux-gnu/libc.so.6
__strtoull_l@GLIBC_2.2.5                          /lib/x86_64-linux-gnu/libc.so.6
__toascii_l                                       /lib/x86_64-linux-gnu/libc.so.6
__toascii_l@@GLIBC_2.2.5                          /lib/x86_64-linux-gnu/libc.so.6
__toascii_l@GLIBC_2.2.5                           /lib/x86_64-linux-gnu/libc.so.6
__vsnprintf                                       /lib/x86_64-linux-gnu/libc.so.6
__vsnprintf@@GLIBC_2.2.5                          /lib/x86_64-linux-gnu/libc.so.6
__vsnprintf@GLIBC_2.2.5                           /lib/x86_64-linux-gnu/libc.so.6
__vsscanf                                         /lib/x86_64-linux-gnu/libc.so.6
__vsscanf@@GLIBC_2.2.5                            /lib/x86_64-linux-gnu/libc.so.6
__vsscanf@GLIBC_2.2.5                             /lib/x86_64-linux-gnu/libc.so.6
__wait                                            /lib/x86_64-linux-gnu/libc.so.6
__wait@@GLIBC_2.2.5                               /lib/x86_64-linux-gnu/libc.so.6
                                                  //lib/x86_64-linux-gnu/libpthread.so.0
__wait@GLIBC_2.2.5                                /lib/x86_64-linux-gnu/libc.so.6
__waitpid                                         /lib/x86_64-linux-gnu/libc.so.6
__waitpid@@GLIBC_2.2.5                            /lib/x86_64-linux-gnu/libc.so.6
__waitpid@GLIBC_2.2.5                             /lib/x86_64-linux-gnu/libc.so.6
__wcstoll_l                                       /lib/x86_64-linux-gnu/libc.so.6
__wcstoll_l@@GLIBC_2.2.5                          /lib/x86_64-linux-gnu/libc.so.6
__wcstoll_l@GLIBC_2.2.5                           /lib/x86_64-linux-gnu/libc.so.6
__wcstoull_l                                      /lib/x86_64-linux-gnu/libc.so.6
__wcstoull_l@@GLIBC_2.2.5                         /lib/x86_64-linux-gnu/libc.so.6
__wcstoull_l@GLIBC_2.2.5                          /lib/x86_64-linux-gnu/libc.so.6
__write                                           /lib/x86_64-linux-gnu/libc.so.6
__write@@GLIBC_2.2.5                              /lib/x86_64-linux-gnu/libc.so.6
                                                  //lib/x86_64-linux-gnu/libpthread.so.0
__write@GLIBC_2.2.5                               /lib/x86_64-linux-gnu/libc.so.6
__xpg_sigpause                                    /lib/x86_64-linux-gnu/libc.so.6
__xpg_sigpause@@GLIBC_2.2.5                       /lib/x86_64-linux-gnu/libc.so.6
__xpg_sigpause@GLIBC_2.2.5                        /lib/x86_64-linux-gnu/libc.so.6
_dl_starting_up                                   /lib/x86_64-linux-gnu/libc.so.6
_edata                                            /home/pandu/Desktop/DigitalLogicDesign/Lab/03-finishingup/makestuff/libs/libbuffer/lin.x64/rel/libbuffer.so
                                                  //lib/x86_64-linux-gnu/libcgmanager.so.0
                                                  //lib/x86_64-linux-gnu/libusb-1.0.so.0
                                                  //lib/x86_64-linux-gnu/libtinfo.so.5
                                                  lin.x64/rel/libfx2loader.so
                                                  lin.x64/rel/libusbwrap.so
                                                  /usr/lib/gcc/x86_64-linux-gnu/4.8/../../../x86_64-linux-gnu/libreadline.so
                                                  /home/pandu/Desktop/DigitalLogicDesign/Lab/03-finishingup/makestuff/libs/libargtable2/lin.x64/rel/libargtable2.so
                                                  /home/pandu/Desktop/DigitalLogicDesign/Lab/03-finishingup/makestuff/libs/libbuffer/lin.x64/rel/liberror.so
                                                  /home/pandu/Desktop/DigitalLogicDesign/Lab/03-finishingup/makestuff/libs/libfpgalink/lin.x64/rel/libfpgalink.so
_end                                              /home/pandu/Desktop/DigitalLogicDesign/Lab/03-finishingup/makestuff/libs/libbuffer/lin.x64/rel/libbuffer.so
                                                  //lib/x86_64-linux-gnu/libcgmanager.so.0
                                                  //lib/x86_64-linux-gnu/libusb-1.0.so.0
                                                  //lib/x86_64-linux-gnu/libtinfo.so.5
                                                  lin.x64/rel/libfx2loader.so
                                                  lin.x64/rel/libusbwrap.so
                                                  /usr/lib/gcc/x86_64-linux-gnu/4.8/../../../x86_64-linux-gnu/libreadline.so
                                                  /home/pandu/Desktop/DigitalLogicDesign/Lab/03-finishingup/makestuff/libs/libargtable2/lin.x64/rel/libargtable2.so
                                                  /home/pandu/Desktop/DigitalLogicDesign/Lab/03-finishingup/makestuff/libs/libbuffer/lin.x64/rel/liberror.so
                                                  /home/pandu/Desktop/DigitalLogicDesign/Lab/03-finishingup/makestuff/libs/libfpgalink/lin.x64/rel/libfpgalink.so
_environ                                          /lib/x86_64-linux-gnu/libc.so.6
_environ@@GLIBC_2.2.5                             /lib/x86_64-linux-gnu/libc.so.6
_environ@GLIBC_2.2.5                              /lib/x86_64-linux-gnu/libc.so.6
_fini                                             /usr/lib/gcc/x86_64-linux-gnu/4.8/../../../x86_64-linux-gnu/crti.o
                                                  //lib/x86_64-linux-gnu/libcgmanager.so.0
                                                  //lib/x86_64-linux-gnu/libusb-1.0.so.0
                                                  //lib/x86_64-linux-gnu/libtinfo.so.5
                                                  lin.x64/rel/libfx2loader.so
                                                  lin.x64/rel/libusbwrap.so
                                                  /usr/lib/gcc/x86_64-linux-gnu/4.8/../../../x86_64-linux-gnu/libreadline.so
                                                  /home/pandu/Desktop/DigitalLogicDesign/Lab/03-finishingup/makestuff/libs/libargtable2/lin.x64/rel/libargtable2.so
                                                  /home/pandu/Desktop/DigitalLogicDesign/Lab/03-finishingup/makestuff/libs/libbuffer/lin.x64/rel/liberror.so
                                                  /home/pandu/Desktop/DigitalLogicDesign/Lab/03-finishingup/makestuff/libs/libfpgalink/lin.x64/rel/libfpgalink.so
                                                  /home/pandu/Desktop/DigitalLogicDesign/Lab/03-finishingup/makestuff/libs/libbuffer/lin.x64/rel/libbuffer.so
_flushlbf                                         /lib/x86_64-linux-gnu/libc.so.6
_flushlbf@@GLIBC_2.2.5                            /lib/x86_64-linux-gnu/libc.so.6
_flushlbf@GLIBC_2.2.5                             /lib/x86_64-linux-gnu/libc.so.6
_init                                             /usr/lib/gcc/x86_64-linux-gnu/4.8/../../../x86_64-linux-gnu/crti.o
                                                  //lib/x86_64-linux-gnu/libcgmanager.so.0
                                                  //lib/x86_64-linux-gnu/libusb-1.0.so.0
                                                  //lib/x86_64-linux-gnu/libtinfo.so.5
                                                  lin.x64/rel/libfx2loader.so
                                                  lin.x64/rel/libusbwrap.so
                                                  /usr/lib/x86_64-linux-gnu/libc_nonshared.a(elf-init.oS)
                                                  /usr/lib/gcc/x86_64-linux-gnu/4.8/../../../x86_64-linux-gnu/libreadline.so
                                                  /home/pandu/Desktop/DigitalLogicDesign/Lab/03-finishingup/makestuff/libs/libargtable2/lin.x64/rel/libargtable2.so
                                                  /home/pandu/Desktop/DigitalLogicDesign/Lab/03-finishingup/makestuff/libs/libbuffer/lin.x64/rel/liberror.so
                                                  /home/pandu/Desktop/DigitalLogicDesign/Lab/03-finishingup/makestuff/libs/libfpgalink/lin.x64/rel/libfpgalink.so
                                                  /home/pandu/Desktop/DigitalLogicDesign/Lab/03-finishingup/makestuff/libs/libbuffer/lin.x64/rel/libbuffer.so
_longjmp                                          /lib/x86_64-linux-gnu/libc.so.6
_longjmp@@GLIBC_2.2.5                             /lib/x86_64-linux-gnu/libc.so.6
_longjmp@GLIBC_2.2.5                              /lib/x86_64-linux-gnu/libc.so.6
_start                                            /usr/lib/gcc/x86_64-linux-gnu/4.8/../../../x86_64-linux-gnu/crt1.o
accept                                            /lib/x86_64-linux-gnu/libc.so.6
accept@@GLIBC_2.2.5                               /lib/x86_64-linux-gnu/libc.so.6
                                                  //lib/x86_64-linux-gnu/libpthread.so.0
accept@GLIBC_2.2.5                                /lib/x86_64-linux-gnu/libc.so.6
                                                  //lib/x86_64-linux-gnu/libdbus-1.so.3
access                                            /lib/x86_64-linux-gnu/libc.so.6
access@@GLIBC_2.2.5                               /lib/x86_64-linux-gnu/libc.so.6
access@GLIBC_2.2.5                                /lib/x86_64-linux-gnu/libc.so.6
                                                  //lib/x86_64-linux-gnu/libtinfo.so.5
                                                  /usr/lib/gcc/x86_64-linux-gnu/4.8/../../../x86_64-linux-gnu/libreadline.so
add_history                                       /usr/lib/gcc/x86_64-linux-gnu/4.8/../../../x86_64-linux-gnu/libreadline.so
                                                  lin.x64/rel/.build/main.o
addmntent                                         /lib/x86_64-linux-gnu/libc.so.6
addmntent@@GLIBC_2.2.5                            /lib/x86_64-linux-gnu/libc.so.6
addmntent@GLIBC_2.2.5                             /lib/x86_64-linux-gnu/libc.so.6
adjtime                                           /lib/x86_64-linux-gnu/libc.so.6
adjtime@@GLIBC_2.2.5                              /lib/x86_64-linux-gnu/libc.so.6
adjtime@GLIBC_2.2.5                               /lib/x86_64-linux-gnu/libc.so.6
adjtimex                                          /lib/x86_64-linux-gnu/libc.so.6
adjtimex@@GLIBC_2.2.5                             /lib/x86_64-linux-gnu/libc.so.6
adjtimex@GLIBC_2.2.5                              /lib/x86_64-linux-gnu/libc.so.6
advance                                           /lib/x86_64-linux-gnu/libc.so.6
advance@@GLIBC_2.2.5                              /lib/x86_64-linux-gnu/libc.so.6
advance@GLIBC_2.2.5                               /lib/x86_64-linux-gnu/libc.so.6
aio_cancel64                                      //lib/x86_64-linux-gnu/librt.so.1
aio_cancel64@@GLIBC_2.2.5                         //lib/x86_64-linux-gnu/librt.so.1
aio_cancel64@GLIBC_2.2.5                          //lib/x86_64-linux-gnu/librt.so.1
aio_error64                                       //lib/x86_64-linux-gnu/librt.so.1
aio_error64@@GLIBC_2.2.5                          //lib/x86_64-linux-gnu/librt.so.1
aio_error64@GLIBC_2.2.5                           //lib/x86_64-linux-gnu/librt.so.1
aio_fsync64                                       //lib/x86_64-linux-gnu/librt.so.1
aio_fsync64@@GLIBC_2.2.5                          //lib/x86_64-linux-gnu/librt.so.1
aio_fsync64@GLIBC_2.2.5                           //lib/x86_64-linux-gnu/librt.so.1
aio_init                                          //lib/x86_64-linux-gnu/librt.so.1
aio_init@@GLIBC_2.2.5                             //lib/x86_64-linux-gnu/librt.so.1
aio_init@GLIBC_2.2.5                              //lib/x86_64-linux-gnu/librt.so.1
aio_read64                                        //lib/x86_64-linux-gnu/librt.so.1
aio_read64@@GLIBC_2.2.5                           //lib/x86_64-linux-gnu/librt.so.1
aio_read64@GLIBC_2.2.5                            //lib/x86_64-linux-gnu/librt.so.1
aio_return64                                      //lib/x86_64-linux-gnu/librt.so.1
aio_return64@@GLIBC_2.2.5                         //lib/x86_64-linux-gnu/librt.so.1
aio_return64@GLIBC_2.2.5                          //lib/x86_64-linux-gnu/librt.so.1
aio_suspend64                                     //lib/x86_64-linux-gnu/librt.so.1
aio_suspend64@@GLIBC_2.2.5                        //lib/x86_64-linux-gnu/librt.so.1
aio_suspend64@GLIBC_2.2.5                         //lib/x86_64-linux-gnu/librt.so.1
aio_write64                                       //lib/x86_64-linux-gnu/librt.so.1
aio_write64@@GLIBC_2.2.5                          //lib/x86_64-linux-gnu/librt.so.1
aio_write64@GLIBC_2.2.5                           //lib/x86_64-linux-gnu/librt.so.1
aligned_alloc                                     /lib/x86_64-linux-gnu/libc.so.6
aligned_alloc@@GLIBC_2.16                         /lib/x86_64-linux-gnu/libc.so.6
aligned_alloc@GLIBC_2.16                          /lib/x86_64-linux-gnu/libc.so.6
alphasort64                                       /lib/x86_64-linux-gnu/libc.so.6
alphasort64@@GLIBC_2.2.5                          /lib/x86_64-linux-gnu/libc.so.6
alphasort64@GLIBC_2.2.5                           /lib/x86_64-linux-gnu/libc.so.6
arch_prctl                                        /lib/x86_64-linux-gnu/libc.so.6
arch_prctl@@GLIBC_2.2.5                           /lib/x86_64-linux-gnu/libc.so.6
arch_prctl@GLIBC_2.2.5                            /lib/x86_64-linux-gnu/libc.so.6
arg_end                                           /home/pandu/Desktop/DigitalLogicDesign/Lab/03-finishingup/makestuff/libs/libargtable2/lin.x64/rel/libargtable2.so
                                                  lin.x64/rel/.build/main.o
arg_lit0                                          /home/pandu/Desktop/DigitalLogicDesign/Lab/03-finishingup/makestuff/libs/libargtable2/lin.x64/rel/libargtable2.so
                                                  lin.x64/rel/.build/main.o
arg_nullcheck                                     /home/pandu/Desktop/DigitalLogicDesign/Lab/03-finishingup/makestuff/libs/libargtable2/lin.x64/rel/libargtable2.so
                                                  lin.x64/rel/.build/main.o
arg_parse                                         /home/pandu/Desktop/DigitalLogicDesign/Lab/03-finishingup/makestuff/libs/libargtable2/lin.x64/rel/libargtable2.so
                                                  lin.x64/rel/.build/main.o
arg_print_errors                                  /home/pandu/Desktop/DigitalLogicDesign/Lab/03-finishingup/makestuff/libs/libargtable2/lin.x64/rel/libargtable2.so
                                                  lin.x64/rel/.build/main.o
arg_print_glossary                                /home/pandu/Desktop/DigitalLogicDesign/Lab/03-finishingup/makestuff/libs/libargtable2/lin.x64/rel/libargtable2.so
                                                  lin.x64/rel/.build/main.o
arg_print_syntax                                  /home/pandu/Desktop/DigitalLogicDesign/Lab/03-finishingup/makestuff/libs/libargtable2/lin.x64/rel/libargtable2.so
                                                  lin.x64/rel/.build/main.o
arg_str0                                          /home/pandu/Desktop/DigitalLogicDesign/Lab/03-finishingup/makestuff/libs/libargtable2/lin.x64/rel/libargtable2.so
                                                  lin.x64/rel/.build/main.o
arg_str1                                          /home/pandu/Desktop/DigitalLogicDesign/Lab/03-finishingup/makestuff/libs/libargtable2/lin.x64/rel/libargtable2.so
                                                  lin.x64/rel/.build/main.o
arg_uint0                                         /home/pandu/Desktop/DigitalLogicDesign/Lab/03-finishingup/makestuff/libs/libargtable2/lin.x64/rel/libargtable2.so
                                                  lin.x64/rel/.build/main.o
argp_error                                        /lib/x86_64-linux-gnu/libc.so.6
argp_error@@GLIBC_2.2.5                           /lib/x86_64-linux-gnu/libc.so.6
argp_error@GLIBC_2.2.5                            /lib/x86_64-linux-gnu/libc.so.6
argp_failure                                      /lib/x86_64-linux-gnu/libc.so.6
argp_failure@@GLIBC_2.2.5                         /lib/x86_64-linux-gnu/libc.so.6
argp_failure@GLIBC_2.2.5                          /lib/x86_64-linux-gnu/libc.so.6
argp_help                                         /lib/x86_64-linux-gnu/libc.so.6
argp_help@@GLIBC_2.2.5                            /lib/x86_64-linux-gnu/libc.so.6
argp_help@GLIBC_2.2.5                             /lib/x86_64-linux-gnu/libc.so.6
argp_parse                                        /lib/x86_64-linux-gnu/libc.so.6
argp_parse@@GLIBC_2.2.5                           /lib/x86_64-linux-gnu/libc.so.6
argp_parse@GLIBC_2.2.5                            /lib/x86_64-linux-gnu/libc.so.6
argp_state_help                                   /lib/x86_64-linux-gnu/libc.so.6
argp_state_help@@GLIBC_2.2.5                      /lib/x86_64-linux-gnu/libc.so.6
argp_state_help@GLIBC_2.2.5                       /lib/x86_64-linux-gnu/libc.so.6
argp_usage                                        /lib/x86_64-linux-gnu/libc.so.6
argp_usage@@GLIBC_2.2.5                           /lib/x86_64-linux-gnu/libc.so.6
argp_usage@GLIBC_2.2.5                            /lib/x86_64-linux-gnu/libc.so.6
argz_add                                          /lib/x86_64-linux-gnu/libc.so.6
argz_add@@GLIBC_2.2.5                             /lib/x86_64-linux-gnu/libc.so.6
argz_add@GLIBC_2.2.5                              /lib/x86_64-linux-gnu/libc.so.6
argz_add_sep                                      /lib/x86_64-linux-gnu/libc.so.6
argz_add_sep@@GLIBC_2.2.5                         /lib/x86_64-linux-gnu/libc.so.6
argz_add_sep@GLIBC_2.2.5                          /lib/x86_64-linux-gnu/libc.so.6
argz_append                                       /lib/x86_64-linux-gnu/libc.so.6
argz_append@@GLIBC_2.2.5                          /lib/x86_64-linux-gnu/libc.so.6
argz_append@GLIBC_2.2.5                           /lib/x86_64-linux-gnu/libc.so.6
argz_count                                        /lib/x86_64-linux-gnu/libc.so.6
argz_count@@GLIBC_2.2.5                           /lib/x86_64-linux-gnu/libc.so.6
argz_count@GLIBC_2.2.5                            /lib/x86_64-linux-gnu/libc.so.6
argz_create                                       /lib/x86_64-linux-gnu/libc.so.6
argz_create@@GLIBC_2.2.5                          /lib/x86_64-linux-gnu/libc.so.6
argz_create@GLIBC_2.2.5                           /lib/x86_64-linux-gnu/libc.so.6
argz_create_sep                                   /lib/x86_64-linux-gnu/libc.so.6
argz_create_sep@@GLIBC_2.2.5                      /lib/x86_64-linux-gnu/libc.so.6
argz_create_sep@GLIBC_2.2.5                       /lib/x86_64-linux-gnu/libc.so.6
argz_extract                                      /lib/x86_64-linux-gnu/libc.so.6
argz_extract@@GLIBC_2.2.5                         /lib/x86_64-linux-gnu/libc.so.6
argz_extract@GLIBC_2.2.5                          /lib/x86_64-linux-gnu/libc.so.6
argz_insert                                       /lib/x86_64-linux-gnu/libc.so.6
argz_insert@@GLIBC_2.2.5                          /lib/x86_64-linux-gnu/libc.so.6
argz_insert@GLIBC_2.2.5                           /lib/x86_64-linux-gnu/libc.so.6
argz_next                                         /lib/x86_64-linux-gnu/libc.so.6
argz_next@@GLIBC_2.2.5                            /lib/x86_64-linux-gnu/libc.so.6
argz_next@GLIBC_2.2.5                             /lib/x86_64-linux-gnu/libc.so.6
argz_replace                                      /lib/x86_64-linux-gnu/libc.so.6
argz_replace@@GLIBC_2.2.5                         /lib/x86_64-linux-gnu/libc.so.6
argz_replace@GLIBC_2.2.5                          /lib/x86_64-linux-gnu/libc.so.6
argz_stringify                                    /lib/x86_64-linux-gnu/libc.so.6
argz_stringify@@GLIBC_2.2.5                       /lib/x86_64-linux-gnu/libc.so.6
argz_stringify@GLIBC_2.2.5                        /lib/x86_64-linux-gnu/libc.so.6
asctime_r                                         /lib/x86_64-linux-gnu/libc.so.6
asctime_r@@GLIBC_2.2.5                            /lib/x86_64-linux-gnu/libc.so.6
asctime_r@GLIBC_2.2.5                             /lib/x86_64-linux-gnu/libc.so.6
asprintf                                          /lib/x86_64-linux-gnu/libc.so.6
asprintf@@GLIBC_2.2.5                             /lib/x86_64-linux-gnu/libc.so.6
asprintf@GLIBC_2.2.5                              /lib/x86_64-linux-gnu/libc.so.6
backtrace                                         /lib/x86_64-linux-gnu/libc.so.6
backtrace@@GLIBC_2.2.5                            /lib/x86_64-linux-gnu/libc.so.6
backtrace@GLIBC_2.2.5                             /lib/x86_64-linux-gnu/libc.so.6
backtrace_symbols                                 /lib/x86_64-linux-gnu/libc.so.6
backtrace_symbols@@GLIBC_2.2.5                    /lib/x86_64-linux-gnu/libc.so.6
backtrace_symbols@GLIBC_2.2.5                     /lib/x86_64-linux-gnu/libc.so.6
backtrace_symbols_fd                              /lib/x86_64-linux-gnu/libc.so.6
backtrace_symbols_fd@@GLIBC_2.2.5                 /lib/x86_64-linux-gnu/libc.so.6
backtrace_symbols_fd@GLIBC_2.2.5                  /lib/x86_64-linux-gnu/libc.so.6
bcmp                                              /lib/x86_64-linux-gnu/libc.so.6
bcmp@@GLIBC_2.2.5                                 /lib/x86_64-linux-gnu/libc.so.6
bcmp@GLIBC_2.2.5                                  /lib/x86_64-linux-gnu/libc.so.6
bdflush                                           /lib/x86_64-linux-gnu/libc.so.6
bdflush@@GLIBC_2.2.5                              /lib/x86_64-linux-gnu/libc.so.6
bdflush@GLIBC_2.2.5                               /lib/x86_64-linux-gnu/libc.so.6
bind                                              /lib/x86_64-linux-gnu/libc.so.6
bind@@GLIBC_2.2.5                                 /lib/x86_64-linux-gnu/libc.so.6
bind@GLIBC_2.2.5                                  /lib/x86_64-linux-gnu/libc.so.6
                                                  //lib/x86_64-linux-gnu/libdbus-1.so.3
                                                  //lib/x86_64-linux-gnu/libudev.so.1
bind_textdomain_codeset                           /lib/x86_64-linux-gnu/libc.so.6
bind_textdomain_codeset@@GLIBC_2.2.5              /lib/x86_64-linux-gnu/libc.so.6
bind_textdomain_codeset@GLIBC_2.2.5               /lib/x86_64-linux-gnu/libc.so.6
bindtextdomain                                    /lib/x86_64-linux-gnu/libc.so.6
bindtextdomain@@GLIBC_2.2.5                       /lib/x86_64-linux-gnu/libc.so.6
bindtextdomain@GLIBC_2.2.5                        /lib/x86_64-linux-gnu/libc.so.6
brk                                               /lib/x86_64-linux-gnu/libc.so.6
brk@@GLIBC_2.2.5                                  /lib/x86_64-linux-gnu/libc.so.6
brk@GLIBC_2.2.5                                   /lib/x86_64-linux-gnu/libc.so.6
bsd_signal                                        /lib/x86_64-linux-gnu/libc.so.6
bsd_signal@@GLIBC_2.2.5                           /lib/x86_64-linux-gnu/libc.so.6
bsd_signal@GLIBC_2.2.5                            /lib/x86_64-linux-gnu/libc.so.6
btowc                                             /lib/x86_64-linux-gnu/libc.so.6
btowc@@GLIBC_2.2.5                                /lib/x86_64-linux-gnu/libc.so.6
btowc@GLIBC_2.2.5                                 /lib/x86_64-linux-gnu/libc.so.6
bufAppendConst                                    /home/pandu/Desktop/DigitalLogicDesign/Lab/03-finishingup/makestuff/libs/libbuffer/lin.x64/rel/libbuffer.so
                                                  lin.x64/rel/libfx2loader.so
                                                  /home/pandu/Desktop/DigitalLogicDesign/Lab/03-finishingup/makestuff/libs/libfpgalink/lin.x64/rel/libfpgalink.so
                                                  lin.x64/rel/.build/main.o
bufDestroy                                        /home/pandu/Desktop/DigitalLogicDesign/Lab/03-finishingup/makestuff/libs/libbuffer/lin.x64/rel/libbuffer.so
                                                  /home/pandu/Desktop/DigitalLogicDesign/Lab/03-finishingup/makestuff/libs/libfpgalink/lin.x64/rel/libfpgalink.so
                                                  lin.x64/rel/.build/main.o
bufInitialise                                     /home/pandu/Desktop/DigitalLogicDesign/Lab/03-finishingup/makestuff/libs/libbuffer/lin.x64/rel/libbuffer.so
                                                  /home/pandu/Desktop/DigitalLogicDesign/Lab/03-finishingup/makestuff/libs/libfpgalink/lin.x64/rel/libfpgalink.so
                                                  lin.x64/rel/.build/main.o
bzero                                             /lib/x86_64-linux-gnu/libc.so.6
bzero@@GLIBC_2.2.5                                /lib/x86_64-linux-gnu/libc.so.6
bzero@GLIBC_2.2.5                                 /lib/x86_64-linux-gnu/libc.so.6
[...]
tzname                                            /lib/x86_64-linux-gnu/libc.so.6
tzname@@GLIBC_2.2.5                               /lib/x86_64-linux-gnu/libc.so.6
tzname@GLIBC_2.2.5                                /lib/x86_64-linux-gnu/libc.so.6
tzset                                             /lib/x86_64-linux-gnu/libc.so.6
tzset@@GLIBC_2.2.5                                /lib/x86_64-linux-gnu/libc.so.6
tzset@GLIBC_2.2.5                                 /lib/x86_64-linux-gnu/libc.so.6
ulckpwdf                                          /lib/x86_64-linux-gnu/libc.so.6
ulckpwdf@@GLIBC_2.2.5                             /lib/x86_64-linux-gnu/libc.so.6
ulckpwdf@GLIBC_2.2.5                              /lib/x86_64-linux-gnu/libc.so.6
ulimit                                            /lib/x86_64-linux-gnu/libc.so.6
ulimit@@GLIBC_2.2.5                               /lib/x86_64-linux-gnu/libc.so.6
ulimit@GLIBC_2.2.5                                /lib/x86_64-linux-gnu/libc.so.6
umask                                             /lib/x86_64-linux-gnu/libc.so.6
umask@@GLIBC_2.2.5                                /lib/x86_64-linux-gnu/libc.so.6
umask@GLIBC_2.2.5                                 /lib/x86_64-linux-gnu/libc.so.6
                                                  //lib/x86_64-linux-gnu/libnih.so.1
umount                                            /lib/x86_64-linux-gnu/libc.so.6
umount2                                           /lib/x86_64-linux-gnu/libc.so.6
umount2@@GLIBC_2.2.5                              /lib/x86_64-linux-gnu/libc.so.6
umount2@GLIBC_2.2.5                               /lib/x86_64-linux-gnu/libc.so.6
umount@@GLIBC_2.2.5                               /lib/x86_64-linux-gnu/libc.so.6
umount@GLIBC_2.2.5                                /lib/x86_64-linux-gnu/libc.so.6
uname                                             /lib/x86_64-linux-gnu/libc.so.6
uname@@GLIBC_2.2.5                                /lib/x86_64-linux-gnu/libc.so.6
uname@GLIBC_2.2.5                                 /lib/x86_64-linux-gnu/libc.so.6
                                                  //lib/x86_64-linux-gnu/libusb-1.0.so.0
ungetc                                            /lib/x86_64-linux-gnu/libc.so.6
ungetc@@GLIBC_2.2.5                               /lib/x86_64-linux-gnu/libc.so.6
ungetc@GLIBC_2.2.5                                /lib/x86_64-linux-gnu/libc.so.6
unlink                                            /lib/x86_64-linux-gnu/libc.so.6
unlink@@GLIBC_2.2.5                               /lib/x86_64-linux-gnu/libc.so.6
unlink@GLIBC_2.2.5                                /lib/x86_64-linux-gnu/libc.so.6
                                                  //lib/x86_64-linux-gnu/librt.so.1
                                                  //lib/x86_64-linux-gnu/libdbus-1.so.3
                                                  //lib/x86_64-linux-gnu/libnih.so.1
                                                  //lib/x86_64-linux-gnu/libpthread.so.0
                                                  /usr/lib/gcc/x86_64-linux-gnu/4.8/../../../x86_64-linux-gnu/libreadline.so
unsetenv                                          /lib/x86_64-linux-gnu/libc.so.6
unsetenv@@GLIBC_2.2.5                             /lib/x86_64-linux-gnu/libc.so.6
unsetenv@GLIBC_2.2.5                              /lib/x86_64-linux-gnu/libc.so.6
                                                  //lib/x86_64-linux-gnu/libdbus-1.so.3
updwtmp                                           /lib/x86_64-linux-gnu/libc.so.6
updwtmp@@GLIBC_2.2.5                              /lib/x86_64-linux-gnu/libc.so.6
updwtmp@GLIBC_2.2.5                               /lib/x86_64-linux-gnu/libc.so.6
uselocale                                         /lib/x86_64-linux-gnu/libc.so.6
uselocale@@GLIBC_2.3                              /lib/x86_64-linux-gnu/libc.so.6
uselocale@GLIBC_2.3                               /lib/x86_64-linux-gnu/libc.so.6
utimes                                            /lib/x86_64-linux-gnu/libc.so.6
utimes@@GLIBC_2.2.5                               /lib/x86_64-linux-gnu/libc.so.6
utimes@GLIBC_2.2.5                                /lib/x86_64-linux-gnu/libc.so.6
utmpname                                          /lib/x86_64-linux-gnu/libc.so.6
utmpname@@GLIBC_2.2.5                             /lib/x86_64-linux-gnu/libc.so.6
utmpname@GLIBC_2.2.5                              /lib/x86_64-linux-gnu/libc.so.6
valloc                                            /lib/x86_64-linux-gnu/libc.so.6
valloc@@GLIBC_2.2.5                               /lib/x86_64-linux-gnu/libc.so.6
valloc@GLIBC_2.2.5                                /lib/x86_64-linux-gnu/libc.so.6
vasprintf                                         /lib/x86_64-linux-gnu/libc.so.6
vasprintf@@GLIBC_2.2.5                            /lib/x86_64-linux-gnu/libc.so.6
vasprintf@GLIBC_2.2.5                             /lib/x86_64-linux-gnu/libc.so.6
vdprintf                                          /lib/x86_64-linux-gnu/libc.so.6
vdprintf@@GLIBC_2.2.5                             /lib/x86_64-linux-gnu/libc.so.6
vdprintf@GLIBC_2.2.5                              /lib/x86_64-linux-gnu/libc.so.6
versionsort64                                     /lib/x86_64-linux-gnu/libc.so.6
versionsort64@@GLIBC_2.2.5                        /lib/x86_64-linux-gnu/libc.so.6
versionsort64@GLIBC_2.2.5                         /lib/x86_64-linux-gnu/libc.so.6
vfork                                             /lib/x86_64-linux-gnu/libc.so.6
vfork@@GLIBC_2.2.5                                /lib/x86_64-linux-gnu/libc.so.6
                                                  //lib/x86_64-linux-gnu/libpthread.so.0
vfork@GLIBC_2.2.5                                 /lib/x86_64-linux-gnu/libc.so.6
vfscanf                                           /lib/x86_64-linux-gnu/libc.so.6
vfscanf@@GLIBC_2.2.5                              /lib/x86_64-linux-gnu/libc.so.6
vfscanf@GLIBC_2.2.5                               /lib/x86_64-linux-gnu/libc.so.6
vfwprintf                                         /lib/x86_64-linux-gnu/libc.so.6
vfwprintf@@GLIBC_2.2.5                            /lib/x86_64-linux-gnu/libc.so.6
vfwprintf@GLIBC_2.2.5                             /lib/x86_64-linux-gnu/libc.so.6
vfwscanf                                          /lib/x86_64-linux-gnu/libc.so.6
vfwscanf@@GLIBC_2.2.5                             /lib/x86_64-linux-gnu/libc.so.6
vfwscanf@GLIBC_2.2.5                              /lib/x86_64-linux-gnu/libc.so.6
vscanf                                            /lib/x86_64-linux-gnu/libc.so.6
vscanf@@GLIBC_2.2.5                               /lib/x86_64-linux-gnu/libc.so.6
vscanf@GLIBC_2.2.5                                /lib/x86_64-linux-gnu/libc.so.6
vsnprintf                                         /lib/x86_64-linux-gnu/libc.so.6
vsnprintf@@GLIBC_2.2.5                            /lib/x86_64-linux-gnu/libc.so.6
vsnprintf@GLIBC_2.2.5                             /lib/x86_64-linux-gnu/libc.so.6
vsprintf                                          /lib/x86_64-linux-gnu/libc.so.6
vsprintf@@GLIBC_2.2.5                             /lib/x86_64-linux-gnu/libc.so.6
vsprintf@GLIBC_2.2.5                              /lib/x86_64-linux-gnu/libc.so.6
vsscanf                                           /lib/x86_64-linux-gnu/libc.so.6
vsscanf@@GLIBC_2.2.5                              /lib/x86_64-linux-gnu/libc.so.6
vsscanf@GLIBC_2.2.5                               /lib/x86_64-linux-gnu/libc.so.6
vswprintf                                         /lib/x86_64-linux-gnu/libc.so.6
vswprintf@@GLIBC_2.2.5                            /lib/x86_64-linux-gnu/libc.so.6
vswprintf@GLIBC_2.2.5                             /lib/x86_64-linux-gnu/libc.so.6
wait                                              /lib/x86_64-linux-gnu/libc.so.6
wait3                                             /lib/x86_64-linux-gnu/libc.so.6
wait3@@GLIBC_2.2.5                                /lib/x86_64-linux-gnu/libc.so.6
wait3@GLIBC_2.2.5                                 /lib/x86_64-linux-gnu/libc.so.6
wait4                                             /lib/x86_64-linux-gnu/libc.so.6
wait4@@GLIBC_2.2.5                                /lib/x86_64-linux-gnu/libc.so.6
wait4@GLIBC_2.2.5                                 /lib/x86_64-linux-gnu/libc.so.6
wait@@GLIBC_2.2.5                                 /lib/x86_64-linux-gnu/libc.so.6
                                                  //lib/x86_64-linux-gnu/libpthread.so.0
wait@GLIBC_2.2.5                                  /lib/x86_64-linux-gnu/libc.so.6
waitid                                            /lib/x86_64-linux-gnu/libc.so.6
waitid@@GLIBC_2.2.5                               /lib/x86_64-linux-gnu/libc.so.6
waitid@GLIBC_2.2.5                                /lib/x86_64-linux-gnu/libc.so.6
                                                  //lib/x86_64-linux-gnu/libnih.so.1
waitpid                                           /lib/x86_64-linux-gnu/libc.so.6
waitpid@@GLIBC_2.2.5                              /lib/x86_64-linux-gnu/libc.so.6
                                                  //lib/x86_64-linux-gnu/libpthread.so.0
waitpid@GLIBC_2.2.5                               /lib/x86_64-linux-gnu/libc.so.6
                                                  //lib/x86_64-linux-gnu/libdbus-1.so.3
wcpcpy                                            /lib/x86_64-linux-gnu/libc.so.6
wcpcpy@@GLIBC_2.2.5                               /lib/x86_64-linux-gnu/libc.so.6
wcpcpy@GLIBC_2.2.5                                /lib/x86_64-linux-gnu/libc.so.6
wcpncpy                                           /lib/x86_64-linux-gnu/libc.so.6
wcpncpy@@GLIBC_2.2.5                              /lib/x86_64-linux-gnu/libc.so.6
wcpncpy@GLIBC_2.2.5                               /lib/x86_64-linux-gnu/libc.so.6
wcrtomb                                           /lib/x86_64-linux-gnu/libc.so.6
wcrtomb@@GLIBC_2.2.5                              /lib/x86_64-linux-gnu/libc.so.6
wcrtomb@GLIBC_2.2.5                               /lib/x86_64-linux-gnu/libc.so.6
                                                  /usr/lib/gcc/x86_64-linux-gnu/4.8/../../../x86_64-linux-gnu/libreadline.so
wcscasecmp                                        /lib/x86_64-linux-gnu/libc.so.6
wcscasecmp@@GLIBC_2.2.5                           /lib/x86_64-linux-gnu/libc.so.6
wcscasecmp@GLIBC_2.2.5                            /lib/x86_64-linux-gnu/libc.so.6
wcscasecmp_l                                      /lib/x86_64-linux-gnu/libc.so.6
wcscasecmp_l@@GLIBC_2.3                           /lib/x86_64-linux-gnu/libc.so.6
wcscasecmp_l@GLIBC_2.3                            /lib/x86_64-linux-gnu/libc.so.6
wcscat                                            /lib/x86_64-linux-gnu/libc.so.6
wcscat@@GLIBC_2.2.5                               /lib/x86_64-linux-gnu/libc.so.6
wcscat@GLIBC_2.2.5                                /lib/x86_64-linux-gnu/libc.so.6
wcschrnul                                         /lib/x86_64-linux-gnu/libc.so.6
wcschrnul@@GLIBC_2.2.5                            /lib/x86_64-linux-gnu/libc.so.6
wcschrnul@GLIBC_2.2.5                             /lib/x86_64-linux-gnu/libc.so.6
wcscoll                                           /lib/x86_64-linux-gnu/libc.so.6
wcscoll@@GLIBC_2.2.5                              /lib/x86_64-linux-gnu/libc.so.6
wcscoll@GLIBC_2.2.5                               /lib/x86_64-linux-gnu/libc.so.6
wcscoll_l                                         /lib/x86_64-linux-gnu/libc.so.6
wcscoll_l@@GLIBC_2.3                              /lib/x86_64-linux-gnu/libc.so.6
wcscoll_l@GLIBC_2.3                               /lib/x86_64-linux-gnu/libc.so.6
wcsftime_l                                        /lib/x86_64-linux-gnu/libc.so.6
wcsftime_l@@GLIBC_2.3                             /lib/x86_64-linux-gnu/libc.so.6
wcsftime_l@GLIBC_2.3                              /lib/x86_64-linux-gnu/libc.so.6
wcslen                                            /lib/x86_64-linux-gnu/libc.so.6
wcslen@@GLIBC_2.2.5                               /lib/x86_64-linux-gnu/libc.so.6
wcslen@GLIBC_2.2.5                                /lib/x86_64-linux-gnu/libc.so.6
wcsncasecmp                                       /lib/x86_64-linux-gnu/libc.so.6
wcsncasecmp@@GLIBC_2.2.5                          /lib/x86_64-linux-gnu/libc.so.6
wcsncasecmp@GLIBC_2.2.5                           /lib/x86_64-linux-gnu/libc.so.6
wcsncasecmp_l                                     /lib/x86_64-linux-gnu/libc.so.6
wcsncasecmp_l@@GLIBC_2.3                          /lib/x86_64-linux-gnu/libc.so.6
wcsncasecmp_l@GLIBC_2.3                           /lib/x86_64-linux-gnu/libc.so.6
wcsncpy                                           /lib/x86_64-linux-gnu/libc.so.6
wcsncpy@@GLIBC_2.2.5                              /lib/x86_64-linux-gnu/libc.so.6
wcsncpy@GLIBC_2.2.5                               /lib/x86_64-linux-gnu/libc.so.6
wcsnlen                                           /lib/x86_64-linux-gnu/libc.so.6
wcsnlen@@GLIBC_2.2.5                              /lib/x86_64-linux-gnu/libc.so.6
wcsnlen@GLIBC_2.2.5                               /lib/x86_64-linux-gnu/libc.so.6
wcsnrtombs                                        /lib/x86_64-linux-gnu/libc.so.6
wcsnrtombs@@GLIBC_2.2.5                           /lib/x86_64-linux-gnu/libc.so.6
wcsnrtombs@GLIBC_2.2.5                            /lib/x86_64-linux-gnu/libc.so.6
wcsrtombs                                         /lib/x86_64-linux-gnu/libc.so.6
wcsrtombs@@GLIBC_2.2.5                            /lib/x86_64-linux-gnu/libc.so.6
wcsrtombs@GLIBC_2.2.5                             /lib/x86_64-linux-gnu/libc.so.6
wcstod_l                                          /lib/x86_64-linux-gnu/libc.so.6
wcstod_l@@GLIBC_2.3                               /lib/x86_64-linux-gnu/libc.so.6
wcstod_l@GLIBC_2.3                                /lib/x86_64-linux-gnu/libc.so.6
wcstof_l                                          /lib/x86_64-linux-gnu/libc.so.6
wcstof_l@@GLIBC_2.3                               /lib/x86_64-linux-gnu/libc.so.6
wcstof_l@GLIBC_2.3                                /lib/x86_64-linux-gnu/libc.so.6
wcstol_l                                          /lib/x86_64-linux-gnu/libc.so.6
wcstol_l@@GLIBC_2.3                               /lib/x86_64-linux-gnu/libc.so.6
wcstol_l@GLIBC_2.3                                /lib/x86_64-linux-gnu/libc.so.6
wcstold_l                                         /lib/x86_64-linux-gnu/libc.so.6
wcstold_l@@GLIBC_2.3                              /lib/x86_64-linux-gnu/libc.so.6
wcstold_l@GLIBC_2.3                               /lib/x86_64-linux-gnu/libc.so.6
wcstoll                                           /lib/x86_64-linux-gnu/libc.so.6
wcstoll@@GLIBC_2.2.5                              /lib/x86_64-linux-gnu/libc.so.6
wcstoll@GLIBC_2.2.5                               /lib/x86_64-linux-gnu/libc.so.6
wcstoll_l                                         /lib/x86_64-linux-gnu/libc.so.6
wcstoll_l@@GLIBC_2.3                              /lib/x86_64-linux-gnu/libc.so.6
wcstoll_l@GLIBC_2.3                               /lib/x86_64-linux-gnu/libc.so.6
wcstoq                                            /lib/x86_64-linux-gnu/libc.so.6
wcstoq@@GLIBC_2.2.5                               /lib/x86_64-linux-gnu/libc.so.6
wcstoq@GLIBC_2.2.5                                /lib/x86_64-linux-gnu/libc.so.6
wcstoul_l                                         /lib/x86_64-linux-gnu/libc.so.6
wcstoul_l@@GLIBC_2.3                              /lib/x86_64-linux-gnu/libc.so.6
wcstoul_l@GLIBC_2.3                               /lib/x86_64-linux-gnu/libc.so.6
wcstoull                                          /lib/x86_64-linux-gnu/libc.so.6
wcstoull@@GLIBC_2.2.5                             /lib/x86_64-linux-gnu/libc.so.6
wcstoull@GLIBC_2.2.5                              /lib/x86_64-linux-gnu/libc.so.6
wcstoull_l                                        /lib/x86_64-linux-gnu/libc.so.6
wcstoull_l@@GLIBC_2.3                             /lib/x86_64-linux-gnu/libc.so.6
wcstoull_l@GLIBC_2.3                              /lib/x86_64-linux-gnu/libc.so.6
wcstouq                                           /lib/x86_64-linux-gnu/libc.so.6
wcstouq@@GLIBC_2.2.5                              /lib/x86_64-linux-gnu/libc.so.6
wcstouq@GLIBC_2.2.5                               /lib/x86_64-linux-gnu/libc.so.6
wcswcs                                            /lib/x86_64-linux-gnu/libc.so.6
wcswcs@@GLIBC_2.2.5                               /lib/x86_64-linux-gnu/libc.so.6
wcswcs@GLIBC_2.2.5                                /lib/x86_64-linux-gnu/libc.so.6
wcsxfrm_l                                         /lib/x86_64-linux-gnu/libc.so.6
wcsxfrm_l@@GLIBC_2.3                              /lib/x86_64-linux-gnu/libc.so.6
wcsxfrm_l@GLIBC_2.3                               /lib/x86_64-linux-gnu/libc.so.6
wctrans                                           /lib/x86_64-linux-gnu/libc.so.6
wctrans@@GLIBC_2.2.5                              /lib/x86_64-linux-gnu/libc.so.6
wctrans@GLIBC_2.2.5                               /lib/x86_64-linux-gnu/libc.so.6
wctrans_l                                         /lib/x86_64-linux-gnu/libc.so.6
wctrans_l@@GLIBC_2.3                              /lib/x86_64-linux-gnu/libc.so.6
wctrans_l@GLIBC_2.3                               /lib/x86_64-linux-gnu/libc.so.6
wctype                                            /lib/x86_64-linux-gnu/libc.so.6
wctype@@GLIBC_2.2.5                               /lib/x86_64-linux-gnu/libc.so.6
wctype@GLIBC_2.2.5                                /lib/x86_64-linux-gnu/libc.so.6
wctype_l                                          /lib/x86_64-linux-gnu/libc.so.6
wctype_l@@GLIBC_2.3                               /lib/x86_64-linux-gnu/libc.so.6
wctype_l@GLIBC_2.3                                /lib/x86_64-linux-gnu/libc.so.6
wmemcpy                                           /lib/x86_64-linux-gnu/libc.so.6
wmemcpy@@GLIBC_2.2.5                              /lib/x86_64-linux-gnu/libc.so.6
wmemcpy@GLIBC_2.2.5                               /lib/x86_64-linux-gnu/libc.so.6
wmemmove                                          /lib/x86_64-linux-gnu/libc.so.6
wmemmove@@GLIBC_2.2.5                             /lib/x86_64-linux-gnu/libc.so.6
wmemmove@GLIBC_2.2.5                              /lib/x86_64-linux-gnu/libc.so.6
wmempcpy                                          /lib/x86_64-linux-gnu/libc.so.6
wmempcpy@@GLIBC_2.2.5                             /lib/x86_64-linux-gnu/libc.so.6
wmempcpy@GLIBC_2.2.5                              /lib/x86_64-linux-gnu/libc.so.6
write                                             /lib/x86_64-linux-gnu/libc.so.6
write@@GLIBC_2.2.5                                /lib/x86_64-linux-gnu/libc.so.6
                                                  //lib/x86_64-linux-gnu/libpthread.so.0
write@GLIBC_2.2.5                                 /lib/x86_64-linux-gnu/libc.so.6
                                                  //lib/x86_64-linux-gnu/librt.so.1
                                                  //lib/x86_64-linux-gnu/libdbus-1.so.3
                                                  //lib/x86_64-linux-gnu/libnih.so.1
                                                  //lib/x86_64-linux-gnu/libudev.so.1
                                                  //lib/x86_64-linux-gnu/libusb-1.0.so.0
                                                  //lib/x86_64-linux-gnu/libtinfo.so.5
                                                  /usr/lib/gcc/x86_64-linux-gnu/4.8/../../../x86_64-linux-gnu/libreadline.so
writev                                            /lib/x86_64-linux-gnu/libc.so.6
writev@@GLIBC_2.2.5                               /lib/x86_64-linux-gnu/libc.so.6
writev@GLIBC_2.2.5                                /lib/x86_64-linux-gnu/libc.so.6
                                                  //lib/x86_64-linux-gnu/libdbus-1.so.3
                                                  //lib/x86_64-linux-gnu/libudev.so.1
