   1              		.file	"CurrentTest.cpp"
   2              		.text
   3              		.p2align 4,,15
   4              		.globl	_ZN8UnitTest11CurrentTest7ResultsEv
   6              	_ZN8UnitTest11CurrentTest7ResultsEv:
   7              	.LFB0:
   8              		.cfi_startproc
   9 0000 488D0500 		leaq	_ZZN8UnitTest11CurrentTest7ResultsEvE11testResults(%rip), %rax
   9      000000
  10 0007 C3       		ret
  11              		.cfi_endproc
  12              	.LFE0:
  14 0008 0F1F8400 		.p2align 4,,15
  14      00000000 
  15              		.globl	_ZN8UnitTest11CurrentTest7DetailsEv
  17              	_ZN8UnitTest11CurrentTest7DetailsEv:
  18              	.LFB1:
  19              		.cfi_startproc
  20 0010 488D0500 		leaq	_ZZN8UnitTest11CurrentTest7DetailsEvE11testDetails(%rip), %rax
  20      000000
  21 0017 C3       		ret
  22              		.cfi_endproc
  23              	.LFE1:
  25              		.local	_ZZN8UnitTest11CurrentTest7DetailsEvE11testDetails
  26              		.comm	_ZZN8UnitTest11CurrentTest7DetailsEvE11testDetails,8,8
  27              		.local	_ZZN8UnitTest11CurrentTest7ResultsEvE11testResults
  28              		.comm	_ZZN8UnitTest11CurrentTest7ResultsEvE11testResults,8,8
  29              		.ident	"GCC: (Ubuntu 4.8.4-2ubuntu1~14.04.3) 4.8.4"
  30              		.section	.note.GNU-stack,"",@progbits
DEFINED SYMBOLS
                            *ABS*:0000000000000000 CurrentTest.cpp
     /tmp/cc9ftkA2.s:6      .text:0000000000000000 _ZN8UnitTest11CurrentTest7ResultsEv
     /tmp/cc9ftkA2.s:28     .bss:0000000000000008 _ZZN8UnitTest11CurrentTest7ResultsEvE11testResults
     /tmp/cc9ftkA2.s:17     .text:0000000000000010 _ZN8UnitTest11CurrentTest7DetailsEv
     /tmp/cc9ftkA2.s:26     .bss:0000000000000000 _ZZN8UnitTest11CurrentTest7DetailsEvE11testDetails

NO UNDEFINED SYMBOLS
