Archive member included to satisfy reference by file (symbol)

/usr/lib/x86_64-linux-gnu/libc_nonshared.a(elf-init.oS)
                              /usr/lib/gcc/x86_64-linux-gnu/4.8/../../../x86_64-linux-gnu/crt1.o (__libc_csu_init)

As-needed library included to satisfy reference by file (symbol)

libfpgalink.so                .//.build/main.o (flInitialise)
libargtable2.so               .//.build/main.o (arg_print_glossary)

Allocating common symbols
Common symbol       size              file

dataFromCSV         0x186a50          .//.build/main.o

Discarded input sections

 .rodata.cst4   0x0000000000000000        0x4 /usr/lib/gcc/x86_64-linux-gnu/4.8/../../../x86_64-linux-gnu/crt1.o
 .data          0x0000000000000000        0x4 /usr/lib/gcc/x86_64-linux-gnu/4.8/../../../x86_64-linux-gnu/crt1.o
 .bss           0x0000000000000000        0x0 /usr/lib/gcc/x86_64-linux-gnu/4.8/../../../x86_64-linux-gnu/crt1.o
 .note.GNU-stack
                0x0000000000000000        0x0 /usr/lib/gcc/x86_64-linux-gnu/4.8/../../../x86_64-linux-gnu/crt1.o
 .gnu_debuglink
                0x0000000000000000        0xc /usr/lib/gcc/x86_64-linux-gnu/4.8/../../../x86_64-linux-gnu/crt1.o
 .text          0x0000000000000000        0x0 /usr/lib/gcc/x86_64-linux-gnu/4.8/../../../x86_64-linux-gnu/crti.o
 .data          0x0000000000000000        0x0 /usr/lib/gcc/x86_64-linux-gnu/4.8/../../../x86_64-linux-gnu/crti.o
 .bss           0x0000000000000000        0x0 /usr/lib/gcc/x86_64-linux-gnu/4.8/../../../x86_64-linux-gnu/crti.o
 .note.GNU-stack
                0x0000000000000000        0x0 /usr/lib/gcc/x86_64-linux-gnu/4.8/../../../x86_64-linux-gnu/crti.o
 .gnu_debuglink
                0x0000000000000000        0xc /usr/lib/gcc/x86_64-linux-gnu/4.8/../../../x86_64-linux-gnu/crti.o
 .data          0x0000000000000000        0x8 /usr/lib/gcc/x86_64-linux-gnu/4.8/crtbegin.o
 .note.GNU-stack
                0x0000000000000000        0x0 /usr/lib/gcc/x86_64-linux-gnu/4.8/crtbegin.o
 .data          0x0000000000000000        0x0 .//.build/main.o
 .note.GNU-stack
                0x0000000000000000        0x0 .//.build/main.o
 .text          0x0000000000000000       0x7a .//.build/sig.o
 .data          0x0000000000000000        0x0 .//.build/sig.o
 .bss           0x0000000000000000        0x1 .//.build/sig.o
 .note.GNU-stack
                0x0000000000000000        0x0 .//.build/sig.o
 .data          0x0000000000000000        0x0 /usr/lib/x86_64-linux-gnu/libc_nonshared.a(elf-init.oS)
 .bss           0x0000000000000000        0x0 /usr/lib/x86_64-linux-gnu/libc_nonshared.a(elf-init.oS)
 .note.GNU-stack
                0x0000000000000000        0x0 /usr/lib/x86_64-linux-gnu/libc_nonshared.a(elf-init.oS)
 .text          0x0000000000000000        0x0 /usr/lib/gcc/x86_64-linux-gnu/4.8/crtend.o
 .data          0x0000000000000000        0x0 /usr/lib/gcc/x86_64-linux-gnu/4.8/crtend.o
 .bss           0x0000000000000000        0x0 /usr/lib/gcc/x86_64-linux-gnu/4.8/crtend.o
 .note.GNU-stack
                0x0000000000000000        0x0 /usr/lib/gcc/x86_64-linux-gnu/4.8/crtend.o
 .text          0x0000000000000000        0x0 /usr/lib/gcc/x86_64-linux-gnu/4.8/../../../x86_64-linux-gnu/crtn.o
 .data          0x0000000000000000        0x0 /usr/lib/gcc/x86_64-linux-gnu/4.8/../../../x86_64-linux-gnu/crtn.o
 .bss           0x0000000000000000        0x0 /usr/lib/gcc/x86_64-linux-gnu/4.8/../../../x86_64-linux-gnu/crtn.o
 .note.GNU-stack
                0x0000000000000000        0x0 /usr/lib/gcc/x86_64-linux-gnu/4.8/../../../x86_64-linux-gnu/crtn.o
 .gnu_debuglink
                0x0000000000000000        0xc /usr/lib/gcc/x86_64-linux-gnu/4.8/../../../x86_64-linux-gnu/crtn.o

Memory Configuration

Name             Origin             Length             Attributes
*default*        0x0000000000000000 0xffffffffffffffff

Linker script and memory map

LOAD /usr/lib/gcc/x86_64-linux-gnu/4.8/../../../x86_64-linux-gnu/crt1.o
LOAD /usr/lib/gcc/x86_64-linux-gnu/4.8/../../../x86_64-linux-gnu/crti.o
LOAD /usr/lib/gcc/x86_64-linux-gnu/4.8/crtbegin.o
LOAD .//.build/main.o
LOAD .//.build/sig.o
LOAD /home/pandu/Desktop/DigitalLogicDesign/Lab/03-finishingup/backend/libs/libbuffer/lin.x64/rel/libbuffer.so
LOAD /home/pandu/Desktop/DigitalLogicDesign/Lab/03-finishingup/backend/libs/libfpgalink/lin.x64/rel/libfpgalink.so
LOAD /home/pandu/Desktop/DigitalLogicDesign/Lab/03-finishingup/backend/libs/libbuffer/lin.x64/rel/liberror.so
LOAD /home/pandu/Desktop/DigitalLogicDesign/Lab/03-finishingup/backend/libs/libdump/lin.x64/rel/libdump.a
LOAD /home/pandu/Desktop/DigitalLogicDesign/Lab/03-finishingup/backend/libs/libargtable2/lin.x64/rel/libargtable2.so
LOAD /usr/lib/gcc/x86_64-linux-gnu/4.8/../../../x86_64-linux-gnu/libreadline.so
LOAD /usr/lib/gcc/x86_64-linux-gnu/4.8/libgcc.a
LOAD /usr/lib/gcc/x86_64-linux-gnu/4.8/libgcc_s.so
LOAD /usr/lib/gcc/x86_64-linux-gnu/4.8/../../../x86_64-linux-gnu/libc.so
START GROUP
LOAD /lib/x86_64-linux-gnu/libc.so.6
LOAD /usr/lib/x86_64-linux-gnu/libc_nonshared.a
LOAD /lib/x86_64-linux-gnu/ld-linux-x86-64.so.2
END GROUP
LOAD /usr/lib/gcc/x86_64-linux-gnu/4.8/libgcc.a
LOAD /usr/lib/gcc/x86_64-linux-gnu/4.8/libgcc_s.so
LOAD /usr/lib/gcc/x86_64-linux-gnu/4.8/crtend.o
LOAD /usr/lib/gcc/x86_64-linux-gnu/4.8/../../../x86_64-linux-gnu/crtn.o
                0x0000000000400000                PROVIDE (__executable_start, 0x400000)
                0x0000000000400238                . = (0x400000 + SIZEOF_HEADERS)

.interp         0x0000000000400238       0x1c
 *(.interp)
 .interp        0x0000000000400238       0x1c /usr/lib/gcc/x86_64-linux-gnu/4.8/../../../x86_64-linux-gnu/crt1.o

.note.ABI-tag   0x0000000000400254       0x20
 .note.ABI-tag  0x0000000000400254       0x20 /usr/lib/gcc/x86_64-linux-gnu/4.8/../../../x86_64-linux-gnu/crt1.o

.note.gnu.build-id
                0x0000000000400274       0x24
 *(.note.gnu.build-id)
 .note.gnu.build-id
                0x0000000000400274       0x24 /usr/lib/gcc/x86_64-linux-gnu/4.8/../../../x86_64-linux-gnu/crt1.o

.hash
 *(.hash)

.gnu.hash       0x0000000000400298       0x34
 *(.gnu.hash)
 .gnu.hash      0x0000000000400298       0x34 /usr/lib/gcc/x86_64-linux-gnu/4.8/../../../x86_64-linux-gnu/crt1.o

.dynsym         0x00000000004002d0      0x468
 *(.dynsym)
 .dynsym        0x00000000004002d0      0x468 /usr/lib/gcc/x86_64-linux-gnu/4.8/../../../x86_64-linux-gnu/crt1.o

.dynstr         0x0000000000400738      0x288
 *(.dynstr)
 .dynstr        0x0000000000400738      0x288 /usr/lib/gcc/x86_64-linux-gnu/4.8/../../../x86_64-linux-gnu/crt1.o

.gnu.version    0x00000000004009c0       0x5e
 *(.gnu.version)
 .gnu.version   0x00000000004009c0       0x5e /usr/lib/gcc/x86_64-linux-gnu/4.8/../../../x86_64-linux-gnu/crt1.o

.gnu.version_d  0x0000000000400a20        0x0
 *(.gnu.version_d)
 .gnu.version_d
                0x0000000000000000        0x0 /usr/lib/gcc/x86_64-linux-gnu/4.8/../../../x86_64-linux-gnu/crt1.o

.gnu.version_r  0x0000000000400a20       0x30
 *(.gnu.version_r)
 .gnu.version_r
                0x0000000000400a20       0x30 /usr/lib/gcc/x86_64-linux-gnu/4.8/../../../x86_64-linux-gnu/crt1.o

.rela.dyn       0x0000000000400a50       0x48
 *(.rela.init)
 *(.rela.text .rela.text.* .rela.gnu.linkonce.t.*)
 .rela.text     0x0000000000000000        0x0 /usr/lib/gcc/x86_64-linux-gnu/4.8/../../../x86_64-linux-gnu/crt1.o
 .rela.text.startup
                0x0000000000000000        0x0 /usr/lib/gcc/x86_64-linux-gnu/4.8/../../../x86_64-linux-gnu/crt1.o
 *(.rela.fini)
 *(.rela.rodata .rela.rodata.* .rela.gnu.linkonce.r.*)
 *(.rela.data .rela.data.* .rela.gnu.linkonce.d.*)
 *(.rela.tdata .rela.tdata.* .rela.gnu.linkonce.td.*)
 *(.rela.tbss .rela.tbss.* .rela.gnu.linkonce.tb.*)
 *(.rela.ctors)
 *(.rela.dtors)
 *(.rela.got)
 .rela.got      0x0000000000400a50       0x18 /usr/lib/gcc/x86_64-linux-gnu/4.8/../../../x86_64-linux-gnu/crt1.o
 *(.rela.bss .rela.bss.* .rela.gnu.linkonce.b.*)
 .rela.bss      0x0000000000400a68       0x30 /usr/lib/gcc/x86_64-linux-gnu/4.8/../../../x86_64-linux-gnu/crt1.o
 *(.rela.ldata .rela.ldata.* .rela.gnu.linkonce.l.*)
 *(.rela.lbss .rela.lbss.* .rela.gnu.linkonce.lb.*)
 *(.rela.lrodata .rela.lrodata.* .rela.gnu.linkonce.lr.*)
 *(.rela.ifunc)

.rela.plt       0x0000000000400a98      0x360
 *(.rela.plt)
 .rela.plt      0x0000000000400a98      0x360 /usr/lib/gcc/x86_64-linux-gnu/4.8/../../../x86_64-linux-gnu/crt1.o
                0x0000000000400df8                PROVIDE (__rela_iplt_start, .)
 *(.rela.iplt)
 .rela.iplt     0x0000000000000000        0x0 /usr/lib/gcc/x86_64-linux-gnu/4.8/../../../x86_64-linux-gnu/crt1.o
                0x0000000000400df8                PROVIDE (__rela_iplt_end, .)

.init           0x0000000000400df8       0x1a
 *(SORT(.init))
 .init          0x0000000000400df8       0x15 /usr/lib/gcc/x86_64-linux-gnu/4.8/../../../x86_64-linux-gnu/crti.o
                0x0000000000400df8                _init
 .init          0x0000000000400e0d        0x5 /usr/lib/gcc/x86_64-linux-gnu/4.8/../../../x86_64-linux-gnu/crtn.o

.plt            0x0000000000400e20      0x250
 *(.plt)
 .plt           0x0000000000400e20      0x250 /usr/lib/gcc/x86_64-linux-gnu/4.8/../../../x86_64-linux-gnu/crt1.o
                0x0000000000400e30                flGetFirmwareVersion
                0x0000000000400e40                free@@GLIBC_2.2.5
                0x0000000000400e50                flGetFirmwareID
                0x0000000000400e60                arg_lit0
                0x0000000000400e70                arg_parse
                0x0000000000400e80                flLoadStandardFirmware
                0x0000000000400e90                arg_print_syntax
                0x0000000000400ea0                arg_str0
                0x0000000000400eb0                flSelectConduit
                0x0000000000400ec0                fclose@@GLIBC_2.2.5
                0x0000000000400ed0                arg_end
                0x0000000000400ee0                flOpen
                0x0000000000400ef0                arg_print_glossary
                0x0000000000400f00                flIsFPGARunning
                0x0000000000400f10                __libc_start_main@@GLIBC_2.2.5
                0x0000000000400f20                __getdelim@@GLIBC_2.2.5
                0x0000000000400f40                flInitialise
                0x0000000000400f50                malloc@@GLIBC_2.2.5
                0x0000000000400f60                fflush@@GLIBC_2.2.5
                0x0000000000400f70                flReadChannel
                0x0000000000400f80                arg_str1
                0x0000000000400f90                sscanf@@GLIBC_2.2.5
                0x0000000000400fa0                __printf_chk@@GLIBC_2.3.4
                0x0000000000400fb0                fopen@@GLIBC_2.2.5
                0x0000000000400fc0                strtok@@GLIBC_2.2.5
                0x0000000000400fd0                flWriteChannel
                0x0000000000400fe0                flLoadCustomFirmware
                0x0000000000400ff0                flIsDeviceAvailable
                0x0000000000401000                __fprintf_chk@@GLIBC_2.3.4
                0x0000000000401010                flFreeError
                0x0000000000401020                flIsCommCapable
                0x0000000000401030                flSleep
                0x0000000000401040                arg_print_errors
                0x0000000000401050                flClose
                0x0000000000401060                arg_nullcheck
 *(.iplt)
 .iplt          0x0000000000000000        0x0 /usr/lib/gcc/x86_64-linux-gnu/4.8/../../../x86_64-linux-gnu/crt1.o

.text           0x0000000000401070     0x1532
 *(.text.unlikely .text.*_unlikely .text.unlikely.*)
 *(.text.exit .text.exit.*)
 *(.text.startup .text.startup.*)
 .text.startup  0x0000000000401070     0x104a .//.build/main.o
                0x0000000000401070                main
 *(.text.hot .text.hot.*)
 *(.text .stub .text.* .gnu.linkonce.t.*)
 .text          0x00000000004020ba       0x2a /usr/lib/gcc/x86_64-linux-gnu/4.8/../../../x86_64-linux-gnu/crt1.o
                0x00000000004020ba                _start
 *fill*         0x00000000004020e4        0xc 
 .text          0x00000000004020f0       0xbd /usr/lib/gcc/x86_64-linux-gnu/4.8/crtbegin.o
 *fill*         0x00000000004021ad        0x3 
 .text          0x00000000004021b0      0x37c .//.build/main.o
                0x00000000004021b0                decrypt
                0x0000000000402220                encrypt
                0x0000000000402290                decrypt64
                0x0000000000402300                encrypt64
                0x0000000000402370                myHash
                0x0000000000402420                format
                0x0000000000402480                find
                0x00000000004024f0                suffBal
 *fill*         0x000000000040252c        0x4 
 .text          0x0000000000402530       0x72 /usr/lib/x86_64-linux-gnu/libc_nonshared.a(elf-init.oS)
                0x0000000000402530                __libc_csu_init
                0x00000000004025a0                __libc_csu_fini
 *(.gnu.warning)

.fini           0x00000000004025a4        0x9
 *(SORT(.fini))
 .fini          0x00000000004025a4        0x4 /usr/lib/gcc/x86_64-linux-gnu/4.8/../../../x86_64-linux-gnu/crti.o
                0x00000000004025a4                _fini
 .fini          0x00000000004025a8        0x5 /usr/lib/gcc/x86_64-linux-gnu/4.8/../../../x86_64-linux-gnu/crtn.o
                0x00000000004025ad                PROVIDE (__etext, .)
                0x00000000004025ad                PROVIDE (_etext, .)
                0x00000000004025ad                PROVIDE (etext, .)

.rodata         0x00000000004025b0      0x5b0
 *(.rodata .rodata.* .gnu.linkonce.r.*)
 .rodata.str1.1
                0x00000000004025b0      0x188 .//.build/main.o
                                        0x195 (size before relaxing)
 .rodata.str1.8
                0x0000000000402738      0x410 .//.build/main.o
                                        0x40d (size before relaxing)
 *fill*         0x0000000000402b48        0x8 
 .rodata.cst16  0x0000000000402b50       0x10 .//.build/main.o

.rodata1
 *(.rodata1)

.eh_frame_hdr   0x0000000000402b60       0x6c
 *(.eh_frame_hdr)
 .eh_frame_hdr  0x0000000000402b60       0x6c /usr/lib/gcc/x86_64-linux-gnu/4.8/../../../x86_64-linux-gnu/crt1.o

.eh_frame       0x0000000000402bd0      0x21c
 *(.eh_frame)
 .eh_frame      0x0000000000402bd0       0x30 /usr/lib/gcc/x86_64-linux-gnu/4.8/../../../x86_64-linux-gnu/crt1.o
 .eh_frame      0x0000000000402c00       0x40 /usr/lib/gcc/x86_64-linux-gnu/4.8/../../../x86_64-linux-gnu/crt1.o
 .eh_frame      0x0000000000402c40      0x148 .//.build/main.o
                                        0x128 (size before relaxing)
 .eh_frame      0x0000000000402d88        0x0 .//.build/sig.o
                                         0x60 (size before relaxing)
 .eh_frame      0x0000000000402d88       0x60 /usr/lib/x86_64-linux-gnu/libc_nonshared.a(elf-init.oS)
                                         0x78 (size before relaxing)
 .eh_frame      0x0000000000402de8        0x4 /usr/lib/gcc/x86_64-linux-gnu/4.8/crtend.o

.gcc_except_table
 *(.gcc_except_table .gcc_except_table.*)

.exception_ranges
 *(.exception_ranges .exception_ranges*)
                0x0000000000402dec                . = (ALIGN (0x200000) - ((0x200000 - .) & 0x1fffff))
                0x0000000000603ddc                . = DATA_SEGMENT_ALIGN (0x200000, 0x1000)

.eh_frame
 *(.eh_frame)

.gcc_except_table
 *(.gcc_except_table .gcc_except_table.*)

.exception_ranges
 *(.exception_ranges .exception_ranges*)

.tdata
 *(.tdata .tdata.* .gnu.linkonce.td.*)

.tbss
 *(.tbss .tbss.* .gnu.linkonce.tb.*)
 *(.tcommon)

.preinit_array  0x0000000000603ddc        0x0
                0x0000000000603ddc                PROVIDE (__preinit_array_start, .)
 *(.preinit_array)
                0x0000000000603ddc                PROVIDE (__preinit_array_end, .)

.init_array     0x0000000000603de0        0x8
                0x0000000000603de0                PROVIDE (__init_array_start, .)
 *(SORT(.init_array.*) SORT(.ctors.*))
 *(.init_array EXCLUDE_FILE(*crtend?.o *crtend.o *crtbegin?.o *crtbegin.o) .ctors)
 .init_array    0x0000000000603de0        0x8 /usr/lib/gcc/x86_64-linux-gnu/4.8/crtbegin.o
                0x0000000000603de8                PROVIDE (__init_array_end, .)

.fini_array     0x0000000000603de8        0x8
                0x0000000000603de8                PROVIDE (__fini_array_start, .)
 *(SORT(.fini_array.*) SORT(.dtors.*))
 *(.fini_array EXCLUDE_FILE(*crtend?.o *crtend.o *crtbegin?.o *crtbegin.o) .dtors)
 .fini_array    0x0000000000603de8        0x8 /usr/lib/gcc/x86_64-linux-gnu/4.8/crtbegin.o
                0x0000000000603df0                PROVIDE (__fini_array_end, .)

.ctors
 *crtbegin.o(.ctors)
 *crtbegin?.o(.ctors)
 *(EXCLUDE_FILE(*crtend?.o *crtend.o) .ctors)
 *(SORT(.ctors.*))
 *(.ctors)

.dtors
 *crtbegin.o(.dtors)
 *crtbegin?.o(.dtors)
 *(EXCLUDE_FILE(*crtend?.o *crtend.o) .dtors)
 *(SORT(.dtors.*))
 *(.dtors)

.jcr            0x0000000000603df0        0x8
 *(.jcr)
 .jcr           0x0000000000603df0        0x0 /usr/lib/gcc/x86_64-linux-gnu/4.8/crtbegin.o
 .jcr           0x0000000000603df0        0x8 /usr/lib/gcc/x86_64-linux-gnu/4.8/crtend.o

.data.rel.ro
 *(.data.rel.ro.local* .gnu.linkonce.d.rel.ro.local.*)
 *(.data.rel.ro .data.rel.ro.* .gnu.linkonce.d.rel.ro.*)

.dynamic        0x0000000000603df8      0x200
 *(.dynamic)
 .dynamic       0x0000000000603df8      0x200 /usr/lib/gcc/x86_64-linux-gnu/4.8/../../../x86_64-linux-gnu/crt1.o
                0x0000000000603df8                _DYNAMIC

.got            0x0000000000603ff8        0x8
 *(.got)
 .got           0x0000000000603ff8        0x8 /usr/lib/gcc/x86_64-linux-gnu/4.8/../../../x86_64-linux-gnu/crt1.o
 *(.igot)
                0x0000000000604fe8                . = DATA_SEGMENT_RELRO_END (., (SIZEOF (.got.plt) >= 0x18)?0x18:0x0)

.got.plt        0x0000000000604000      0x138
 *(.got.plt)
 .got.plt       0x0000000000604000      0x138 /usr/lib/gcc/x86_64-linux-gnu/4.8/../../../x86_64-linux-gnu/crt1.o
                0x0000000000604000                _GLOBAL_OFFSET_TABLE_
 *(.igot.plt)
 .igot.plt      0x0000000000000000        0x0 /usr/lib/gcc/x86_64-linux-gnu/4.8/../../../x86_64-linux-gnu/crt1.o

.data
 *(.data .data.* .gnu.linkonce.d.*)

.tm_clone_table
                0x0000000000604138        0x0
 .tm_clone_table
                0x0000000000604138        0x0 /usr/lib/gcc/x86_64-linux-gnu/4.8/crtbegin.o
 .tm_clone_table
                0x0000000000604138        0x0 /usr/lib/gcc/x86_64-linux-gnu/4.8/crtend.o

.data1
 *(.data1)
                0x0000000000604138                _edata = .
                0x0000000000604138                PROVIDE (edata, .)
                0x0000000000604138                . = .
                0x0000000000604138                __bss_start = .

.bss            0x0000000000604140   0x186a90
 *(.dynbss)
 .dynbss        0x0000000000604140       0x10 /usr/lib/gcc/x86_64-linux-gnu/4.8/../../../x86_64-linux-gnu/crt1.o
                0x0000000000604140                stdout@@GLIBC_2.2.5
                0x0000000000604148                stderr@@GLIBC_2.2.5
 *(.bss .bss.* .gnu.linkonce.b.*)
 .bss           0x0000000000604150        0x1 /usr/lib/gcc/x86_64-linux-gnu/4.8/crtbegin.o
 *fill*         0x0000000000604151        0xf 
 .bss           0x0000000000604160       0x14 .//.build/main.o
                0x0000000000604160                LOG
                0x0000000000604170                numLines
 *(COMMON)
 *fill*         0x0000000000604174        0xc 
 COMMON         0x0000000000604180   0x186a50 .//.build/main.o
                0x0000000000604180                dataFromCSV
                0x000000000078abd0                . = ALIGN ((. != 0x0)?0x8:0x1)

.lbss
 *(.dynlbss)
 *(.lbss .lbss.* .gnu.linkonce.lb.*)
 *(LARGE_COMMON)
                0x000000000078abd0                . = ALIGN (0x8)
                0x000000000078abd0                . = SEGMENT_START ("ldata-segment", .)

.lrodata
 *(.lrodata .lrodata.* .gnu.linkonce.lr.*)

.ldata          0x0000000000b8abd0        0x0
 *(.ldata .ldata.* .gnu.linkonce.l.*)
                0x0000000000b8abd0                . = ALIGN ((. != 0x0)?0x8:0x1)
                0x0000000000b8abd0                . = ALIGN (0x8)
                0x0000000000b8abd0                _end = .
                0x0000000000b8abd0                PROVIDE (end, .)
                0x0000000000b8abd0                . = DATA_SEGMENT_END (.)

.stab
 *(.stab)

.stabstr
 *(.stabstr)

.stab.excl
 *(.stab.excl)

.stab.exclstr
 *(.stab.exclstr)

.stab.index
 *(.stab.index)

.stab.indexstr
 *(.stab.indexstr)

.comment        0x0000000000000000       0x2b
 *(.comment)
 .comment       0x0000000000000000       0x2b /usr/lib/gcc/x86_64-linux-gnu/4.8/crtbegin.o
                                         0x2c (size before relaxing)
 .comment       0x0000000000000000       0x2c .//.build/main.o
 .comment       0x0000000000000000       0x2c .//.build/sig.o
 .comment       0x0000000000000000       0x2c /usr/lib/x86_64-linux-gnu/libc_nonshared.a(elf-init.oS)
 .comment       0x0000000000000000       0x2c /usr/lib/gcc/x86_64-linux-gnu/4.8/crtend.o

.debug
 *(.debug)

.line
 *(.line)

.debug_srcinfo
 *(.debug_srcinfo)

.debug_sfnames
 *(.debug_sfnames)

.debug_aranges
 *(.debug_aranges)

.debug_pubnames
 *(.debug_pubnames)

.debug_info
 *(.debug_info .gnu.linkonce.wi.*)

.debug_abbrev
 *(.debug_abbrev)

.debug_line
 *(.debug_line .debug_line.* .debug_line_end)

.debug_frame
 *(.debug_frame)

.debug_str
 *(.debug_str)

.debug_loc
 *(.debug_loc)

.debug_macinfo
 *(.debug_macinfo)

.debug_weaknames
 *(.debug_weaknames)

.debug_funcnames
 *(.debug_funcnames)

.debug_typenames
 *(.debug_typenames)

.debug_varnames
 *(.debug_varnames)

.debug_pubtypes
 *(.debug_pubtypes)

.debug_ranges
 *(.debug_ranges)

.debug_macro
 *(.debug_macro)

.gnu.attributes
 *(.gnu.attributes)

/DISCARD/
 *(.note.GNU-stack)
 *(.gnu_debuglink)
 *(.gnu.lto_*)
OUTPUT(.//ATM.out elf64-x86-64)

Cross Reference Table

Symbol                                            File
GLIBC_2.10                                        /lib/x86_64-linux-gnu/libc.so.6
GLIBC_2.11                                        /lib/x86_64-linux-gnu/libc.so.6
GLIBC_2.12                                        /lib/x86_64-linux-gnu/libc.so.6
GLIBC_2.13                                        /lib/x86_64-linux-gnu/libc.so.6
GLIBC_2.14                                        /lib/x86_64-linux-gnu/libc.so.6
GLIBC_2.15                                        /lib/x86_64-linux-gnu/libc.so.6
GLIBC_2.16                                        /lib/x86_64-linux-gnu/libc.so.6
GLIBC_2.17                                        /lib/x86_64-linux-gnu/libc.so.6
GLIBC_2.18                                        /lib/x86_64-linux-gnu/libc.so.6
GLIBC_2.2.5                                       /lib/x86_64-linux-gnu/libc.so.6
                                                  /lib/x86_64-linux-gnu/ld-linux-x86-64.so.2
GLIBC_2.2.6                                       /lib/x86_64-linux-gnu/libc.so.6
GLIBC_2.3                                         /lib/x86_64-linux-gnu/libc.so.6
                                                  /lib/x86_64-linux-gnu/ld-linux-x86-64.so.2
GLIBC_2.3.2                                       /lib/x86_64-linux-gnu/libc.so.6
GLIBC_2.3.3                                       /lib/x86_64-linux-gnu/libc.so.6
GLIBC_2.3.4                                       /lib/x86_64-linux-gnu/libc.so.6
GLIBC_2.4                                         /lib/x86_64-linux-gnu/libc.so.6
                                                  /lib/x86_64-linux-gnu/ld-linux-x86-64.so.2
GLIBC_2.5                                         /lib/x86_64-linux-gnu/libc.so.6
GLIBC_2.6                                         /lib/x86_64-linux-gnu/libc.so.6
GLIBC_2.7                                         /lib/x86_64-linux-gnu/libc.so.6
GLIBC_2.8                                         /lib/x86_64-linux-gnu/libc.so.6
GLIBC_2.9                                         /lib/x86_64-linux-gnu/libc.so.6
GLIBC_PRIVATE                                     /lib/x86_64-linux-gnu/libc.so.6
                                                  /lib/x86_64-linux-gnu/ld-linux-x86-64.so.2
LOG                                               .//.build/main.o
_DYNAMIC                                          /usr/lib/gcc/x86_64-linux-gnu/4.8/../../../x86_64-linux-gnu/crt1.o
_Exit                                             /lib/x86_64-linux-gnu/libc.so.6
_Exit@@GLIBC_2.2.5                                /lib/x86_64-linux-gnu/libc.so.6
_Exit@GLIBC_2.2.5                                 /lib/x86_64-linux-gnu/libc.so.6
_GLOBAL_OFFSET_TABLE_                             /usr/lib/gcc/x86_64-linux-gnu/4.8/../../../x86_64-linux-gnu/crt1.o
                                                  /usr/lib/x86_64-linux-gnu/libc_nonshared.a(elf-init.oS)
                                                  /usr/lib/gcc/x86_64-linux-gnu/4.8/../../../x86_64-linux-gnu/crti.o
_IO_fprintf                                       /lib/x86_64-linux-gnu/libc.so.6
_IO_fprintf@@GLIBC_2.2.5                          /lib/x86_64-linux-gnu/libc.so.6
_IO_fprintf@GLIBC_2.2.5                           /lib/x86_64-linux-gnu/libc.so.6
_IO_stdin_used                                    /usr/lib/gcc/x86_64-linux-gnu/4.8/../../../x86_64-linux-gnu/crt1.o
_ITM_deregisterTMCloneTable                       /home/pandu/Desktop/DigitalLogicDesign/Lab/03-finishingup/backend/libs/libbuffer/lin.x64/rel/libbuffer.so
                                                  /home/pandu/Desktop/DigitalLogicDesign/Lab/03-finishingup/backend/libs/libbuffer/lin.x64/rel/liberror.so
                                                  /home/pandu/Desktop/DigitalLogicDesign/Lab/03-finishingup/backend/libs/libargtable2/lin.x64/rel/libargtable2.so
                                                  /home/pandu/Desktop/DigitalLogicDesign/Lab/03-finishingup/backend/libs/libfpgalink/lin.x64/rel/libfpgalink.so
                                                  /usr/lib/gcc/x86_64-linux-gnu/4.8/crtbegin.o
_ITM_registerTMCloneTable                         /home/pandu/Desktop/DigitalLogicDesign/Lab/03-finishingup/backend/libs/libbuffer/lin.x64/rel/libbuffer.so
                                                  /home/pandu/Desktop/DigitalLogicDesign/Lab/03-finishingup/backend/libs/libbuffer/lin.x64/rel/liberror.so
                                                  /home/pandu/Desktop/DigitalLogicDesign/Lab/03-finishingup/backend/libs/libargtable2/lin.x64/rel/libargtable2.so
                                                  /home/pandu/Desktop/DigitalLogicDesign/Lab/03-finishingup/backend/libs/libfpgalink/lin.x64/rel/libfpgalink.so
                                                  /usr/lib/gcc/x86_64-linux-gnu/4.8/crtbegin.o
_Jv_RegisterClasses                               /home/pandu/Desktop/DigitalLogicDesign/Lab/03-finishingup/backend/libs/libbuffer/lin.x64/rel/libbuffer.so
                                                  /home/pandu/Desktop/DigitalLogicDesign/Lab/03-finishingup/backend/libs/libbuffer/lin.x64/rel/liberror.so
                                                  /home/pandu/Desktop/DigitalLogicDesign/Lab/03-finishingup/backend/libs/libargtable2/lin.x64/rel/libargtable2.so
                                                  /home/pandu/Desktop/DigitalLogicDesign/Lab/03-finishingup/backend/libs/libfpgalink/lin.x64/rel/libfpgalink.so
                                                  /usr/lib/gcc/x86_64-linux-gnu/4.8/crtbegin.o
__TMC_END__                                       /usr/lib/gcc/x86_64-linux-gnu/4.8/crtend.o
                                                  /usr/lib/gcc/x86_64-linux-gnu/4.8/crtbegin.o
__after_morecore_hook                             /lib/x86_64-linux-gnu/libc.so.6
__after_morecore_hook@@GLIBC_2.2.5                /lib/x86_64-linux-gnu/libc.so.6
__after_morecore_hook@GLIBC_2.2.5                 /lib/x86_64-linux-gnu/libc.so.6
__bss_start                                       /home/pandu/Desktop/DigitalLogicDesign/Lab/03-finishingup/backend/libs/libfpgalink/lin.x64/rel/libfpgalink.so
                                                  /home/pandu/Desktop/DigitalLogicDesign/Lab/03-finishingup/backend/libs/libbuffer/lin.x64/rel/libbuffer.so
                                                  /home/pandu/Desktop/DigitalLogicDesign/Lab/03-finishingup/backend/libs/libbuffer/lin.x64/rel/liberror.so
                                                  /home/pandu/Desktop/DigitalLogicDesign/Lab/03-finishingup/backend/libs/libargtable2/lin.x64/rel/libargtable2.so
__close                                           /lib/x86_64-linux-gnu/libc.so.6
__close@@GLIBC_2.2.5                              /lib/x86_64-linux-gnu/libc.so.6
__close@GLIBC_2.2.5                               /lib/x86_64-linux-gnu/libc.so.6
__connect                                         /lib/x86_64-linux-gnu/libc.so.6
__connect@@GLIBC_2.2.5                            /lib/x86_64-linux-gnu/libc.so.6
__connect@GLIBC_2.2.5                             /lib/x86_64-linux-gnu/libc.so.6
__ctype_get_mb_cur_max                            /lib/x86_64-linux-gnu/libc.so.6
__ctype_get_mb_cur_max@@GLIBC_2.2.5               /lib/x86_64-linux-gnu/libc.so.6
__ctype_get_mb_cur_max@GLIBC_2.2.5                /lib/x86_64-linux-gnu/libc.so.6
__data_start                                      /usr/lib/gcc/x86_64-linux-gnu/4.8/../../../x86_64-linux-gnu/crt1.o
__dso_handle                                      /usr/lib/gcc/x86_64-linux-gnu/4.8/crtbegin.o
__fcntl                                           /lib/x86_64-linux-gnu/libc.so.6
__fcntl@@GLIBC_2.2.5                              /lib/x86_64-linux-gnu/libc.so.6
__fcntl@GLIBC_2.2.5                               /lib/x86_64-linux-gnu/libc.so.6
__fprintf_chk                                     /lib/x86_64-linux-gnu/libc.so.6
                                                  .//.build/main.o
__fprintf_chk@@GLIBC_2.3.4                        /lib/x86_64-linux-gnu/libc.so.6
__fprintf_chk@GLIBC_2.3.4                         /lib/x86_64-linux-gnu/libc.so.6
                                                  /home/pandu/Desktop/DigitalLogicDesign/Lab/03-finishingup/backend/libs/libargtable2/lin.x64/rel/libargtable2.so
__free_hook                                       /lib/x86_64-linux-gnu/libc.so.6
__free_hook@@GLIBC_2.2.5                          /lib/x86_64-linux-gnu/libc.so.6
__free_hook@GLIBC_2.2.5                           /lib/x86_64-linux-gnu/libc.so.6
__getdelim                                        /lib/x86_64-linux-gnu/libc.so.6
                                                  .//.build/main.o
__getdelim@@GLIBC_2.2.5                           /lib/x86_64-linux-gnu/libc.so.6
__getdelim@GLIBC_2.2.5                            /lib/x86_64-linux-gnu/libc.so.6
__gmon_start__                                    /home/pandu/Desktop/DigitalLogicDesign/Lab/03-finishingup/backend/libs/libbuffer/lin.x64/rel/libbuffer.so
                                                  /home/pandu/Desktop/DigitalLogicDesign/Lab/03-finishingup/backend/libs/libbuffer/lin.x64/rel/liberror.so
                                                  /home/pandu/Desktop/DigitalLogicDesign/Lab/03-finishingup/backend/libs/libargtable2/lin.x64/rel/libargtable2.so
                                                  /home/pandu/Desktop/DigitalLogicDesign/Lab/03-finishingup/backend/libs/libfpgalink/lin.x64/rel/libfpgalink.so
                                                  /usr/lib/gcc/x86_64-linux-gnu/4.8/../../../x86_64-linux-gnu/crti.o
__init_array_end                                  /usr/lib/x86_64-linux-gnu/libc_nonshared.a(elf-init.oS)
__init_array_start                                /usr/lib/x86_64-linux-gnu/libc_nonshared.a(elf-init.oS)
__isascii_l                                       /lib/x86_64-linux-gnu/libc.so.6
__isascii_l@@GLIBC_2.2.5                          /lib/x86_64-linux-gnu/libc.so.6
__isascii_l@GLIBC_2.2.5                           /lib/x86_64-linux-gnu/libc.so.6
__libc_csu_fini                                   /usr/lib/x86_64-linux-gnu/libc_nonshared.a(elf-init.oS)
                                                  /usr/lib/gcc/x86_64-linux-gnu/4.8/../../../x86_64-linux-gnu/crt1.o
__libc_csu_init                                   /usr/lib/x86_64-linux-gnu/libc_nonshared.a(elf-init.oS)
                                                  /usr/lib/gcc/x86_64-linux-gnu/4.8/../../../x86_64-linux-gnu/crt1.o
__libc_secure_getenv                              /lib/x86_64-linux-gnu/libc.so.6
__libc_secure_getenv@@GLIBC_PRIVATE               /lib/x86_64-linux-gnu/libc.so.6
__libc_secure_getenv@GLIBC_PRIVATE                /lib/x86_64-linux-gnu/libc.so.6
__libc_start_main                                 /lib/x86_64-linux-gnu/libc.so.6
                                                  /usr/lib/gcc/x86_64-linux-gnu/4.8/../../../x86_64-linux-gnu/crt1.o
__libc_start_main@@GLIBC_2.2.5                    /lib/x86_64-linux-gnu/libc.so.6
__libc_start_main@GLIBC_2.2.5                     /lib/x86_64-linux-gnu/libc.so.6
__lseek                                           /lib/x86_64-linux-gnu/libc.so.6
__lseek@@GLIBC_2.2.5                              /lib/x86_64-linux-gnu/libc.so.6
__lseek@GLIBC_2.2.5                               /lib/x86_64-linux-gnu/libc.so.6
__malloc_hook                                     /lib/x86_64-linux-gnu/libc.so.6
__malloc_hook@@GLIBC_2.2.5                        /lib/x86_64-linux-gnu/libc.so.6
__malloc_hook@GLIBC_2.2.5                         /lib/x86_64-linux-gnu/libc.so.6
__malloc_initialize_hook                          /lib/x86_64-linux-gnu/libc.so.6
__malloc_initialize_hook@@GLIBC_2.2.5             /lib/x86_64-linux-gnu/libc.so.6
__malloc_initialize_hook@GLIBC_2.2.5              /lib/x86_64-linux-gnu/libc.so.6
__memalign_hook                                   /lib/x86_64-linux-gnu/libc.so.6
__memalign_hook@@GLIBC_2.2.5                      /lib/x86_64-linux-gnu/libc.so.6
__memalign_hook@GLIBC_2.2.5                       /lib/x86_64-linux-gnu/libc.so.6
__nanosleep                                       /lib/x86_64-linux-gnu/libc.so.6
__nanosleep@@GLIBC_2.2.6                          /lib/x86_64-linux-gnu/libc.so.6
__nanosleep@GLIBC_2.2.6                           /lib/x86_64-linux-gnu/libc.so.6
__open                                            /lib/x86_64-linux-gnu/libc.so.6
__open64                                          /lib/x86_64-linux-gnu/libc.so.6
__open64@@GLIBC_2.2.5                             /lib/x86_64-linux-gnu/libc.so.6
__open64@GLIBC_2.2.5                              /lib/x86_64-linux-gnu/libc.so.6
__open@@GLIBC_2.2.5                               /lib/x86_64-linux-gnu/libc.so.6
__open@GLIBC_2.2.5                                /lib/x86_64-linux-gnu/libc.so.6
__poll                                            /lib/x86_64-linux-gnu/libc.so.6
__poll@@GLIBC_2.2.5                               /lib/x86_64-linux-gnu/libc.so.6
__poll@GLIBC_2.2.5                                /lib/x86_64-linux-gnu/libc.so.6
__pread64                                         /lib/x86_64-linux-gnu/libc.so.6
__pread64@@GLIBC_2.2.5                            /lib/x86_64-linux-gnu/libc.so.6
__pread64@GLIBC_2.2.5                             /lib/x86_64-linux-gnu/libc.so.6
__printf_chk                                      /lib/x86_64-linux-gnu/libc.so.6
                                                  .//.build/main.o
__printf_chk@@GLIBC_2.3.4                         /lib/x86_64-linux-gnu/libc.so.6
__printf_chk@GLIBC_2.3.4                          /lib/x86_64-linux-gnu/libc.so.6
                                                  /home/pandu/Desktop/DigitalLogicDesign/Lab/03-finishingup/backend/libs/libargtable2/lin.x64/rel/libargtable2.so
__pwrite64                                        /lib/x86_64-linux-gnu/libc.so.6
__pwrite64@@GLIBC_2.2.5                           /lib/x86_64-linux-gnu/libc.so.6
__pwrite64@GLIBC_2.2.5                            /lib/x86_64-linux-gnu/libc.so.6
__read                                            /lib/x86_64-linux-gnu/libc.so.6
__read@@GLIBC_2.2.5                               /lib/x86_64-linux-gnu/libc.so.6
__read@GLIBC_2.2.5                                /lib/x86_64-linux-gnu/libc.so.6
__realloc_hook                                    /lib/x86_64-linux-gnu/libc.so.6
__realloc_hook@@GLIBC_2.2.5                       /lib/x86_64-linux-gnu/libc.so.6
__realloc_hook@GLIBC_2.2.5                        /lib/x86_64-linux-gnu/libc.so.6
__secure_getenv@GLIBC_2.2.5                       /lib/x86_64-linux-gnu/libc.so.6
__send                                            /lib/x86_64-linux-gnu/libc.so.6
__send@@GLIBC_2.2.5                               /lib/x86_64-linux-gnu/libc.so.6
__send@GLIBC_2.2.5                                /lib/x86_64-linux-gnu/libc.so.6
__sigaction                                       /lib/x86_64-linux-gnu/libc.so.6
__sigaction@@GLIBC_2.2.5                          /lib/x86_64-linux-gnu/libc.so.6
__sigaction@GLIBC_2.2.5                           /lib/x86_64-linux-gnu/libc.so.6
__strtoll_l                                       /lib/x86_64-linux-gnu/libc.so.6
__strtoll_l@@GLIBC_2.2.5                          /lib/x86_64-linux-gnu/libc.so.6
__strtoll_l@GLIBC_2.2.5                           /lib/x86_64-linux-gnu/libc.so.6
__strtoull_l                                      /lib/x86_64-linux-gnu/libc.so.6
__strtoull_l@@GLIBC_2.2.5                         /lib/x86_64-linux-gnu/libc.so.6
__strtoull_l@GLIBC_2.2.5                          /lib/x86_64-linux-gnu/libc.so.6
__toascii_l                                       /lib/x86_64-linux-gnu/libc.so.6
__toascii_l@@GLIBC_2.2.5                          /lib/x86_64-linux-gnu/libc.so.6
__toascii_l@GLIBC_2.2.5                           /lib/x86_64-linux-gnu/libc.so.6
__vsnprintf                                       /lib/x86_64-linux-gnu/libc.so.6
__vsnprintf@@GLIBC_2.2.5                          /lib/x86_64-linux-gnu/libc.so.6
__vsnprintf@GLIBC_2.2.5                           /lib/x86_64-linux-gnu/libc.so.6
__vsscanf                                         /lib/x86_64-linux-gnu/libc.so.6
__vsscanf@@GLIBC_2.2.5                            /lib/x86_64-linux-gnu/libc.so.6
__vsscanf@GLIBC_2.2.5                             /lib/x86_64-linux-gnu/libc.so.6
__wait                                            /lib/x86_64-linux-gnu/libc.so.6
__wait@@GLIBC_2.2.5                               /lib/x86_64-linux-gnu/libc.so.6
__wait@GLIBC_2.2.5                                /lib/x86_64-linux-gnu/libc.so.6
__waitpid                                         /lib/x86_64-linux-gnu/libc.so.6
__waitpid@@GLIBC_2.2.5                            /lib/x86_64-linux-gnu/libc.so.6
__waitpid@GLIBC_2.2.5                             /lib/x86_64-linux-gnu/libc.so.6
__wcstoll_l                                       /lib/x86_64-linux-gnu/libc.so.6
__wcstoll_l@@GLIBC_2.2.5                          /lib/x86_64-linux-gnu/libc.so.6
__wcstoll_l@GLIBC_2.2.5                           /lib/x86_64-linux-gnu/libc.so.6
__wcstoull_l                                      /lib/x86_64-linux-gnu/libc.so.6
__wcstoull_l@@GLIBC_2.2.5                         /lib/x86_64-linux-gnu/libc.so.6
__wcstoull_l@GLIBC_2.2.5                          /lib/x86_64-linux-gnu/libc.so.6
__write                                           /lib/x86_64-linux-gnu/libc.so.6
__write@@GLIBC_2.2.5                              /lib/x86_64-linux-gnu/libc.so.6
__write@GLIBC_2.2.5                               /lib/x86_64-linux-gnu/libc.so.6
__xpg_sigpause                                    /lib/x86_64-linux-gnu/libc.so.6
__xpg_sigpause@@GLIBC_2.2.5                       /lib/x86_64-linux-gnu/libc.so.6
__xpg_sigpause@GLIBC_2.2.5                        /lib/x86_64-linux-gnu/libc.so.6
_dl_starting_up                                   /lib/x86_64-linux-gnu/libc.so.6
_edata                                            /home/pandu/Desktop/DigitalLogicDesign/Lab/03-finishingup/backend/libs/libfpgalink/lin.x64/rel/libfpgalink.so
                                                  /home/pandu/Desktop/DigitalLogicDesign/Lab/03-finishingup/backend/libs/libbuffer/lin.x64/rel/libbuffer.so
                                                  /home/pandu/Desktop/DigitalLogicDesign/Lab/03-finishingup/backend/libs/libbuffer/lin.x64/rel/liberror.so
                                                  /home/pandu/Desktop/DigitalLogicDesign/Lab/03-finishingup/backend/libs/libargtable2/lin.x64/rel/libargtable2.so
_end                                              /home/pandu/Desktop/DigitalLogicDesign/Lab/03-finishingup/backend/libs/libfpgalink/lin.x64/rel/libfpgalink.so
                                                  /home/pandu/Desktop/DigitalLogicDesign/Lab/03-finishingup/backend/libs/libbuffer/lin.x64/rel/libbuffer.so
                                                  /home/pandu/Desktop/DigitalLogicDesign/Lab/03-finishingup/backend/libs/libbuffer/lin.x64/rel/liberror.so
                                                  /home/pandu/Desktop/DigitalLogicDesign/Lab/03-finishingup/backend/libs/libargtable2/lin.x64/rel/libargtable2.so
_environ                                          /lib/x86_64-linux-gnu/libc.so.6
_environ@@GLIBC_2.2.5                             /lib/x86_64-linux-gnu/libc.so.6
_environ@GLIBC_2.2.5                              /lib/x86_64-linux-gnu/libc.so.6
_fini                                             /usr/lib/gcc/x86_64-linux-gnu/4.8/../../../x86_64-linux-gnu/crti.o
                                                  /home/pandu/Desktop/DigitalLogicDesign/Lab/03-finishingup/backend/libs/libbuffer/lin.x64/rel/libbuffer.so
                                                  /home/pandu/Desktop/DigitalLogicDesign/Lab/03-finishingup/backend/libs/libbuffer/lin.x64/rel/liberror.so
                                                  /home/pandu/Desktop/DigitalLogicDesign/Lab/03-finishingup/backend/libs/libargtable2/lin.x64/rel/libargtable2.so
                                                  /home/pandu/Desktop/DigitalLogicDesign/Lab/03-finishingup/backend/libs/libfpgalink/lin.x64/rel/libfpgalink.so
_flushlbf                                         /lib/x86_64-linux-gnu/libc.so.6
_flushlbf@@GLIBC_2.2.5                            /lib/x86_64-linux-gnu/libc.so.6
_flushlbf@GLIBC_2.2.5                             /lib/x86_64-linux-gnu/libc.so.6
_init                                             /usr/lib/gcc/x86_64-linux-gnu/4.8/../../../x86_64-linux-gnu/crti.o
                                                  /home/pandu/Desktop/DigitalLogicDesign/Lab/03-finishingup/backend/libs/libbuffer/lin.x64/rel/libbuffer.so
                                                  /home/pandu/Desktop/DigitalLogicDesign/Lab/03-finishingup/backend/libs/libbuffer/lin.x64/rel/liberror.so
                                                  /usr/lib/x86_64-linux-gnu/libc_nonshared.a(elf-init.oS)
                                                  /home/pandu/Desktop/DigitalLogicDesign/Lab/03-finishingup/backend/libs/libargtable2/lin.x64/rel/libargtable2.so
                                                  /home/pandu/Desktop/DigitalLogicDesign/Lab/03-finishingup/backend/libs/libfpgalink/lin.x64/rel/libfpgalink.so
_longjmp                                          /lib/x86_64-linux-gnu/libc.so.6
_longjmp@@GLIBC_2.2.5                             /lib/x86_64-linux-gnu/libc.so.6
_longjmp@GLIBC_2.2.5                              /lib/x86_64-linux-gnu/libc.so.6
_start                                            /usr/lib/gcc/x86_64-linux-gnu/4.8/../../../x86_64-linux-gnu/crt1.o
accept                                            /lib/x86_64-linux-gnu/libc.so.6
accept@@GLIBC_2.2.5                               /lib/x86_64-linux-gnu/libc.so.6
accept@GLIBC_2.2.5                                /lib/x86_64-linux-gnu/libc.so.6
access                                            /lib/x86_64-linux-gnu/libc.so.6
access@@GLIBC_2.2.5                               /lib/x86_64-linux-gnu/libc.so.6
access@GLIBC_2.2.5                                /lib/x86_64-linux-gnu/libc.so.6
addmntent                                         /lib/x86_64-linux-gnu/libc.so.6
addmntent@@GLIBC_2.2.5                            /lib/x86_64-linux-gnu/libc.so.6
addmntent@GLIBC_2.2.5                             /lib/x86_64-linux-gnu/libc.so.6
adjtime                                           /lib/x86_64-linux-gnu/libc.so.6
adjtime@@GLIBC_2.2.5                              /lib/x86_64-linux-gnu/libc.so.6
adjtime@GLIBC_2.2.5                               /lib/x86_64-linux-gnu/libc.so.6
adjtimex                                          /lib/x86_64-linux-gnu/libc.so.6
adjtimex@@GLIBC_2.2.5                             /lib/x86_64-linux-gnu/libc.so.6
adjtimex@GLIBC_2.2.5                              /lib/x86_64-linux-gnu/libc.so.6
advance                                           /lib/x86_64-linux-gnu/libc.so.6
advance@@GLIBC_2.2.5                              /lib/x86_64-linux-gnu/libc.so.6
advance@GLIBC_2.2.5                               /lib/x86_64-linux-gnu/libc.so.6
aligned_alloc                                     /lib/x86_64-linux-gnu/libc.so.6
aligned_alloc@@GLIBC_2.16                         /lib/x86_64-linux-gnu/libc.so.6
aligned_alloc@GLIBC_2.16                          /lib/x86_64-linux-gnu/libc.so.6
alphasort64                                       /lib/x86_64-linux-gnu/libc.so.6
alphasort64@@GLIBC_2.2.5                          /lib/x86_64-linux-gnu/libc.so.6
alphasort64@GLIBC_2.2.5                           /lib/x86_64-linux-gnu/libc.so.6
arch_prctl                                        /lib/x86_64-linux-gnu/libc.so.6
arch_prctl@@GLIBC_2.2.5                           /lib/x86_64-linux-gnu/libc.so.6
arch_prctl@GLIBC_2.2.5                            /lib/x86_64-linux-gnu/libc.so.6
arg_end                                           /home/pandu/Desktop/DigitalLogicDesign/Lab/03-finishingup/backend/libs/libargtable2/lin.x64/rel/libargtable2.so
                                                  .//.build/main.o
arg_lit0                                          /home/pandu/Desktop/DigitalLogicDesign/Lab/03-finishingup/backend/libs/libargtable2/lin.x64/rel/libargtable2.so
                                                  .//.build/main.o
arg_nullcheck                                     /home/pandu/Desktop/DigitalLogicDesign/Lab/03-finishingup/backend/libs/libargtable2/lin.x64/rel/libargtable2.so
                                                  .//.build/main.o
arg_parse                                         /home/pandu/Desktop/DigitalLogicDesign/Lab/03-finishingup/backend/libs/libargtable2/lin.x64/rel/libargtable2.so
                                                  .//.build/main.o
arg_print_errors                                  /home/pandu/Desktop/DigitalLogicDesign/Lab/03-finishingup/backend/libs/libargtable2/lin.x64/rel/libargtable2.so
                                                  .//.build/main.o
arg_print_glossary                                /home/pandu/Desktop/DigitalLogicDesign/Lab/03-finishingup/backend/libs/libargtable2/lin.x64/rel/libargtable2.so
                                                  .//.build/main.o
arg_print_syntax                                  /home/pandu/Desktop/DigitalLogicDesign/Lab/03-finishingup/backend/libs/libargtable2/lin.x64/rel/libargtable2.so
                                                  .//.build/main.o
arg_str0                                          /home/pandu/Desktop/DigitalLogicDesign/Lab/03-finishingup/backend/libs/libargtable2/lin.x64/rel/libargtable2.so
                                                  .//.build/main.o
arg_str1                                          /home/pandu/Desktop/DigitalLogicDesign/Lab/03-finishingup/backend/libs/libargtable2/lin.x64/rel/libargtable2.so
                                                  .//.build/main.o
argp_error                                        /lib/x86_64-linux-gnu/libc.so.6
argp_error@@GLIBC_2.2.5                           /lib/x86_64-linux-gnu/libc.so.6
argp_error@GLIBC_2.2.5                            /lib/x86_64-linux-gnu/libc.so.6
argp_failure                                      /lib/x86_64-linux-gnu/libc.so.6
argp_failure@@GLIBC_2.2.5                         /lib/x86_64-linux-gnu/libc.so.6
argp_failure@GLIBC_2.2.5                          /lib/x86_64-linux-gnu/libc.so.6
argp_help                                         /lib/x86_64-linux-gnu/libc.so.6
argp_help@@GLIBC_2.2.5                            /lib/x86_64-linux-gnu/libc.so.6
argp_help@GLIBC_2.2.5                             /lib/x86_64-linux-gnu/libc.so.6
argp_parse                                        /lib/x86_64-linux-gnu/libc.so.6
argp_parse@@GLIBC_2.2.5                           /lib/x86_64-linux-gnu/libc.so.6
argp_parse@GLIBC_2.2.5                            /lib/x86_64-linux-gnu/libc.so.6
argp_state_help                                   /lib/x86_64-linux-gnu/libc.so.6
argp_state_help@@GLIBC_2.2.5                      /lib/x86_64-linux-gnu/libc.so.6
argp_state_help@GLIBC_2.2.5                       /lib/x86_64-linux-gnu/libc.so.6
argp_usage                                        /lib/x86_64-linux-gnu/libc.so.6
argp_usage@@GLIBC_2.2.5                           /lib/x86_64-linux-gnu/libc.so.6
argp_usage@GLIBC_2.2.5                            /lib/x86_64-linux-gnu/libc.so.6
argz_add                                          /lib/x86_64-linux-gnu/libc.so.6
argz_add@@GLIBC_2.2.5                             /lib/x86_64-linux-gnu/libc.so.6
argz_add@GLIBC_2.2.5                              /lib/x86_64-linux-gnu/libc.so.6
argz_add_sep                                      /lib/x86_64-linux-gnu/libc.so.6
argz_add_sep@@GLIBC_2.2.5                         /lib/x86_64-linux-gnu/libc.so.6
argz_add_sep@GLIBC_2.2.5                          /lib/x86_64-linux-gnu/libc.so.6
argz_append                                       /lib/x86_64-linux-gnu/libc.so.6
argz_append@@GLIBC_2.2.5                          /lib/x86_64-linux-gnu/libc.so.6
argz_append@GLIBC_2.2.5                           /lib/x86_64-linux-gnu/libc.so.6
argz_count                                        /lib/x86_64-linux-gnu/libc.so.6
argz_count@@GLIBC_2.2.5                           /lib/x86_64-linux-gnu/libc.so.6
argz_count@GLIBC_2.2.5                            /lib/x86_64-linux-gnu/libc.so.6
argz_create                                       /lib/x86_64-linux-gnu/libc.so.6
argz_create@@GLIBC_2.2.5                          /lib/x86_64-linux-gnu/libc.so.6
argz_create@GLIBC_2.2.5                           /lib/x86_64-linux-gnu/libc.so.6
argz_create_sep                                   /lib/x86_64-linux-gnu/libc.so.6
argz_create_sep@@GLIBC_2.2.5                      /lib/x86_64-linux-gnu/libc.so.6
argz_create_sep@GLIBC_2.2.5                       /lib/x86_64-linux-gnu/libc.so.6
argz_extract                                      /lib/x86_64-linux-gnu/libc.so.6
argz_extract@@GLIBC_2.2.5                         /lib/x86_64-linux-gnu/libc.so.6
argz_extract@GLIBC_2.2.5                          /lib/x86_64-linux-gnu/libc.so.6
argz_insert                                       /lib/x86_64-linux-gnu/libc.so.6
argz_insert@@GLIBC_2.2.5                          /lib/x86_64-linux-gnu/libc.so.6
argz_insert@GLIBC_2.2.5                           /lib/x86_64-linux-gnu/libc.so.6
argz_next                                         /lib/x86_64-linux-gnu/libc.so.6
argz_next@@GLIBC_2.2.5                            /lib/x86_64-linux-gnu/libc.so.6
argz_next@GLIBC_2.2.5                             /lib/x86_64-linux-gnu/libc.so.6
argz_replace                                      /lib/x86_64-linux-gnu/libc.so.6
argz_replace@@GLIBC_2.2.5                         /lib/x86_64-linux-gnu/libc.so.6
argz_replace@GLIBC_2.2.5                          /lib/x86_64-linux-gnu/libc.so.6
argz_stringify                                    /lib/x86_64-linux-gnu/libc.so.6
argz_stringify@@GLIBC_2.2.5                       /lib/x86_64-linux-gnu/libc.so.6
argz_stringify@GLIBC_2.2.5                        /lib/x86_64-linux-gnu/libc.so.6
asctime_r                                         /lib/x86_64-linux-gnu/libc.so.6
asctime_r@@GLIBC_2.2.5                            /lib/x86_64-linux-gnu/libc.so.6
asctime_r@GLIBC_2.2.5                             /lib/x86_64-linux-gnu/libc.so.6
asprintf                                          /lib/x86_64-linux-gnu/libc.so.6
asprintf@@GLIBC_2.2.5                             /lib/x86_64-linux-gnu/libc.so.6
asprintf@GLIBC_2.2.5                              /lib/x86_64-linux-gnu/libc.so.6
backtrace                                         /lib/x86_64-linux-gnu/libc.so.6
backtrace@@GLIBC_2.2.5                            /lib/x86_64-linux-gnu/libc.so.6
backtrace@GLIBC_2.2.5                             /lib/x86_64-linux-gnu/libc.so.6
backtrace_symbols                                 /lib/x86_64-linux-gnu/libc.so.6
backtrace_symbols@@GLIBC_2.2.5                    /lib/x86_64-linux-gnu/libc.so.6
backtrace_symbols@GLIBC_2.2.5                     /lib/x86_64-linux-gnu/libc.so.6
backtrace_symbols_fd                              /lib/x86_64-linux-gnu/libc.so.6
backtrace_symbols_fd@@GLIBC_2.2.5                 /lib/x86_64-linux-gnu/libc.so.6
backtrace_symbols_fd@GLIBC_2.2.5                  /lib/x86_64-linux-gnu/libc.so.6
bcmp                                              /lib/x86_64-linux-gnu/libc.so.6
bcmp@@GLIBC_2.2.5                                 /lib/x86_64-linux-gnu/libc.so.6
bcmp@GLIBC_2.2.5                                  /lib/x86_64-linux-gnu/libc.so.6
bdflush                                           /lib/x86_64-linux-gnu/libc.so.6
bdflush@@GLIBC_2.2.5                              /lib/x86_64-linux-gnu/libc.so.6
bdflush@GLIBC_2.2.5                               /lib/x86_64-linux-gnu/libc.so.6
bind                                              /lib/x86_64-linux-gnu/libc.so.6
bind@@GLIBC_2.2.5                                 /lib/x86_64-linux-gnu/libc.so.6
bind@GLIBC_2.2.5                                  /lib/x86_64-linux-gnu/libc.so.6
bind_textdomain_codeset                           /lib/x86_64-linux-gnu/libc.so.6
bind_textdomain_codeset@@GLIBC_2.2.5              /lib/x86_64-linux-gnu/libc.so.6
bind_textdomain_codeset@GLIBC_2.2.5               /lib/x86_64-linux-gnu/libc.so.6
bindtextdomain                                    /lib/x86_64-linux-gnu/libc.so.6
bindtextdomain@@GLIBC_2.2.5                       /lib/x86_64-linux-gnu/libc.so.6
bindtextdomain@GLIBC_2.2.5                        /lib/x86_64-linux-gnu/libc.so.6
brk                                               /lib/x86_64-linux-gnu/libc.so.6
brk@@GLIBC_2.2.5                                  /lib/x86_64-linux-gnu/libc.so.6
brk@GLIBC_2.2.5                                   /lib/x86_64-linux-gnu/libc.so.6
bsd_signal                                        /lib/x86_64-linux-gnu/libc.so.6
bsd_signal@@GLIBC_2.2.5                           /lib/x86_64-linux-gnu/libc.so.6
bsd_signal@GLIBC_2.2.5                            /lib/x86_64-linux-gnu/libc.so.6
btowc                                             /lib/x86_64-linux-gnu/libc.so.6
btowc@@GLIBC_2.2.5                                /lib/x86_64-linux-gnu/libc.so.6
btowc@GLIBC_2.2.5                                 /lib/x86_64-linux-gnu/libc.so.6
bzero                                             /lib/x86_64-linux-gnu/libc.so.6
bzero@@GLIBC_2.2.5                                /lib/x86_64-linux-gnu/libc.so.6
bzero@GLIBC_2.2.5                                 /lib/x86_64-linux-gnu/libc.so.6
                                                  /home/pandu/Desktop/DigitalLogicDesign/Lab/03-finishingup/backend/libs/libargtable2/lin.x64/rel/libargtable2.so
c32rtomb                                          /lib/x86_64-linux-gnu/libc.so.6
c32rtomb@@GLIBC_2.16                              /lib/x86_64-linux-gnu/libc.so.6
c32rtomb@GLIBC_2.16                               /lib/x86_64-linux-gnu/libc.so.6
calloc                                            /lib/x86_64-linux-gnu/libc.so.6
calloc@@GLIBC_2.2.5                               /lib/x86_64-linux-gnu/libc.so.6
                                                  /lib/x86_64-linux-gnu/ld-linux-x86-64.so.2
calloc@GLIBC_2.2.5                                /lib/x86_64-linux-gnu/libc.so.6
                                                  /home/pandu/Desktop/DigitalLogicDesign/Lab/03-finishingup/backend/libs/libargtable2/lin.x64/rel/libargtable2.so
                                                  /home/pandu/Desktop/DigitalLogicDesign/Lab/03-finishingup/backend/libs/libfpgalink/lin.x64/rel/libfpgalink.so
canonicalize_file_name                            /lib/x86_64-linux-gnu/libc.so.6
canonicalize_file_name@@GLIBC_2.2.5               /lib/x86_64-linux-gnu/libc.so.6
canonicalize_file_name@GLIBC_2.2.5                /lib/x86_64-linux-gnu/libc.so.6
cfree                                             /lib/x86_64-linux-gnu/libc.so.6
cfree@@GLIBC_2.2.5                                /lib/x86_64-linux-gnu/libc.so.6
cfree@GLIBC_2.2.5                                 /lib/x86_64-linux-gnu/libc.so.6
chdir                                             /lib/x86_64-linux-gnu/libc.so.6
chdir@@GLIBC_2.2.5                                /lib/x86_64-linux-gnu/libc.so.6
chdir@GLIBC_2.2.5                                 /lib/x86_64-linux-gnu/libc.so.6
chmod                                             /lib/x86_64-linux-gnu/libc.so.6
chmod@@GLIBC_2.2.5                                /lib/x86_64-linux-gnu/libc.so.6
chmod@GLIBC_2.2.5                                 /lib/x86_64-linux-gnu/libc.so.6
chown                                             /lib/x86_64-linux-gnu/libc.so.6
chown@@GLIBC_2.2.5                                /lib/x86_64-linux-gnu/libc.so.6
chown@GLIBC_2.2.5                                 /lib/x86_64-linux-gnu/libc.so.6
clearenv                                          /lib/x86_64-linux-gnu/libc.so.6
clearenv@@GLIBC_2.2.5                             /lib/x86_64-linux-gnu/libc.so.6
clearenv@GLIBC_2.2.5                              /lib/x86_64-linux-gnu/libc.so.6
clock_getcpuclockid                               /lib/x86_64-linux-gnu/libc.so.6
clock_getcpuclockid@@GLIBC_2.17                   /lib/x86_64-linux-gnu/libc.so.6
clock_getcpuclockid@GLIBC_2.17                    /lib/x86_64-linux-gnu/libc.so.6
clock_getres                                      /lib/x86_64-linux-gnu/libc.so.6
clock_getres@@GLIBC_2.17                          /lib/x86_64-linux-gnu/libc.so.6
clock_getres@GLIBC_2.17                           /lib/x86_64-linux-gnu/libc.so.6
clock_gettime                                     /lib/x86_64-linux-gnu/libc.so.6
clock_gettime@@GLIBC_2.17                         /lib/x86_64-linux-gnu/libc.so.6
clock_gettime@GLIBC_2.17                          /lib/x86_64-linux-gnu/libc.so.6
clock_nanosleep                                   /lib/x86_64-linux-gnu/libc.so.6
clock_nanosleep@@GLIBC_2.17                       /lib/x86_64-linux-gnu/libc.so.6
clock_nanosleep@GLIBC_2.17                        /lib/x86_64-linux-gnu/libc.so.6
clock_settime                                     /lib/x86_64-linux-gnu/libc.so.6
clock_settime@@GLIBC_2.17                         /lib/x86_64-linux-gnu/libc.so.6
clock_settime@GLIBC_2.17                          /lib/x86_64-linux-gnu/libc.so.6
clone                                             /lib/x86_64-linux-gnu/libc.so.6
clone@@GLIBC_2.2.5                                /lib/x86_64-linux-gnu/libc.so.6
clone@GLIBC_2.2.5                                 /lib/x86_64-linux-gnu/libc.so.6
close                                             /lib/x86_64-linux-gnu/libc.so.6
close@@GLIBC_2.2.5                                /lib/x86_64-linux-gnu/libc.so.6
close@GLIBC_2.2.5                                 /lib/x86_64-linux-gnu/libc.so.6
closedir                                          /lib/x86_64-linux-gnu/libc.so.6
closedir@@GLIBC_2.2.5                             /lib/x86_64-linux-gnu/libc.so.6
closedir@GLIBC_2.2.5                              /lib/x86_64-linux-gnu/libc.so.6
connect                                           /lib/x86_64-linux-gnu/libc.so.6
connect@@GLIBC_2.2.5                              /lib/x86_64-linux-gnu/libc.so.6
connect@GLIBC_2.2.5                               /lib/x86_64-linux-gnu/libc.so.6
copysign                                          /lib/x86_64-linux-gnu/libc.so.6
copysign@@GLIBC_2.2.5                             /lib/x86_64-linux-gnu/libc.so.6
copysign@GLIBC_2.2.5                              /lib/x86_64-linux-gnu/libc.so.6
copysignf                                         /lib/x86_64-linux-gnu/libc.so.6
copysignf@@GLIBC_2.2.5                            /lib/x86_64-linux-gnu/libc.so.6
copysignf@GLIBC_2.2.5                             /lib/x86_64-linux-gnu/libc.so.6
copysignl                                         /lib/x86_64-linux-gnu/libc.so.6
copysignl@@GLIBC_2.2.5                            /lib/x86_64-linux-gnu/libc.so.6
copysignl@GLIBC_2.2.5                             /lib/x86_64-linux-gnu/libc.so.6
creat                                             /lib/x86_64-linux-gnu/libc.so.6
creat64                                           /lib/x86_64-linux-gnu/libc.so.6
creat64@@GLIBC_2.2.5                              /lib/x86_64-linux-gnu/libc.so.6
creat64@GLIBC_2.2.5                               /lib/x86_64-linux-gnu/libc.so.6
creat@@GLIBC_2.2.5                                /lib/x86_64-linux-gnu/libc.so.6
creat@GLIBC_2.2.5                                 /lib/x86_64-linux-gnu/libc.so.6
dataFromCSV                                       .//.build/main.o
data_start                                        /usr/lib/gcc/x86_64-linux-gnu/4.8/../../../x86_64-linux-gnu/crt1.o
daylight                                          /lib/x86_64-linux-gnu/libc.so.6
daylight@@GLIBC_2.2.5                             /lib/x86_64-linux-gnu/libc.so.6
daylight@GLIBC_2.2.5                              /lib/x86_64-linux-gnu/libc.so.6
dcgettext                                         /lib/x86_64-linux-gnu/libc.so.6
dcgettext@@GLIBC_2.2.5                            /lib/x86_64-linux-gnu/libc.so.6
dcgettext@GLIBC_2.2.5                             /lib/x86_64-linux-gnu/libc.so.6
dcngettext                                        /lib/x86_64-linux-gnu/libc.so.6
dcngettext@@GLIBC_2.2.5                           /lib/x86_64-linux-gnu/libc.so.6
dcngettext@GLIBC_2.2.5                            /lib/x86_64-linux-gnu/libc.so.6
decrypt                                           .//.build/main.o
decrypt64                                         .//.build/main.o
dgettext                                          /lib/x86_64-linux-gnu/libc.so.6
dgettext@@GLIBC_2.2.5                             /lib/x86_64-linux-gnu/libc.so.6
dgettext@GLIBC_2.2.5                              /lib/x86_64-linux-gnu/libc.so.6
dl_iterate_phdr                                   /lib/x86_64-linux-gnu/libc.so.6
dl_iterate_phdr@@GLIBC_2.2.5                      /lib/x86_64-linux-gnu/libc.so.6
dl_iterate_phdr@GLIBC_2.2.5                       /lib/x86_64-linux-gnu/libc.so.6
dngettext                                         /lib/x86_64-linux-gnu/libc.so.6
dngettext@@GLIBC_2.2.5                            /lib/x86_64-linux-gnu/libc.so.6
dngettext@GLIBC_2.2.5                             /lib/x86_64-linux-gnu/libc.so.6
dup                                               /lib/x86_64-linux-gnu/libc.so.6
dup2                                              /lib/x86_64-linux-gnu/libc.so.6
dup2@@GLIBC_2.2.5                                 /lib/x86_64-linux-gnu/libc.so.6
dup2@GLIBC_2.2.5                                  /lib/x86_64-linux-gnu/libc.so.6
dup3                                              /lib/x86_64-linux-gnu/libc.so.6
dup3@@GLIBC_2.9                                   /lib/x86_64-linux-gnu/libc.so.6
dup3@GLIBC_2.9                                    /lib/x86_64-linux-gnu/libc.so.6
dup@@GLIBC_2.2.5                                  /lib/x86_64-linux-gnu/libc.so.6
dup@GLIBC_2.2.5                                   /lib/x86_64-linux-gnu/libc.so.6
duplocale                                         /lib/x86_64-linux-gnu/libc.so.6
duplocale@@GLIBC_2.3                              /lib/x86_64-linux-gnu/libc.so.6
duplocale@GLIBC_2.3                               /lib/x86_64-linux-gnu/libc.so.6
eaccess                                           /lib/x86_64-linux-gnu/libc.so.6
eaccess@@GLIBC_2.4                                /lib/x86_64-linux-gnu/libc.so.6
eaccess@GLIBC_2.4                                 /lib/x86_64-linux-gnu/libc.so.6
encrypt                                           .//.build/main.o
encrypt64                                         .//.build/main.o
endmntent                                         /lib/x86_64-linux-gnu/libc.so.6
endmntent@@GLIBC_2.2.5                            /lib/x86_64-linux-gnu/libc.so.6
endmntent@GLIBC_2.2.5                             /lib/x86_64-linux-gnu/libc.so.6
endutent                                          /lib/x86_64-linux-gnu/libc.so.6
endutent@@GLIBC_2.2.5                             /lib/x86_64-linux-gnu/libc.so.6
endutent@GLIBC_2.2.5                              /lib/x86_64-linux-gnu/libc.so.6
environ                                           /lib/x86_64-linux-gnu/libc.so.6
environ@@GLIBC_2.2.5                              /lib/x86_64-linux-gnu/libc.so.6
environ@GLIBC_2.2.5                               /lib/x86_64-linux-gnu/libc.so.6
erand48_r                                         /lib/x86_64-linux-gnu/libc.so.6
erand48_r@@GLIBC_2.2.5                            /lib/x86_64-linux-gnu/libc.so.6
erand48_r@GLIBC_2.2.5                             /lib/x86_64-linux-gnu/libc.so.6
error                                             /lib/x86_64-linux-gnu/libc.so.6
error@@GLIBC_2.2.5                                /lib/x86_64-linux-gnu/libc.so.6
error@GLIBC_2.2.5                                 /lib/x86_64-linux-gnu/libc.so.6
error_at_line                                     /lib/x86_64-linux-gnu/libc.so.6
error_at_line@@GLIBC_2.2.5                        /lib/x86_64-linux-gnu/libc.so.6
error_at_line@GLIBC_2.2.5                         /lib/x86_64-linux-gnu/libc.so.6
euidaccess                                        /lib/x86_64-linux-gnu/libc.so.6
euidaccess@@GLIBC_2.2.5                           /lib/x86_64-linux-gnu/libc.so.6
euidaccess@GLIBC_2.2.5                            /lib/x86_64-linux-gnu/libc.so.6
execve                                            /lib/x86_64-linux-gnu/libc.so.6
execve@@GLIBC_2.2.5                               /lib/x86_64-linux-gnu/libc.so.6
execve@GLIBC_2.2.5                                /lib/x86_64-linux-gnu/libc.so.6
execvpe                                           /lib/x86_64-linux-gnu/libc.so.6
execvpe@@GLIBC_2.11                               /lib/x86_64-linux-gnu/libc.so.6
execvpe@GLIBC_2.11                                /lib/x86_64-linux-gnu/libc.so.6
fchdir                                            /lib/x86_64-linux-gnu/libc.so.6
fchdir@@GLIBC_2.2.5                               /lib/x86_64-linux-gnu/libc.so.6
fchdir@GLIBC_2.2.5                                /lib/x86_64-linux-gnu/libc.so.6
fchmod                                            /lib/x86_64-linux-gnu/libc.so.6
fchmod@@GLIBC_2.2.5                               /lib/x86_64-linux-gnu/libc.so.6
fchmod@GLIBC_2.2.5                                /lib/x86_64-linux-gnu/libc.so.6
fchown                                            /lib/x86_64-linux-gnu/libc.so.6
fchown@@GLIBC_2.2.5                               /lib/x86_64-linux-gnu/libc.so.6
fchown@GLIBC_2.2.5                                /lib/x86_64-linux-gnu/libc.so.6
fclose                                            /lib/x86_64-linux-gnu/libc.so.6
                                                  .//.build/main.o
fclose@@GLIBC_2.2.5                               /lib/x86_64-linux-gnu/libc.so.6
fclose@GLIBC_2.2.5                                /lib/x86_64-linux-gnu/libc.so.6
                                                  /home/pandu/Desktop/DigitalLogicDesign/Lab/03-finishingup/backend/libs/libbuffer/lin.x64/rel/libbuffer.so
                                                  /home/pandu/Desktop/DigitalLogicDesign/Lab/03-finishingup/backend/libs/libfpgalink/lin.x64/rel/libfpgalink.so
fcloseall                                         /lib/x86_64-linux-gnu/libc.so.6
fcloseall@@GLIBC_2.2.5                            /lib/x86_64-linux-gnu/libc.so.6
fcloseall@GLIBC_2.2.5                             /lib/x86_64-linux-gnu/libc.so.6
fcntl                                             /lib/x86_64-linux-gnu/libc.so.6
fcntl@@GLIBC_2.2.5                                /lib/x86_64-linux-gnu/libc.so.6
fcntl@GLIBC_2.2.5                                 /lib/x86_64-linux-gnu/libc.so.6
fdopendir                                         /lib/x86_64-linux-gnu/libc.so.6
fdopendir@@GLIBC_2.4                              /lib/x86_64-linux-gnu/libc.so.6
fdopendir@GLIBC_2.4                               /lib/x86_64-linux-gnu/libc.so.6
feof                                              /lib/x86_64-linux-gnu/libc.so.6
feof@@GLIBC_2.2.5                                 /lib/x86_64-linux-gnu/libc.so.6
feof@GLIBC_2.2.5                                  /lib/x86_64-linux-gnu/libc.so.6
                                                  /home/pandu/Desktop/DigitalLogicDesign/Lab/03-finishingup/backend/libs/libbuffer/lin.x64/rel/libbuffer.so
ferror                                            /lib/x86_64-linux-gnu/libc.so.6
ferror@@GLIBC_2.2.5                               /lib/x86_64-linux-gnu/libc.so.6
ferror@GLIBC_2.2.5                                /lib/x86_64-linux-gnu/libc.so.6
                                                  /home/pandu/Desktop/DigitalLogicDesign/Lab/03-finishingup/backend/libs/libbuffer/lin.x64/rel/libbuffer.so
fflush                                            /lib/x86_64-linux-gnu/libc.so.6
                                                  .//.build/main.o
fflush@@GLIBC_2.2.5                               /lib/x86_64-linux-gnu/libc.so.6
fflush@GLIBC_2.2.5                                /lib/x86_64-linux-gnu/libc.so.6
ffsl                                              /lib/x86_64-linux-gnu/libc.so.6
ffsl@@GLIBC_2.2.5                                 /lib/x86_64-linux-gnu/libc.so.6
ffsl@GLIBC_2.2.5                                  /lib/x86_64-linux-gnu/libc.so.6
fgetc                                             /lib/x86_64-linux-gnu/libc.so.6
fgetc@@GLIBC_2.2.5                                /lib/x86_64-linux-gnu/libc.so.6
fgetc@GLIBC_2.2.5                                 /lib/x86_64-linux-gnu/libc.so.6
fgetc_unlocked                                    /lib/x86_64-linux-gnu/libc.so.6
fgetc_unlocked@@GLIBC_2.2.5                       /lib/x86_64-linux-gnu/libc.so.6
fgetc_unlocked@GLIBC_2.2.5                        /lib/x86_64-linux-gnu/libc.so.6
fgetgrent_r                                       /lib/x86_64-linux-gnu/libc.so.6
fgetgrent_r@@GLIBC_2.2.5                          /lib/x86_64-linux-gnu/libc.so.6
fgetgrent_r@GLIBC_2.2.5                           /lib/x86_64-linux-gnu/libc.so.6
fgetpwent_r                                       /lib/x86_64-linux-gnu/libc.so.6
fgetpwent_r@@GLIBC_2.2.5                          /lib/x86_64-linux-gnu/libc.so.6
fgetpwent_r@GLIBC_2.2.5                           /lib/x86_64-linux-gnu/libc.so.6
fgets                                             /lib/x86_64-linux-gnu/libc.so.6
fgets@@GLIBC_2.2.5                                /lib/x86_64-linux-gnu/libc.so.6
fgets@GLIBC_2.2.5                                 /lib/x86_64-linux-gnu/libc.so.6
                                                  /home/pandu/Desktop/DigitalLogicDesign/Lab/03-finishingup/backend/libs/libbuffer/lin.x64/rel/libbuffer.so
fgetsgent_r                                       /lib/x86_64-linux-gnu/libc.so.6
fgetsgent_r@@GLIBC_2.10                           /lib/x86_64-linux-gnu/libc.so.6
fgetsgent_r@GLIBC_2.10                            /lib/x86_64-linux-gnu/libc.so.6
fgetspent_r                                       /lib/x86_64-linux-gnu/libc.so.6
fgetspent_r@@GLIBC_2.2.5                          /lib/x86_64-linux-gnu/libc.so.6
fgetspent_r@GLIBC_2.2.5                           /lib/x86_64-linux-gnu/libc.so.6
fgetwc                                            /lib/x86_64-linux-gnu/libc.so.6
fgetwc@@GLIBC_2.2.5                               /lib/x86_64-linux-gnu/libc.so.6
fgetwc@GLIBC_2.2.5                                /lib/x86_64-linux-gnu/libc.so.6
fgetwc_unlocked                                   /lib/x86_64-linux-gnu/libc.so.6
fgetwc_unlocked@@GLIBC_2.2.5                      /lib/x86_64-linux-gnu/libc.so.6
fgetwc_unlocked@GLIBC_2.2.5                       /lib/x86_64-linux-gnu/libc.so.6
fileno_unlocked                                   /lib/x86_64-linux-gnu/libc.so.6
fileno_unlocked@@GLIBC_2.2.5                      /lib/x86_64-linux-gnu/libc.so.6
fileno_unlocked@GLIBC_2.2.5                       /lib/x86_64-linux-gnu/libc.so.6
find                                              .//.build/main.o
finite                                            /lib/x86_64-linux-gnu/libc.so.6
finite@@GLIBC_2.2.5                               /lib/x86_64-linux-gnu/libc.so.6
finite@GLIBC_2.2.5                                /lib/x86_64-linux-gnu/libc.so.6
finitef                                           /lib/x86_64-linux-gnu/libc.so.6
finitef@@GLIBC_2.2.5                              /lib/x86_64-linux-gnu/libc.so.6
finitef@GLIBC_2.2.5                               /lib/x86_64-linux-gnu/libc.so.6
finitel                                           /lib/x86_64-linux-gnu/libc.so.6
finitel@@GLIBC_2.2.5                              /lib/x86_64-linux-gnu/libc.so.6
finitel@GLIBC_2.2.5                               /lib/x86_64-linux-gnu/libc.so.6
flClose                                           /home/pandu/Desktop/DigitalLogicDesign/Lab/03-finishingup/backend/libs/libfpgalink/lin.x64/rel/libfpgalink.so
                                                  .//.build/main.o
flFreeError                                       /home/pandu/Desktop/DigitalLogicDesign/Lab/03-finishingup/backend/libs/libfpgalink/lin.x64/rel/libfpgalink.so
                                                  .//.build/main.o
flGetFirmwareID                                   /home/pandu/Desktop/DigitalLogicDesign/Lab/03-finishingup/backend/libs/libfpgalink/lin.x64/rel/libfpgalink.so
                                                  .//.build/main.o
flGetFirmwareVersion                              /home/pandu/Desktop/DigitalLogicDesign/Lab/03-finishingup/backend/libs/libfpgalink/lin.x64/rel/libfpgalink.so
                                                  .//.build/main.o
flInitialise                                      /home/pandu/Desktop/DigitalLogicDesign/Lab/03-finishingup/backend/libs/libfpgalink/lin.x64/rel/libfpgalink.so
                                                  .//.build/main.o
flIsCommCapable                                   /home/pandu/Desktop/DigitalLogicDesign/Lab/03-finishingup/backend/libs/libfpgalink/lin.x64/rel/libfpgalink.so
                                                  .//.build/main.o
flIsDeviceAvailable                               /home/pandu/Desktop/DigitalLogicDesign/Lab/03-finishingup/backend/libs/libfpgalink/lin.x64/rel/libfpgalink.so
                                                  .//.build/main.o
flIsFPGARunning                                   /home/pandu/Desktop/DigitalLogicDesign/Lab/03-finishingup/backend/libs/libfpgalink/lin.x64/rel/libfpgalink.so
                                                  .//.build/main.o
flLoadCustomFirmware                              /home/pandu/Desktop/DigitalLogicDesign/Lab/03-finishingup/backend/libs/libfpgalink/lin.x64/rel/libfpgalink.so
                                                  .//.build/main.o
flLoadStandardFirmware                            /home/pandu/Desktop/DigitalLogicDesign/Lab/03-finishingup/backend/libs/libfpgalink/lin.x64/rel/libfpgalink.so
                                                  .//.build/main.o
flOpen                                            /home/pandu/Desktop/DigitalLogicDesign/Lab/03-finishingup/backend/libs/libfpgalink/lin.x64/rel/libfpgalink.so
                                                  .//.build/main.o
flReadChannel                                     /home/pandu/Desktop/DigitalLogicDesign/Lab/03-finishingup/backend/libs/libfpgalink/lin.x64/rel/libfpgalink.so
                                                  .//.build/main.o
flSelectConduit                                   /home/pandu/Desktop/DigitalLogicDesign/Lab/03-finishingup/backend/libs/libfpgalink/lin.x64/rel/libfpgalink.so
                                                  .//.build/main.o
flSleep                                           /home/pandu/Desktop/DigitalLogicDesign/Lab/03-finishingup/backend/libs/libfpgalink/lin.x64/rel/libfpgalink.so
                                                  .//.build/main.o
flWriteChannel                                    /home/pandu/Desktop/DigitalLogicDesign/Lab/03-finishingup/backend/libs/libfpgalink/lin.x64/rel/libfpgalink.so
                                                  .//.build/main.o
flock                                             /lib/x86_64-linux-gnu/libc.so.6
flock@@GLIBC_2.2.5                                /lib/x86_64-linux-gnu/libc.so.6
flock@GLIBC_2.2.5                                 /lib/x86_64-linux-gnu/libc.so.6
flockfile                                         /lib/x86_64-linux-gnu/libc.so.6
flockfile@@GLIBC_2.2.5                            /lib/x86_64-linux-gnu/libc.so.6
flockfile@GLIBC_2.2.5                             /lib/x86_64-linux-gnu/libc.so.6
fopen                                             /lib/x86_64-linux-gnu/libc.so.6
                                                  .//.build/main.o
fopen64                                           /lib/x86_64-linux-gnu/libc.so.6
fopen64@@GLIBC_2.2.5                              /lib/x86_64-linux-gnu/libc.so.6
fopen64@GLIBC_2.2.5                               /lib/x86_64-linux-gnu/libc.so.6
fopen@@GLIBC_2.2.5                                /lib/x86_64-linux-gnu/libc.so.6
fopen@GLIBC_2.2.5                                 /lib/x86_64-linux-gnu/libc.so.6
                                                  /home/pandu/Desktop/DigitalLogicDesign/Lab/03-finishingup/backend/libs/libbuffer/lin.x64/rel/libbuffer.so
                                                  /home/pandu/Desktop/DigitalLogicDesign/Lab/03-finishingup/backend/libs/libfpgalink/lin.x64/rel/libfpgalink.so
fork                                              /lib/x86_64-linux-gnu/libc.so.6
fork@@GLIBC_2.2.5                                 /lib/x86_64-linux-gnu/libc.so.6
fork@GLIBC_2.2.5                                  /lib/x86_64-linux-gnu/libc.so.6
format                                            .//.build/main.o
fpathconf                                         /lib/x86_64-linux-gnu/libc.so.6
fpathconf@@GLIBC_2.2.5                            /lib/x86_64-linux-gnu/libc.so.6
fpathconf@GLIBC_2.2.5                             /lib/x86_64-linux-gnu/libc.so.6
fputs                                             /lib/x86_64-linux-gnu/libc.so.6
fputs@@GLIBC_2.2.5                                /lib/x86_64-linux-gnu/libc.so.6
fputs@GLIBC_2.2.5                                 /lib/x86_64-linux-gnu/libc.so.6
                                                  /home/pandu/Desktop/DigitalLogicDesign/Lab/03-finishingup/backend/libs/libargtable2/lin.x64/rel/libargtable2.so
fread                                             /lib/x86_64-linux-gnu/libc.so.6
fread@@GLIBC_2.2.5                                /lib/x86_64-linux-gnu/libc.so.6
fread@GLIBC_2.2.5                                 /lib/x86_64-linux-gnu/libc.so.6
[...]
tzname                                            /lib/x86_64-linux-gnu/libc.so.6
tzname@@GLIBC_2.2.5                               /lib/x86_64-linux-gnu/libc.so.6
tzname@GLIBC_2.2.5                                /lib/x86_64-linux-gnu/libc.so.6
tzset                                             /lib/x86_64-linux-gnu/libc.so.6
tzset@@GLIBC_2.2.5                                /lib/x86_64-linux-gnu/libc.so.6
tzset@GLIBC_2.2.5                                 /lib/x86_64-linux-gnu/libc.so.6
ulckpwdf                                          /lib/x86_64-linux-gnu/libc.so.6
ulckpwdf@@GLIBC_2.2.5                             /lib/x86_64-linux-gnu/libc.so.6
ulckpwdf@GLIBC_2.2.5                              /lib/x86_64-linux-gnu/libc.so.6
ulimit                                            /lib/x86_64-linux-gnu/libc.so.6
ulimit@@GLIBC_2.2.5                               /lib/x86_64-linux-gnu/libc.so.6
ulimit@GLIBC_2.2.5                                /lib/x86_64-linux-gnu/libc.so.6
umask                                             /lib/x86_64-linux-gnu/libc.so.6
umask@@GLIBC_2.2.5                                /lib/x86_64-linux-gnu/libc.so.6
umask@GLIBC_2.2.5                                 /lib/x86_64-linux-gnu/libc.so.6
umount                                            /lib/x86_64-linux-gnu/libc.so.6
umount2                                           /lib/x86_64-linux-gnu/libc.so.6
umount2@@GLIBC_2.2.5                              /lib/x86_64-linux-gnu/libc.so.6
umount2@GLIBC_2.2.5                               /lib/x86_64-linux-gnu/libc.so.6
umount@@GLIBC_2.2.5                               /lib/x86_64-linux-gnu/libc.so.6
umount@GLIBC_2.2.5                                /lib/x86_64-linux-gnu/libc.so.6
uname                                             /lib/x86_64-linux-gnu/libc.so.6
uname@@GLIBC_2.2.5                                /lib/x86_64-linux-gnu/libc.so.6
uname@GLIBC_2.2.5                                 /lib/x86_64-linux-gnu/libc.so.6
ungetc                                            /lib/x86_64-linux-gnu/libc.so.6
ungetc@@GLIBC_2.2.5                               /lib/x86_64-linux-gnu/libc.so.6
ungetc@GLIBC_2.2.5                                /lib/x86_64-linux-gnu/libc.so.6
unlink                                            /lib/x86_64-linux-gnu/libc.so.6
unlink@@GLIBC_2.2.5                               /lib/x86_64-linux-gnu/libc.so.6
unlink@GLIBC_2.2.5                                /lib/x86_64-linux-gnu/libc.so.6
unsetenv                                          /lib/x86_64-linux-gnu/libc.so.6
unsetenv@@GLIBC_2.2.5                             /lib/x86_64-linux-gnu/libc.so.6
unsetenv@GLIBC_2.2.5                              /lib/x86_64-linux-gnu/libc.so.6
updwtmp                                           /lib/x86_64-linux-gnu/libc.so.6
updwtmp@@GLIBC_2.2.5                              /lib/x86_64-linux-gnu/libc.so.6
updwtmp@GLIBC_2.2.5                               /lib/x86_64-linux-gnu/libc.so.6
usbBulkAwaitCompletion                            /home/pandu/Desktop/DigitalLogicDesign/Lab/03-finishingup/backend/libs/libfpgalink/lin.x64/rel/libfpgalink.so
usbBulkRead                                       /home/pandu/Desktop/DigitalLogicDesign/Lab/03-finishingup/backend/libs/libfpgalink/lin.x64/rel/libfpgalink.so
usbBulkReadAsync                                  /home/pandu/Desktop/DigitalLogicDesign/Lab/03-finishingup/backend/libs/libfpgalink/lin.x64/rel/libfpgalink.so
usbBulkWrite                                      /home/pandu/Desktop/DigitalLogicDesign/Lab/03-finishingup/backend/libs/libfpgalink/lin.x64/rel/libfpgalink.so
usbBulkWriteAsyncPrepare                          /home/pandu/Desktop/DigitalLogicDesign/Lab/03-finishingup/backend/libs/libfpgalink/lin.x64/rel/libfpgalink.so
usbBulkWriteAsyncSubmit                           /home/pandu/Desktop/DigitalLogicDesign/Lab/03-finishingup/backend/libs/libfpgalink/lin.x64/rel/libfpgalink.so
usbCloseDevice                                    /home/pandu/Desktop/DigitalLogicDesign/Lab/03-finishingup/backend/libs/libfpgalink/lin.x64/rel/libfpgalink.so
usbControlRead                                    /home/pandu/Desktop/DigitalLogicDesign/Lab/03-finishingup/backend/libs/libfpgalink/lin.x64/rel/libfpgalink.so
usbControlWrite                                   /home/pandu/Desktop/DigitalLogicDesign/Lab/03-finishingup/backend/libs/libfpgalink/lin.x64/rel/libfpgalink.so
usbInitialise                                     /home/pandu/Desktop/DigitalLogicDesign/Lab/03-finishingup/backend/libs/libfpgalink/lin.x64/rel/libfpgalink.so
usbIsDeviceAvailable                              /home/pandu/Desktop/DigitalLogicDesign/Lab/03-finishingup/backend/libs/libfpgalink/lin.x64/rel/libfpgalink.so
usbNumOutstandingRequests                         /home/pandu/Desktop/DigitalLogicDesign/Lab/03-finishingup/backend/libs/libfpgalink/lin.x64/rel/libfpgalink.so
usbOpenDevice                                     /home/pandu/Desktop/DigitalLogicDesign/Lab/03-finishingup/backend/libs/libfpgalink/lin.x64/rel/libfpgalink.so
usbValidateVidPid                                 /home/pandu/Desktop/DigitalLogicDesign/Lab/03-finishingup/backend/libs/libfpgalink/lin.x64/rel/libfpgalink.so
uselocale                                         /lib/x86_64-linux-gnu/libc.so.6
uselocale@@GLIBC_2.3                              /lib/x86_64-linux-gnu/libc.so.6
uselocale@GLIBC_2.3                               /lib/x86_64-linux-gnu/libc.so.6
utimes                                            /lib/x86_64-linux-gnu/libc.so.6
utimes@@GLIBC_2.2.5                               /lib/x86_64-linux-gnu/libc.so.6
utimes@GLIBC_2.2.5                                /lib/x86_64-linux-gnu/libc.so.6
utmpname                                          /lib/x86_64-linux-gnu/libc.so.6
utmpname@@GLIBC_2.2.5                             /lib/x86_64-linux-gnu/libc.so.6
utmpname@GLIBC_2.2.5                              /lib/x86_64-linux-gnu/libc.so.6
valloc                                            /lib/x86_64-linux-gnu/libc.so.6
valloc@@GLIBC_2.2.5                               /lib/x86_64-linux-gnu/libc.so.6
valloc@GLIBC_2.2.5                                /lib/x86_64-linux-gnu/libc.so.6
vasprintf                                         /lib/x86_64-linux-gnu/libc.so.6
vasprintf@@GLIBC_2.2.5                            /lib/x86_64-linux-gnu/libc.so.6
vasprintf@GLIBC_2.2.5                             /lib/x86_64-linux-gnu/libc.so.6
vdprintf                                          /lib/x86_64-linux-gnu/libc.so.6
vdprintf@@GLIBC_2.2.5                             /lib/x86_64-linux-gnu/libc.so.6
vdprintf@GLIBC_2.2.5                              /lib/x86_64-linux-gnu/libc.so.6
versionsort64                                     /lib/x86_64-linux-gnu/libc.so.6
versionsort64@@GLIBC_2.2.5                        /lib/x86_64-linux-gnu/libc.so.6
versionsort64@GLIBC_2.2.5                         /lib/x86_64-linux-gnu/libc.so.6
vfork                                             /lib/x86_64-linux-gnu/libc.so.6
vfork@@GLIBC_2.2.5                                /lib/x86_64-linux-gnu/libc.so.6
vfork@GLIBC_2.2.5                                 /lib/x86_64-linux-gnu/libc.so.6
vfscanf                                           /lib/x86_64-linux-gnu/libc.so.6
vfscanf@@GLIBC_2.2.5                              /lib/x86_64-linux-gnu/libc.so.6
vfscanf@GLIBC_2.2.5                               /lib/x86_64-linux-gnu/libc.so.6
vfwprintf                                         /lib/x86_64-linux-gnu/libc.so.6
vfwprintf@@GLIBC_2.2.5                            /lib/x86_64-linux-gnu/libc.so.6
vfwprintf@GLIBC_2.2.5                             /lib/x86_64-linux-gnu/libc.so.6
vfwscanf                                          /lib/x86_64-linux-gnu/libc.so.6
vfwscanf@@GLIBC_2.2.5                             /lib/x86_64-linux-gnu/libc.so.6
vfwscanf@GLIBC_2.2.5                              /lib/x86_64-linux-gnu/libc.so.6
vscanf                                            /lib/x86_64-linux-gnu/libc.so.6
vscanf@@GLIBC_2.2.5                               /lib/x86_64-linux-gnu/libc.so.6
vscanf@GLIBC_2.2.5                                /lib/x86_64-linux-gnu/libc.so.6
vsnprintf                                         /lib/x86_64-linux-gnu/libc.so.6
vsnprintf@@GLIBC_2.2.5                            /lib/x86_64-linux-gnu/libc.so.6
vsnprintf@GLIBC_2.2.5                             /lib/x86_64-linux-gnu/libc.so.6
vsprintf                                          /lib/x86_64-linux-gnu/libc.so.6
vsprintf@@GLIBC_2.2.5                             /lib/x86_64-linux-gnu/libc.so.6
vsprintf@GLIBC_2.2.5                              /lib/x86_64-linux-gnu/libc.so.6
vsscanf                                           /lib/x86_64-linux-gnu/libc.so.6
vsscanf@@GLIBC_2.2.5                              /lib/x86_64-linux-gnu/libc.so.6
vsscanf@GLIBC_2.2.5                               /lib/x86_64-linux-gnu/libc.so.6
vswprintf                                         /lib/x86_64-linux-gnu/libc.so.6
vswprintf@@GLIBC_2.2.5                            /lib/x86_64-linux-gnu/libc.so.6
vswprintf@GLIBC_2.2.5                             /lib/x86_64-linux-gnu/libc.so.6
wait                                              /lib/x86_64-linux-gnu/libc.so.6
wait3                                             /lib/x86_64-linux-gnu/libc.so.6
wait3@@GLIBC_2.2.5                                /lib/x86_64-linux-gnu/libc.so.6
wait3@GLIBC_2.2.5                                 /lib/x86_64-linux-gnu/libc.so.6
wait4                                             /lib/x86_64-linux-gnu/libc.so.6
wait4@@GLIBC_2.2.5                                /lib/x86_64-linux-gnu/libc.so.6
wait4@GLIBC_2.2.5                                 /lib/x86_64-linux-gnu/libc.so.6
wait@@GLIBC_2.2.5                                 /lib/x86_64-linux-gnu/libc.so.6
wait@GLIBC_2.2.5                                  /lib/x86_64-linux-gnu/libc.so.6
waitid                                            /lib/x86_64-linux-gnu/libc.so.6
waitid@@GLIBC_2.2.5                               /lib/x86_64-linux-gnu/libc.so.6
waitid@GLIBC_2.2.5                                /lib/x86_64-linux-gnu/libc.so.6
waitpid                                           /lib/x86_64-linux-gnu/libc.so.6
waitpid@@GLIBC_2.2.5                              /lib/x86_64-linux-gnu/libc.so.6
waitpid@GLIBC_2.2.5                               /lib/x86_64-linux-gnu/libc.so.6
wcpcpy                                            /lib/x86_64-linux-gnu/libc.so.6
wcpcpy@@GLIBC_2.2.5                               /lib/x86_64-linux-gnu/libc.so.6
wcpcpy@GLIBC_2.2.5                                /lib/x86_64-linux-gnu/libc.so.6
wcpncpy                                           /lib/x86_64-linux-gnu/libc.so.6
wcpncpy@@GLIBC_2.2.5                              /lib/x86_64-linux-gnu/libc.so.6
wcpncpy@GLIBC_2.2.5                               /lib/x86_64-linux-gnu/libc.so.6
wcrtomb                                           /lib/x86_64-linux-gnu/libc.so.6
wcrtomb@@GLIBC_2.2.5                              /lib/x86_64-linux-gnu/libc.so.6
wcrtomb@GLIBC_2.2.5                               /lib/x86_64-linux-gnu/libc.so.6
wcscasecmp                                        /lib/x86_64-linux-gnu/libc.so.6
wcscasecmp@@GLIBC_2.2.5                           /lib/x86_64-linux-gnu/libc.so.6
wcscasecmp@GLIBC_2.2.5                            /lib/x86_64-linux-gnu/libc.so.6
wcscasecmp_l                                      /lib/x86_64-linux-gnu/libc.so.6
wcscasecmp_l@@GLIBC_2.3                           /lib/x86_64-linux-gnu/libc.so.6
wcscasecmp_l@GLIBC_2.3                            /lib/x86_64-linux-gnu/libc.so.6
wcscat                                            /lib/x86_64-linux-gnu/libc.so.6
wcscat@@GLIBC_2.2.5                               /lib/x86_64-linux-gnu/libc.so.6
wcscat@GLIBC_2.2.5                                /lib/x86_64-linux-gnu/libc.so.6
wcschrnul                                         /lib/x86_64-linux-gnu/libc.so.6
wcschrnul@@GLIBC_2.2.5                            /lib/x86_64-linux-gnu/libc.so.6
wcschrnul@GLIBC_2.2.5                             /lib/x86_64-linux-gnu/libc.so.6
wcscoll                                           /lib/x86_64-linux-gnu/libc.so.6
wcscoll@@GLIBC_2.2.5                              /lib/x86_64-linux-gnu/libc.so.6
wcscoll@GLIBC_2.2.5                               /lib/x86_64-linux-gnu/libc.so.6
wcscoll_l                                         /lib/x86_64-linux-gnu/libc.so.6
wcscoll_l@@GLIBC_2.3                              /lib/x86_64-linux-gnu/libc.so.6
wcscoll_l@GLIBC_2.3                               /lib/x86_64-linux-gnu/libc.so.6
wcsftime_l                                        /lib/x86_64-linux-gnu/libc.so.6
wcsftime_l@@GLIBC_2.3                             /lib/x86_64-linux-gnu/libc.so.6
wcsftime_l@GLIBC_2.3                              /lib/x86_64-linux-gnu/libc.so.6
wcslen                                            /lib/x86_64-linux-gnu/libc.so.6
wcslen@@GLIBC_2.2.5                               /lib/x86_64-linux-gnu/libc.so.6
wcslen@GLIBC_2.2.5                                /lib/x86_64-linux-gnu/libc.so.6
wcsncasecmp                                       /lib/x86_64-linux-gnu/libc.so.6
wcsncasecmp@@GLIBC_2.2.5                          /lib/x86_64-linux-gnu/libc.so.6
wcsncasecmp@GLIBC_2.2.5                           /lib/x86_64-linux-gnu/libc.so.6
wcsncasecmp_l                                     /lib/x86_64-linux-gnu/libc.so.6
wcsncasecmp_l@@GLIBC_2.3                          /lib/x86_64-linux-gnu/libc.so.6
wcsncasecmp_l@GLIBC_2.3                           /lib/x86_64-linux-gnu/libc.so.6
wcsncpy                                           /lib/x86_64-linux-gnu/libc.so.6
wcsncpy@@GLIBC_2.2.5                              /lib/x86_64-linux-gnu/libc.so.6
wcsncpy@GLIBC_2.2.5                               /lib/x86_64-linux-gnu/libc.so.6
wcsnlen                                           /lib/x86_64-linux-gnu/libc.so.6
wcsnlen@@GLIBC_2.2.5                              /lib/x86_64-linux-gnu/libc.so.6
wcsnlen@GLIBC_2.2.5                               /lib/x86_64-linux-gnu/libc.so.6
wcsnrtombs                                        /lib/x86_64-linux-gnu/libc.so.6
wcsnrtombs@@GLIBC_2.2.5                           /lib/x86_64-linux-gnu/libc.so.6
wcsnrtombs@GLIBC_2.2.5                            /lib/x86_64-linux-gnu/libc.so.6
wcsrtombs                                         /lib/x86_64-linux-gnu/libc.so.6
wcsrtombs@@GLIBC_2.2.5                            /lib/x86_64-linux-gnu/libc.so.6
wcsrtombs@GLIBC_2.2.5                             /lib/x86_64-linux-gnu/libc.so.6
wcstod_l                                          /lib/x86_64-linux-gnu/libc.so.6
wcstod_l@@GLIBC_2.3                               /lib/x86_64-linux-gnu/libc.so.6
wcstod_l@GLIBC_2.3                                /lib/x86_64-linux-gnu/libc.so.6
wcstof_l                                          /lib/x86_64-linux-gnu/libc.so.6
wcstof_l@@GLIBC_2.3                               /lib/x86_64-linux-gnu/libc.so.6
wcstof_l@GLIBC_2.3                                /lib/x86_64-linux-gnu/libc.so.6
wcstol_l                                          /lib/x86_64-linux-gnu/libc.so.6
wcstol_l@@GLIBC_2.3                               /lib/x86_64-linux-gnu/libc.so.6
wcstol_l@GLIBC_2.3                                /lib/x86_64-linux-gnu/libc.so.6
wcstold_l                                         /lib/x86_64-linux-gnu/libc.so.6
wcstold_l@@GLIBC_2.3                              /lib/x86_64-linux-gnu/libc.so.6
wcstold_l@GLIBC_2.3                               /lib/x86_64-linux-gnu/libc.so.6
wcstoll                                           /lib/x86_64-linux-gnu/libc.so.6
wcstoll@@GLIBC_2.2.5                              /lib/x86_64-linux-gnu/libc.so.6
wcstoll@GLIBC_2.2.5                               /lib/x86_64-linux-gnu/libc.so.6
wcstoll_l                                         /lib/x86_64-linux-gnu/libc.so.6
wcstoll_l@@GLIBC_2.3                              /lib/x86_64-linux-gnu/libc.so.6
wcstoll_l@GLIBC_2.3                               /lib/x86_64-linux-gnu/libc.so.6
wcstoq                                            /lib/x86_64-linux-gnu/libc.so.6
wcstoq@@GLIBC_2.2.5                               /lib/x86_64-linux-gnu/libc.so.6
wcstoq@GLIBC_2.2.5                                /lib/x86_64-linux-gnu/libc.so.6
wcstoul_l                                         /lib/x86_64-linux-gnu/libc.so.6
wcstoul_l@@GLIBC_2.3                              /lib/x86_64-linux-gnu/libc.so.6
wcstoul_l@GLIBC_2.3                               /lib/x86_64-linux-gnu/libc.so.6
wcstoull                                          /lib/x86_64-linux-gnu/libc.so.6
wcstoull@@GLIBC_2.2.5                             /lib/x86_64-linux-gnu/libc.so.6
wcstoull@GLIBC_2.2.5                              /lib/x86_64-linux-gnu/libc.so.6
wcstoull_l                                        /lib/x86_64-linux-gnu/libc.so.6
wcstoull_l@@GLIBC_2.3                             /lib/x86_64-linux-gnu/libc.so.6
wcstoull_l@GLIBC_2.3                              /lib/x86_64-linux-gnu/libc.so.6
wcstouq                                           /lib/x86_64-linux-gnu/libc.so.6
wcstouq@@GLIBC_2.2.5                              /lib/x86_64-linux-gnu/libc.so.6
wcstouq@GLIBC_2.2.5                               /lib/x86_64-linux-gnu/libc.so.6
wcswcs                                            /lib/x86_64-linux-gnu/libc.so.6
wcswcs@@GLIBC_2.2.5                               /lib/x86_64-linux-gnu/libc.so.6
wcswcs@GLIBC_2.2.5                                /lib/x86_64-linux-gnu/libc.so.6
wcsxfrm_l                                         /lib/x86_64-linux-gnu/libc.so.6
wcsxfrm_l@@GLIBC_2.3                              /lib/x86_64-linux-gnu/libc.so.6
wcsxfrm_l@GLIBC_2.3                               /lib/x86_64-linux-gnu/libc.so.6
wctrans                                           /lib/x86_64-linux-gnu/libc.so.6
wctrans@@GLIBC_2.2.5                              /lib/x86_64-linux-gnu/libc.so.6
wctrans@GLIBC_2.2.5                               /lib/x86_64-linux-gnu/libc.so.6
wctrans_l                                         /lib/x86_64-linux-gnu/libc.so.6
wctrans_l@@GLIBC_2.3                              /lib/x86_64-linux-gnu/libc.so.6
wctrans_l@GLIBC_2.3                               /lib/x86_64-linux-gnu/libc.so.6
wctype                                            /lib/x86_64-linux-gnu/libc.so.6
wctype@@GLIBC_2.2.5                               /lib/x86_64-linux-gnu/libc.so.6
wctype@GLIBC_2.2.5                                /lib/x86_64-linux-gnu/libc.so.6
wctype_l                                          /lib/x86_64-linux-gnu/libc.so.6
wctype_l@@GLIBC_2.3                               /lib/x86_64-linux-gnu/libc.so.6
wctype_l@GLIBC_2.3                                /lib/x86_64-linux-gnu/libc.so.6
wmemcpy                                           /lib/x86_64-linux-gnu/libc.so.6
wmemcpy@@GLIBC_2.2.5                              /lib/x86_64-linux-gnu/libc.so.6
wmemcpy@GLIBC_2.2.5                               /lib/x86_64-linux-gnu/libc.so.6
wmemmove                                          /lib/x86_64-linux-gnu/libc.so.6
wmemmove@@GLIBC_2.2.5                             /lib/x86_64-linux-gnu/libc.so.6
wmemmove@GLIBC_2.2.5                              /lib/x86_64-linux-gnu/libc.so.6
wmempcpy                                          /lib/x86_64-linux-gnu/libc.so.6
wmempcpy@@GLIBC_2.2.5                             /lib/x86_64-linux-gnu/libc.so.6
wmempcpy@GLIBC_2.2.5                              /lib/x86_64-linux-gnu/libc.so.6
write                                             /lib/x86_64-linux-gnu/libc.so.6
write@@GLIBC_2.2.5                                /lib/x86_64-linux-gnu/libc.so.6
write@GLIBC_2.2.5                                 /lib/x86_64-linux-gnu/libc.so.6
writev                                            /lib/x86_64-linux-gnu/libc.so.6
writev@@GLIBC_2.2.5                               /lib/x86_64-linux-gnu/libc.so.6
writev@GLIBC_2.2.5                                /lib/x86_64-linux-gnu/libc.so.6
